08-17 04:31:28.255   572   846 W InputReader: Device virtio_input_multi_touch_6 is associated with display ADISPLAY_ID_NONE.
08-17 04:31:28.304   762   833 D EGL_emulation: app_time_stats: avg=160.84ms min=2.71ms max=2034.25ms count=14
08-17 04:31:28.305   762   833 D EGL_emulation: app_time_stats: avg=162.84ms min=1.30ms max=2031.42ms count=14
08-17 04:31:28.322   916  1688 D EGL_emulation: app_time_stats: avg=31.71ms min=1.87ms max=399.08ms count=31
08-17 04:31:29.004   374   374 E android.hardware.power.stats@1.0-service-mock: Failed to getEnergyData
08-17 04:31:29.021   916   916 D TaplEvents: Main / Touch event: MotionEvent { action=ACTION_UP, actionButton=0, id[0]=0, x[0]=881.94946, y[0]=273.93677, toolType[0]=TOOL_TYPE_FINGER, buttonState=0, classification=NONE, metaState=META_NUM_LOCK_ON, flags=0x0, edgeFlags=0x0, pointerCount=1, historySize=0, eventTime=3264036, downTime=3262213, deviceId=7, source=0x1002, displayId=0, eventId=1031393331 }
08-17 04:31:29.339   572  2600 I ActivityTaskManager: START u0 {act=android.intent.action.DELETE dat=package:com.example.superreflection flg=0x10800000 cmp=com.google.android.packageinstaller/com.android.packageinstaller.UninstallerActivity (has extras)} from uid 10163
08-17 04:31:29.346   916   916 D SecondaryDropTarget: start uninstall activity com.example.superreflection
08-17 04:31:29.349   572  2600 W ActivityTaskManager: Tried to set launchTime (0) < mLastActivityLaunchTime (3260891)
08-17 04:31:29.349   572  2600 W InputReader: Device virtio_input_multi_touch_7 is associated with display ADISPLAY_ID_NONE.
08-17 04:31:29.349   572  2600 W InputReader: Device virtio_input_multi_touch_10 is associated with display ADISPLAY_ID_NONE.
08-17 04:31:29.349   572  2600 W InputReader: Device virtio_input_multi_touch_11 is associated with display ADISPLAY_ID_NONE.
08-17 04:31:29.350   572  2600 W InputReader: Device virtio_input_multi_touch_3 is associated with display ADISPLAY_ID_NONE.
08-17 04:31:29.350   572  2600 W InputReader: Device virtio_input_multi_touch_2 is associated with display ADISPLAY_ID_NONE.
08-17 04:31:29.350   572  2600 W InputReader: Device virtio_input_multi_touch_8 is associated with display ADISPLAY_ID_NONE.
08-17 04:31:29.350   572  2600 W InputReader: Device virtio_input_multi_touch_4 is associated with display ADISPLAY_ID_NONE.
08-17 04:31:29.350   572  2600 W InputReader: Device virtio_input_multi_touch_9 is associated with display ADISPLAY_ID_NONE.
08-17 04:31:29.350   572  2600 W InputReader: Device virtio_input_multi_touch_5 is associated with display ADISPLAY_ID_NONE.
08-17 04:31:29.350   572  2600 W InputReader: Device virtio_input_multi_touch_6 is associated with display ADISPLAY_ID_NONE.
08-17 04:31:29.350   572  2600 W InputReader: Device virtio_input_multi_touch_7 is associated with display ADISPLAY_ID_NONE.
08-17 04:31:29.350   572  2600 W InputReader: Device virtio_input_multi_touch_10 is associated with display ADISPLAY_ID_NONE.
08-17 04:31:29.350   572  2600 W InputReader: Device virtio_input_multi_touch_11 is associated with display ADISPLAY_ID_NONE.
08-17 04:31:29.350   572  2600 W InputReader: Device virtio_input_multi_touch_3 is associated with display ADISPLAY_ID_NONE.
08-17 04:31:29.350   572  2600 W InputReader: Device virtio_input_multi_touch_2 is associated with display ADISPLAY_ID_NONE.
08-17 04:31:29.350   572  2600 W InputReader: Device virtio_input_multi_touch_8 is associated with display ADISPLAY_ID_NONE.
08-17 04:31:29.350   572  2600 W InputReader: Device virtio_input_multi_touch_4 is associated with display ADISPLAY_ID_NONE.
08-17 04:31:29.350   572  2600 W InputReader: Device virtio_input_multi_touch_9 is associated with display ADISPLAY_ID_NONE.
08-17 04:31:29.350   572  2600 W InputReader: Device virtio_input_multi_touch_5 is associated with display ADISPLAY_ID_NONE.
08-17 04:31:29.350   572  2600 W InputReader: Device virtio_input_multi_touch_6 is associated with display ADISPLAY_ID_NONE.
08-17 04:31:29.350   916  1688 D EGL_emulation: app_time_stats: avg=13.85ms min=1.34ms max=318.51ms count=39
08-17 04:31:29.378   362   385 D goldfish-address-space: claimShared: Ask to claim region [0x3f5dbb000 0x3f60eb000]
08-17 04:31:29.381   362   385 D goldfish-address-space: claimShared: Ask to claim region [0x3f60eb000 0x3f641b000]
08-17 04:31:29.386   362   385 D goldfish-address-space: claimShared: Ask to claim region [0x3f641b000 0x3f674b000]
08-17 04:31:29.392   362   385 D goldfish-address-space: claimShared: Ask to claim region [0x3f7e0e000 0x3f7f44000]
08-17 04:31:29.394   362   385 D goldfish-address-space: claimShared: Ask to claim region [0x3f674b000 0x3f6881000]
08-17 04:31:29.396   362   385 D goldfish-address-space: claimShared: Ask to claim region [0x3f6881000 0x3f69b7000]
08-17 04:31:29.405   572   605 I ActivityTaskManager: Displayed com.google.android.packageinstaller/com.android.packageinstaller.UninstallerActivity: +59ms
08-17 04:31:29.408   362   385 D goldfish-address-space: claimShared: Ask to claim region [0x3f69b7000 0x3f6ce7000]
08-17 04:31:29.414   362   385 D goldfish-address-space: claimShared: Ask to claim region [0x3f6ce7000 0x3f7017000]
08-17 04:31:29.419   362   385 D goldfish-address-space: claimShared: Ask to claim region [0x3f7017000 0x3f7347000]
08-17 04:31:29.426   362   385 D goldfish-address-space: claimShared: Ask to claim region [0x3f7347000 0x3f747d000]
08-17 04:31:29.429   362   385 D goldfish-address-space: claimShared: Ask to claim region [0x3f747d000 0x3f75b3000]
08-17 04:31:29.458   400   717 D AF::TrackHandle: OpPlayAudio: track:55 usage:13 not muted
08-17 04:31:29.458   400   717 D AF::TrackHandle: OpPlayAudio: track:55 usage:13 not muted
08-17 04:31:29.459   400   717 D AF::TrackHandle: OpPlayAudio: track:55 usage:13 not muted
08-17 04:31:29.459   400   717 D AF::TrackHandle: OpPlayAudio: track:55 usage:13 not muted
08-17 04:31:29.460   400   717 D AF::TrackHandle: OpPlayAudio: track:55 usage:13 not muted
08-17 04:31:29.460   400   504 D AF::TrackHandle: OpPlayAudio: track:55 usage:13 not muted
08-17 04:31:29.461   400   504 D AF::TrackHandle: OpPlayAudio: track:55 usage:13 not muted
08-17 04:31:29.461   400   504 D AF::TrackHandle: OpPlayAudio: track:55 usage:13 not muted
08-17 04:31:29.461   400   504 D AF::TrackHandle: OpPlayAudio: track:55 usage:13 not muted
08-17 04:31:29.462   400   504 D AF::TrackHandle: OpPlayAudio: track:55 usage:13 not muted
08-17 04:31:29.462   400   504 D AF::TrackHandle: OpPlayAudio: track:55 usage:13 not muted
08-17 04:31:29.463   400   504 D AF::TrackHandle: OpPlayAudio: track:55 usage:13 not muted
08-17 04:31:29.463   400   504 D AF::TrackHandle: OpPlayAudio: track:55 usage:13 not muted
08-17 04:31:29.463   400   504 D AF::TrackHandle: OpPlayAudio: track:55 usage:13 not muted
08-17 04:31:29.464   400   504 D AF::TrackHandle: OpPlayAudio: track:55 usage:13 not muted
08-17 04:31:29.464   400   504 D AF::TrackHandle: OpPlayAudio: track:55 usage:13 not muted
08-17 04:31:29.505   572  2603 W InputReader: Device virtio_input_multi_touch_7 is associated with display ADISPLAY_ID_NONE.
08-17 04:31:29.505   572  2603 W InputReader: Device virtio_input_multi_touch_10 is associated with display ADISPLAY_ID_NONE.
08-17 04:31:29.505   572  2603 W InputReader: Device virtio_input_multi_touch_11 is associated with display ADISPLAY_ID_NONE.
08-17 04:31:29.505   572  2603 W InputReader: Device virtio_input_multi_touch_3 is associated with display ADISPLAY_ID_NONE.
08-17 04:31:29.505   572  2603 W InputReader: Device virtio_input_multi_touch_2 is associated with display ADISPLAY_ID_NONE.
08-17 04:31:29.505   572  2603 W InputReader: Device virtio_input_multi_touch_8 is associated with display ADISPLAY_ID_NONE.
08-17 04:31:29.505   572  2603 W InputReader: Device virtio_input_multi_touch_4 is associated with display ADISPLAY_ID_NONE.
08-17 04:31:29.505   572  2603 W InputReader: Device virtio_input_multi_touch_9 is associated with display ADISPLAY_ID_NONE.
08-17 04:31:29.505   572  2603 W InputReader: Device virtio_input_multi_touch_5 is associated with display ADISPLAY_ID_NONE.
08-17 04:31:29.505   572  2603 W InputReader: Device virtio_input_multi_touch_6 is associated with display ADISPLAY_ID_NONE.
08-17 04:31:30.240  6498  6498 I UninstallerActivity: Uninstalling extras=Bundle[{com.android.packageinstaller.extra.APP_LABEL=SuperReflection, com.android.packageinstaller.applicationInfo=ApplicationInfo{938149b com.example.superreflection}, android.intent.extra.UNINSTALL_ALL_USERS=false, com.android.packageinstaller.extra.UNINSTALL_ID=-2147483646}]
08-17 04:31:30.242   572   606 I ActivityManager: Force stopping com.example.superreflection appid=10179 user=0: deletePackageX
08-17 04:31:30.242  6498  6727 D OpenGLRenderer: endAllActiveAnimators on 0x791f2987be80 (RippleDrawable) with handle 0x791e398afd90
08-17 04:31:30.243   572  2603 W InputManager-JNI: Input channel object '98576f3 com.google.android.packageinstaller/com.android.packageinstaller.UninstallerActivity (client)' was disposed without first being removed with the input manager!
08-17 04:31:30.252   362   385 D goldfish-address-space: claimShared: Ask to claim region [0x3f5dbb000 0x3f63be000]
08-17 04:31:30.269   404   404 E ClientCache: failed to get buffer, invalid buffer id
08-17 04:31:30.269   404   404 E ClientCache: failed to register erased recipient, could not retrieve buffer
08-17 04:31:30.304   572  2600 W InputReader: Device virtio_input_multi_touch_7 is associated with display ADISPLAY_ID_NONE.
08-17 04:31:30.304   572  2600 W InputReader: Device virtio_input_multi_touch_10 is associated with display ADISPLAY_ID_NONE.
08-17 04:31:30.304   572  2600 W InputReader: Device virtio_input_multi_touch_11 is associated with display ADISPLAY_ID_NONE.
08-17 04:31:30.304   572  2600 W InputReader: Device virtio_input_multi_touch_3 is associated with display ADISPLAY_ID_NONE.
08-17 04:31:30.304   572  2600 W InputReader: Device virtio_input_multi_touch_2 is associated with display ADISPLAY_ID_NONE.
08-17 04:31:30.304   572  2600 W InputReader: Device virtio_input_multi_touch_8 is associated with display ADISPLAY_ID_NONE.
08-17 04:31:30.304   572  2600 W InputReader: Device virtio_input_multi_touch_4 is associated with display ADISPLAY_ID_NONE.
08-17 04:31:30.304   572  2600 W InputReader: Device virtio_input_multi_touch_9 is associated with display ADISPLAY_ID_NONE.
08-17 04:31:30.304   572  2600 W InputReader: Device virtio_input_multi_touch_5 is associated with display ADISPLAY_ID_NONE.
08-17 04:31:30.304   572  2600 W InputReader: Device virtio_input_multi_touch_6 is associated with display ADISPLAY_ID_NONE.
08-17 04:31:30.304   572  2600 W InputReader: Device virtio_input_multi_touch_7 is associated with display ADISPLAY_ID_NONE.
08-17 04:31:30.304   572  2600 W InputReader: Device virtio_input_multi_touch_10 is associated with display ADISPLAY_ID_NONE.
08-17 04:31:30.304   572  2600 W InputReader: Device virtio_input_multi_touch_11 is associated with display ADISPLAY_ID_NONE.
08-17 04:31:30.305   572  2600 W InputReader: Device virtio_input_multi_touch_3 is associated with display ADISPLAY_ID_NONE.
08-17 04:31:30.305   572  2600 W InputReader: Device virtio_input_multi_touch_2 is associated with display ADISPLAY_ID_NONE.
08-17 04:31:30.305   572  2600 W InputReader: Device virtio_input_multi_touch_8 is associated with display ADISPLAY_ID_NONE.
08-17 04:31:30.305   572  2600 W InputReader: Device virtio_input_multi_touch_4 is associated with display ADISPLAY_ID_NONE.
08-17 04:31:30.305   572  2600 W InputReader: Device virtio_input_multi_touch_9 is associated with display ADISPLAY_ID_NONE.
08-17 04:31:30.305   572  2600 W InputReader: Device virtio_input_multi_touch_5 is associated with display ADISPLAY_ID_NONE.
08-17 04:31:30.305   572  2600 W InputReader: Device virtio_input_multi_touch_6 is associated with display ADISPLAY_ID_NONE.
08-17 04:31:30.305   572   627 D PackageManager: Instant App installer not found with android.intent.action.INSTALL_INSTANT_APP_PACKAGE
08-17 04:31:30.305   572   627 D PackageManager: Clear ephemeral installer activity
08-17 04:31:30.327  1334  1334 I GoogleInputMethodService: GoogleInputMethodService.onFinishInput():3341 
08-17 04:31:30.327  1334  1334 I GoogleInputMethodService: GoogleInputMethodService.onStartInput():1906 
08-17 04:31:30.331   572   846 W ActivityManager: Unable to start service Intent { act=android.service.appprediction.AppPredictionService cmp=com.google.android.as/com.google.android.apps.miphone.aiai.app.AiAiPredictionService } U=0: not found
08-17 04:31:30.331   572   846 W RemoteAppPredictionService: could not bind to Intent { act=android.service.appprediction.AppPredictionService cmp=com.google.android.as/com.google.android.apps.miphone.aiai.app.AiAiPredictionService } using flags 67112961
08-17 04:31:30.333   762   816 V PipMenuActController: Not going to move PiP, either menu or its parent is not created.
08-17 04:31:30.333   572  2600 W ActivityManager: Unable to start service Intent { act=android.service.appprediction.AppPredictionService cmp=com.google.android.as/com.google.android.apps.miphone.aiai.app.AiAiPredictionService } U=0: not found
08-17 04:31:30.333   572  2600 W RemoteAppPredictionService: could not bind to Intent { act=android.service.appprediction.AppPredictionService cmp=com.google.android.as/com.google.android.apps.miphone.aiai.app.AiAiPredictionService } using flags 67112961
08-17 04:31:30.348   572  2600 W InputManager-JNI: Input channel object '5287eba com.google.android.packageinstaller/com.android.packageinstaller.UninstallerActivity (client)' was disposed without first being removed with the input manager!
08-17 04:31:30.349  6899  6968 W DynamiteModule: Local module descriptor class for providerinstaller not found.
08-17 04:31:30.350  1135  2244 W ProviderHelper: Unknown dynamite feature providerinstaller
08-17 04:31:30.352   916  1688 D EGL_emulation: app_time_stats: avg=29.99ms min=0.82ms max=507.21ms count=24
08-17 04:31:30.373  6899  6968 W ProviderInstaller: Failed to load providerinstaller module: No acceptable module found. Local version is 0 and remote version is 0.
08-17 04:31:30.384   404   404 E ClientCache: failed to get buffer, invalid buffer id
08-17 04:31:30.384   404   404 E ClientCache: failed to register erased recipient, could not retrieve buffer
08-17 04:31:30.387  6899  6968 D nativeloader: classloader namespace configured for unbundled product apk. library_path=/product/priv-app/PrebuiltGmsCore/lib/x86_64:/product/priv-app/PrebuiltGmsCore/PrebuiltGmsCore.apk!/lib/x86_64:/product/lib64:/system/product/lib64
08-17 04:31:30.391  6899  6968 V NativeCrypto: Registering com/google/android/gms/org/conscrypt/NativeCrypto's 287 native methods...
08-17 04:31:30.404  6899  6968 I ProviderInstaller: Installed default security provider GmsCore_OpenSSL
08-17 04:31:30.410   400   717 D AF::TrackHandle: OpPlayAudio: track:55 usage:13 not muted
08-17 04:31:30.411   400   717 D AF::TrackHandle: OpPlayAudio: track:55 usage:13 not muted
08-17 04:31:30.411   400   717 D AF::TrackHandle: OpPlayAudio: track:55 usage:13 not muted
08-17 04:31:30.411   400   717 D AF::TrackHandle: OpPlayAudio: track:55 usage:13 not muted
08-17 04:31:30.412   400   717 D AF::TrackHandle: OpPlayAudio: track:55 usage:13 not muted
08-17 04:31:30.412   400   717 D AF::TrackHandle: OpPlayAudio: track:55 usage:13 not muted
08-17 04:31:30.413   400   717 D AF::TrackHandle: OpPlayAudio: track:55 usage:13 not muted
08-17 04:31:30.413   400   717 D AF::TrackHandle: OpPlayAudio: track:55 usage:13 not muted
08-17 04:31:30.413   400   717 D AF::TrackHandle: OpPlayAudio: track:55 usage:13 not muted
08-17 04:31:30.414   400   717 D AF::TrackHandle: OpPlayAudio: track:55 usage:13 not muted
08-17 04:31:30.414   400   717 D AF::TrackHandle: OpPlayAudio: track:55 usage:13 not muted
08-17 04:31:30.415   400   717 D AF::TrackHandle: OpPlayAudio: track:55 usage:13 not muted
08-17 04:31:30.415   400   717 D AF::TrackHandle: OpPlayAudio: track:55 usage:13 not muted
08-17 04:31:30.416   400   717 D AF::TrackHandle: OpPlayAudio: track:55 usage:13 not muted
08-17 04:31:30.416   400   717 D AF::TrackHandle: OpPlayAudio: track:55 usage:13 not muted
08-17 04:31:30.417   400   717 D AF::TrackHandle: OpPlayAudio: track:55 usage:13 not muted
08-17 04:31:30.421   572   627 I system_server: Explicit concurrent copying GC freed 186457(10MB) AllocSpace objects, 52(2760KB) LOS objects, 50% free, 17MB/34MB, paused 301us total 114.486ms
08-17 04:31:30.426   572   627 I ActivityManager: Force stopping com.example.superreflection appid=10179 user=0: pkg removed
08-17 04:31:30.432  6498  6498 I UninstallFinish: Uninstall finished extras=Bundle[{android.content.pm.extra.STATUS=0, android.content.pm.extra.PACKAGE_NAME=com.example.superreflection, com.android.packageinstaller.extra.APP_LABEL=SuperReflection, com.android.packageinstaller.applicationInfo=ApplicationInfo{44e17e4 com.example.superreflection}, android.intent.extra.UNINSTALL_ALL_USERS=false, android.content.pm.extra.LEGACY_STATUS=1, com.android.packageinstaller.extra.UNINSTALL_ID=-2147483646, android.content.pm.extra.STATUS_MESSAGE=DELETE_SUCCEEDED}]
08-17 04:31:30.435  6498  6498 D CompatibilityChangeReporter: Compat change id reported: 147798919; UID 10090; state: ENABLED
08-17 04:31:30.435  1472  1472 I MediaProvider: Invalidating LocalCallingIdentity cache for package com.example.superreflection. Reason: package android.intent.action.PACKAGE_REMOVED
08-17 04:31:30.438   572   662 I InputReader: Reconfiguring input devices, changes=KEYBOARD_LAYOUTS | 
08-17 04:31:30.438   572   658 I RoleService: Granting default roles...
08-17 04:31:30.439  2862  2862 I GsaVoiceInteractionSrv: O received Intent { act=android.intent.action.PACKAGE_REMOVED dat=package:com.example.superreflection flg=0x4000010 (has extras) }
08-17 04:31:30.441   746   746 V MediaPlayerList: mPackageChangedBroadcastReceiver: action: android.intent.action.PACKAGE_REMOVED
08-17 04:31:30.451   572   606 W BroadcastQueue: Background execution not allowed: receiving Intent { act=android.intent.action.PACKAGE_REMOVED dat=package:com.example.superreflection flg=0x4000010 (has extras) } to com.android.musicfx/.Compatibility$Receiver
08-17 04:31:30.451   572   606 W BroadcastQueue: Background execution not allowed: receiving Intent { act=android.intent.action.PACKAGE_REMOVED dat=package:com.example.superreflection flg=0x4000010 (has extras) } to com.google.android.apps.maps/com.google.android.libraries.social.peoplekit.thirdparty.viewcontrollers.ThirdPartyReceiver
08-17 04:31:30.451   572   606 W BroadcastQueue: Background execution not allowed: receiving Intent { act=android.intent.action.PACKAGE_REMOVED dat=package:com.example.superreflection flg=0x4000010 (has extras) } to com.google.android.apps.photos/com.google.android.libraries.social.peoplekit.thirdparty.viewcontrollers.ThirdPartyReceiver
08-17 04:31:30.451   572   606 W BroadcastQueue: Background execution not allowed: receiving Intent { act=android.intent.action.PACKAGE_REMOVED dat=package:com.example.superreflection flg=0x4000010 (has extras) } to com.google.android.gms/.games.chimera.GamesSystemBroadcastReceiverProxy
08-17 04:31:30.451   572   606 W BroadcastQueue: Background execution not allowed: receiving Intent { act=android.intent.action.PACKAGE_REMOVED dat=package:com.example.superreflection flg=0x4000010 (has extras) } to com.google.android.gms/.chimera.GmsIntentOperationService$PersistentTrustedReceiver
08-17 04:31:30.451   572   606 W BroadcastQueue: Background execution not allowed: receiving Intent { act=android.intent.action.PACKAGE_REMOVED dat=package:com.example.superreflection flg=0x4000010 (has extras) } to com.google.android.googlequicksearchbox/com.google.android.apps.gsa.googlequicksearchbox.GelStubAppWatcher
08-17 04:31:30.452   572   672 V StorageManagerService: Package com.example.superreflection does not have legacy storage
08-17 04:31:30.453   572   606 D CompatibilityChangeReporter: Compat change id reported: 168419799; UID 10156; state: DISABLED
08-17 04:31:30.458   572   572 W WifiService: Couldn't get PackageInfo for package:com.example.superreflection
08-17 04:31:30.458   572   572 D WifiService: Remove settings for package:com.example.superreflection
08-17 04:31:30.459   572   696 D WifiConfigManager: Remove all networks for app ApplicationInfo{e281a2 com.example.superreflection}
08-17 04:31:30.462   572   572 E PermissionMonitor: unknown permission type: -1for uid: 10179
08-17 04:31:30.462   340   340 I netd    : trafficSetNetPermForUids(-1, [10179]) <0.01ms>
08-17 04:31:30.464   572   572 I Telecom : CarModeTracker: Package com.example.superreflection is not tracked.: SSH.oR@ARI
08-17 04:31:30.464   572   572 I Telecom : InCallController: updateCarModeForConnections: car mode apps: : SSH.oR@ARI
08-17 04:31:30.464   572   572 W WifiService: Couldn't get PackageInfo for package:com.example.superreflection
08-17 04:31:30.464   572   572 D WifiService: Remove settings for package:com.example.superreflection
08-17 04:31:30.468   572   572 I NotificationService: Cannot find enqueued record for key: 0|com.google.android.packageinstaller|-2147483646|null|10090
08-17 04:31:30.470   572   572 D CompatibilityChangeReporter: Compat change id reported: 168419799; UID 10152; state: DISABLED
08-17 04:31:30.471   572   572 I ConditionProviders: Disallowing condition provider com.example.superreflection (userSet: true)
08-17 04:31:30.473   572   595 D CompanionDeviceManagerService: onPackageRemoved(packageName = com.example.superreflection, uid = 10179)
08-17 04:31:30.473   572   692 W BestClock: java.time.DateTimeException: Missing NTP fix
08-17 04:31:30.474   572   653 I RollbackManager: broadcast=ACTION_PACKAGE_FULLY_REMOVED pkg=com.example.superreflection
08-17 04:31:30.474   572   595 I CompanionDeviceManagerService: Updating associations: []  -->  []
08-17 04:31:30.476   572   696 D WifiConfigStore: Writing to stores completed in 13 ms.
08-17 04:31:30.476   572   696 I PasspointManager: No app ops listener found for com.example.superreflection
08-17 04:31:30.476   572   696 D WifiConfigManager: Remove all networks for app ApplicationInfo{c1fec50 com.example.superreflection}
08-17 04:31:30.478   916   916 D Launcher.Model: package removed received com.example.superreflection
08-17 04:31:30.478   916   957 D PackageUpdatedTask: Removing app iconcom.example.superreflection
08-17 04:31:30.485   572  2596 D CompatibilityChangeReporter: Compat change id reported: 168419799; UID 10100; state: DISABLED
08-17 04:31:30.487   916   957 D ModelWriter: removing items from db 
08-17 04:31:30.487   916   957 D ModelWriter: java.lang.Exception
08-17 04:31:30.487   916   957 D ModelWriter: 	at com.android.launcher3.model.ModelWriter.deleteItemsFromDatabase(SourceFile:8)
08-17 04:31:30.487   916   957 D ModelWriter: 	at com.android.launcher3.model.ModelWriter.deleteItemsFromDatabase(SourceFile:4)
08-17 04:31:30.487   916   957 D ModelWriter: 	at com.android.launcher3.model.BaseModelUpdateTask.deleteAndBindComponentsRemoved(SourceFile:1)
08-17 04:31:30.487   916   957 D ModelWriter: 	at com.android.launcher3.model.PackageUpdatedTask.execute(SourceFile:80)
08-17 04:31:30.487   916   957 D ModelWriter: 	at com.android.launcher3.model.BaseModelUpdateTask.run(SourceFile:2)
08-17 04:31:30.487   916   957 D ModelWriter: 	at android.os.Handler.handleCallback(Handler.java:938)
08-17 04:31:30.487   916   957 D ModelWriter: 	at android.os.Handler.dispatchMessage(Handler.java:99)
08-17 04:31:30.487   916   957 D ModelWriter: 	at android.os.Looper.loopOnce(Looper.java:201)
08-17 04:31:30.487   916   957 D ModelWriter: 	at android.os.Looper.loop(Looper.java:288)
08-17 04:31:30.487   916   957 D ModelWriter: 	at android.os.HandlerThread.run(HandlerThread.java:67)
08-17 04:31:30.490  6857  6894 I ProvidersCache: Provider returned no roots. Possibly naughty: com.google.android.apps.docs.storage
08-17 04:31:30.491   340   340 I netd    : trafficSwapActiveStatsMap() <17.60ms>
08-17 04:31:30.492   572   846 D CompatibilityChangeReporter: Compat change id reported: 168419799; UID 10133; state: DISABLED
08-17 04:31:30.492   572   696 D WifiConfigStore: Writing to stores completed in 15 ms.
08-17 04:31:30.492   572   696 I PasspointManager: No app ops listener found for com.example.superreflection
08-17 04:31:30.493   340   340 I netd    : tetherGetStats() -> {[]} <0.72ms>
08-17 04:31:30.494   400   717 D AF::TrackHandle: OpPlayAudio: track:55 usage:13 not muted
08-17 04:31:30.494   572   692 W BestClock: java.time.DateTimeException: Missing NTP fix
08-17 04:31:30.494   400   717 D AF::TrackHandle: OpPlayAudio: track:55 usage:13 not muted
08-17 04:31:30.495   400   717 D AF::TrackHandle: OpPlayAudio: track:55 usage:13 not muted
08-17 04:31:30.495   400   717 D AF::TrackHandle: OpPlayAudio: track:55 usage:13 not muted
08-17 04:31:30.495   400   717 D AF::TrackHandle: OpPlayAudio: track:55 usage:13 not muted
08-17 04:31:30.496   400   717 D AF::TrackHandle: OpPlayAudio: track:55 usage:13 not muted
08-17 04:31:30.497   400   717 D AF::TrackHandle: OpPlayAudio: track:55 usage:13 not muted
08-17 04:31:30.498   400   717 D AF::TrackHandle: OpPlayAudio: track:55 usage:13 not muted
08-17 04:31:30.498   400   717 D AF::TrackHandle: OpPlayAudio: track:55 usage:13 not muted
08-17 04:31:30.499   572   693 W BestClock: java.time.DateTimeException: Missing NTP fix
08-17 04:31:30.501  1036  1036 D CarrierSvcBindHelper: No carrier app for: 0
08-17 04:31:30.502   400   717 D AF::TrackHandle: OpPlayAudio: track:55 usage:13 not muted
08-17 04:31:30.502   400   504 D AF::TrackHandle: OpPlayAudio: track:55 usage:13 not muted
08-17 04:31:30.502   400   504 D AF::TrackHandle: OpPlayAudio: track:55 usage:13 not muted
08-17 04:31:30.503   400   504 D AF::TrackHandle: OpPlayAudio: track:55 usage:13 not muted
08-17 04:31:30.503   400   504 D AF::TrackHandle: OpPlayAudio: track:55 usage:13 not muted
08-17 04:31:30.503   400   504 D AF::TrackHandle: OpPlayAudio: track:55 usage:13 not muted
08-17 04:31:30.504   400   504 D AF::TrackHandle: OpPlayAudio: track:55 usage:13 not muted
08-17 04:31:30.512  6128  6722 I ExposureNotification: Package com.example.superreflection fully removed [CONTEXT service_id=236 ]
08-17 04:31:30.516   362   385 D goldfish-address-space: claimShared: Ask to claim region [0x3f7f44000 0x3f7f86000]
08-17 04:31:30.518   362   385 D goldfish-address-space: claimShared: Ask to claim region [0x3f7f86000 0x3f7fc8000]
08-17 04:31:30.519   362   385 D goldfish-address-space: claimShared: Ask to claim region [0x3f7e0e000 0x3f7e50000]
08-17 04:31:30.523  1135  6749 I Fitness : FitCleanupIntentOperation received Intent android.intent.action.PACKAGE_REMOVED [CONTEXT service_id=17 ]
08-17 04:31:30.525  6128  6128 D BoundBrokerSvc: onBind: Intent { act=com.google.android.gms.common.BIND_SHARED_PREFS pkg=com.google.android.gms }
08-17 04:31:30.525  6128  6128 D BoundBrokerSvc: Loading bound service for intent: Intent { act=com.google.android.gms.common.BIND_SHARED_PREFS pkg=com.google.android.gms }
08-17 04:31:30.531   572   605 I CompanionDeviceManagerService: Writing associations to disk: []
08-17 04:31:30.538   362   385 D goldfish-address-space: claimShared: Ask to claim region [0x3f7f86000 0x3f7fc8000]
08-17 04:31:30.538  6128  6719 W SQLiteLog: (28) double-quoted string literal: "com.example.superreflection"
08-17 04:31:30.541   362   385 D goldfish-address-space: claimShared: Ask to claim region [0x3f7e0e000 0x3f7e50000]
08-17 04:31:30.554   572  1131 D CompatibilityChangeReporter: Compat change id reported: 168419799; UID 10093; state: DISABLED
08-17 04:31:30.556  6128  6128 D BoundBrokerSvc: onUnbind: Intent { act=com.google.android.gms.common.BIND_SHARED_PREFS pkg=com.google.android.gms }
08-17 04:31:30.556  1472  3479 I MediaProvider: Begin Intent { act=android.intent.action.PACKAGE_FULLY_REMOVED dat=package:com.example.superreflection flg=0x5000010 cmp=com.google.android.providers.media.module/com.android.providers.media.MediaService (has extras) }
08-17 04:31:30.556  1472  3479 D MediaProvider: Deleted 0 Android/media items belonging to com.example.superreflection on /data/user/0/com.google.android.providers.media.module/databases/external.db
08-17 04:31:30.557  1472  3479 I MediaProvider: End Intent { act=android.intent.action.PACKAGE_FULLY_REMOVED dat=package:com.example.superreflection flg=0x5000010 cmp=com.google.android.providers.media.module/com.android.providers.media.MediaService (has extras) }
08-17 04:31:30.557   340   340 I netd    : bandwidthRemoveInterfaceQuota(radio0) <57.44ms>
08-17 04:31:30.574  6128  6159 I Icing   : doRemovePackageData com.example.superreflection
08-17 04:31:30.577  6128  6660 I Icing   : Indexing com.google.android.gms-apps from com.google.android.gms
08-17 04:31:30.579  6128  6660 I Icing   : Indexing done com.google.android.gms-apps
08-17 04:31:30.600   340   340 I netd    : bandwidthSetInterfaceQuota(radio0, 9223372036854775807) <43.04ms>
08-17 04:31:30.601   572   693 W BestClock: java.time.DateTimeException: Missing NTP fix
08-17 04:31:30.603   572   693 W BestClock: java.time.DateTimeException: Missing NTP fix
08-17 04:31:31.957   572   668 W RuleEvaluation: Integrity rule files are not available.
08-17 04:31:31.957   572   627 I PackageManager: Integrity check passed for file:///data/app/vmdl1029678581.tmp
08-17 04:31:31.979   572   627 D PackageManager: Instant App installer not found with android.intent.action.INSTALL_INSTANT_APP_PACKAGE
08-17 04:31:31.979   572   627 D PackageManager: Clear ephemeral installer activity
08-17 04:31:31.984   572   627 V BackupManagerService: [UserID:0] restoreAtInstall pkg=com.example.superreflection token=6 restoreSet=0
08-17 04:31:31.985   572   627 V BackupManagerService: [UserID:0] Finishing install immediately
08-17 04:31:31.986   464   490 E installd: Couldn't opendir /data/app/vmdl1029678581.tmp: No such file or directory
08-17 04:31:31.986   464   490 E installd: Failed to delete /data/app/vmdl1029678581.tmp: No such file or directory
08-17 04:31:31.994   572   627 D CompatibilityChangeReporter: Compat change id reported: 168419799; UID 10180; state: DISABLED
08-17 04:31:31.996  1472  1472 I MediaProvider: Invalidating LocalCallingIdentity cache for package com.example.superreflection. Reason: package android.intent.action.PACKAGE_ADDED
08-17 04:31:32.000   572   662 I InputReader: Reconfiguring input devices, changes=KEYBOARD_LAYOUTS | 
08-17 04:31:32.001   746   746 V MediaPlayerList: mPackageChangedBroadcastReceiver: action: android.intent.action.PACKAGE_ADDED
08-17 04:31:32.001  2862  2862 I GsaVoiceInteractionSrv: O received Intent { act=android.intent.action.PACKAGE_ADDED dat=package:com.example.superreflection flg=0x4000010 (has extras) }
08-17 04:31:32.001   746   746 D MediaPlayerList: Name of package changed: com.example.superreflection
08-17 04:31:32.002   340   340 I netd    : trafficSetNetPermForUids(0, [10180]) <0.04ms>
08-17 04:31:32.005   780  6493 I PermissionControllerServiceImpl: Updating user sensitive for uid 10180
08-17 04:31:32.006   572  2596 W BroadcastQueue: Background execution not allowed: receiving Intent { act=android.intent.action.PACKAGE_ADDED dat=package:com.example.superreflection flg=0x4000010 (has extras) } to com.google.android.packageinstaller/com.android.packageinstaller.PackageInstalledReceiver
08-17 04:31:32.006   572   572 I Telecom : DefaultDialerCache: Refreshing default dialer for user 0: now com.google.android.dialer: DDC.oR@ARQ
08-17 04:31:32.010   572   572 V BackupManagerConstants: getFullBackupIntervalMilliseconds(...) returns 86400000
08-17 04:31:32.010   572   572 V BackupManagerConstants: getFullBackupRequiredNetworkType(...) returns 2
08-17 04:31:32.010   572   572 V BackupManagerConstants: getFullBackupRequireCharging(...) returns true
08-17 04:31:32.015   916  2020 E ActivityThread: Failed to find provider info for com.google.android.apps.wellbeing.api
08-17 04:31:32.018   572   606 W BroadcastQueue: Background execution not allowed: receiving Intent { act=android.intent.action.PACKAGE_ADDED dat=package:com.example.superreflection flg=0x4000010 (has extras) } to com.google.android.gms/.games.chimera.GamesSystemBroadcastReceiverProxy
08-17 04:31:32.018   572   606 W BroadcastQueue: Background execution not allowed: receiving Intent { act=android.intent.action.PACKAGE_ADDED dat=package:com.example.superreflection flg=0x4000010 (has extras) } to com.google.android.gms/.gass.chimera.PackageChangeBroadcastReceiver
08-17 04:31:32.018   572   606 W BroadcastQueue: Background execution not allowed: receiving Intent { act=android.intent.action.PACKAGE_ADDED dat=package:com.example.superreflection flg=0x4000010 (has extras) } to com.google.android.gms/.chimera.GmsIntentOperationService$PersistentTrustedReceiver
08-17 04:31:32.018   572   606 W BroadcastQueue: Background execution not allowed: receiving Intent { act=android.intent.action.PACKAGE_ADDED dat=package:com.example.superreflection flg=0x4000010 (has extras) } to com.google.android.googlequicksearchbox/com.google.android.apps.gsa.googlequicksearchbox.GelStubAppWatcher
08-17 04:31:32.022   572   658 I RoleService: Granting default roles...
08-17 04:31:32.032  6857  6894 I ProvidersCache: Provider returned no roots. Possibly naughty: com.google.android.apps.docs.storage
08-17 04:31:32.046   572   662 I InputReader: Reconfiguring input devices, changes=KEYBOARD_LAYOUTS | 
08-17 04:31:32.047   572   595 D CompanionDeviceManagerService: onPackageModified(packageName = com.example.superreflection)
08-17 04:31:32.048   780  6493 I PermissionControllerServiceImpl: Updating user sensitive for uid 10180
08-17 04:31:32.048   572   572 I Telecom : DefaultDialerCache: Refreshing default dialer for user 0: now com.google.android.dialer: DDC.oR@ARU
08-17 04:31:32.049   746   746 V MediaPlayerList: mPackageChangedBroadcastReceiver: action: android.intent.action.PACKAGE_CHANGED
08-17 04:31:32.049   746   746 D MediaPlayerList: Name of package changed: com.example.superreflection
08-17 04:31:32.054   572   605 W PackageManager: Failed registering loading progress callback. Package is fully loaded.
08-17 04:31:32.056  1036  1036 D CarrierSvcBindHelper: No carrier app for: 0
08-17 04:31:32.072  1135  7024 W GCM     : Unexpected forwarded intent: Intent { act=android.intent.action.PACKAGE_ADDED dat=package:com.example.superreflection flg=0x4000010 pkg=com.google.android.gms cmp=com.google.android.gms/.chimera.PersistentIntentOperationService (has extras) }
08-17 04:31:32.072  1135  6715 W GCM     : Unexpected forwarded intent: Intent { act=android.intent.action.PACKAGE_ADDED dat=package:com.example.superreflection flg=0x4000010 pkg=com.google.android.gms cmp=com.google.android.gms/.chimera.PersistentIntentOperationService (has extras) }
08-17 04:31:32.073  1135  6716 I FontLog : Package com.example.superreflection has no metadata [CONTEXT service_id=132 ]
08-17 04:31:32.074  6128  6719 I Auth    : [SupervisedAccountIntentOperation] onHandleIntent(): android.intent.action.PACKAGE_ADDED
08-17 04:31:32.086  6857  6894 I ProvidersCache: Provider returned no roots. Possibly naughty: com.google.android.apps.docs.storage
08-17 04:31:32.089  1135  6713 I Fitness : OnPackageChangedOperation got intent: Intent { act=android.intent.action.PACKAGE_CHANGED dat=package:com.example.superreflection flg=0x5000010 pkg=com.google.android.gms cmp=com.google.android.gms/.chimera.PersistentIntentOperationService (has extras) } [CONTEXT service_id=17 ]
08-17 04:31:32.108   916  1688 D EGL_emulation: app_time_stats: avg=291.62ms min=12.18ms max=1602.60ms count=6
08-17 04:31:32.126  6128  6128 D BoundBrokerSvc: onBind: Intent { act=com.google.android.gms.common.BIND_SHARED_PREFS pkg=com.google.android.gms }
08-17 04:31:32.126  6128  6128 D BoundBrokerSvc: Loading bound service for intent: Intent { act=com.google.android.gms.common.BIND_SHARED_PREFS pkg=com.google.android.gms }
08-17 04:31:32.134  1135  6716 I Fitness : FitCleanupIntentOperation received Intent android.intent.action.PACKAGE_CHANGED [CONTEXT service_id=17 ]
08-17 04:31:32.141  6128  6128 D BoundBrokerSvc: onUnbind: Intent { act=com.google.android.gms.common.BIND_SHARED_PREFS pkg=com.google.android.gms }
08-17 04:31:32.151  1135  6715 I Fitness : OnPackageChangedOperation got intent: Intent { act=android.intent.action.PACKAGE_CHANGED dat=package:com.example.superreflection flg=0x5000010 pkg=com.google.android.gms cmp=com.google.android.gms/.chimera.PersistentIntentOperationService (has extras) } [CONTEXT service_id=17 ]
08-17 04:31:32.153  1036  1036 D CarrierSvcBindHelper: No carrier app for: 0
08-17 04:31:32.153  1036  1036 D CarrierConfigLoader: mHandler: 9 phoneId: 0
08-17 04:31:32.160  1135  1135 I ExposureNotification: ENInternalService.onCreate, com.google.android.gms.nearby.exposurenotification.service.ExposureNotificationInternalChimeraService@c874d29 [CONTEXT service_id=236 ]
08-17 04:31:32.173  1135  1135 I ExposureNotification: ENWearableDeviceManager: regularSyncAndScheduleNext triggered [CONTEXT service_id=236 ]
08-17 04:31:32.174  1135  1135 I ExposureNotification: No active clients [CONTEXT service_id=236 ]
08-17 04:31:32.174  1135  1135 I ExposureNotification: WakeLockHelper failed to find active client package [CONTEXT service_id=236 ]
08-17 04:31:32.176  1135  2234 I ExposureNotification: ENWearableDeviceManager: regularSyncAndScheduleNext started [CONTEXT service_id=236 ]
08-17 04:31:32.176  1135  2234 I ExposureNotification: ENWearableDeviceManager: updateCachedWearableDevices find 0 devices [CONTEXT service_id=236 ]
08-17 04:31:32.176  1135  2234 I ExposureNotification: ENWearableDeviceManager: No wearable device, ignore regularSyncAndScheduleNext [CONTEXT service_id=236 ]
08-17 04:31:32.177  1135  2003 I ExposureNotification: ENInternalService.onStartCommand, Intent { act=com.google.android.gms.nearby.exposurenotification.service.ACTION_WAKE_UP cmp=com.google.android.gms/.nearby.exposurenotification.service.ExposureNotificationInternalService (has extras) }, com.google.android.gms.nearby.exposurenotification.service.ExposureNotificationInternalChimeraService@c874d29 [CONTEXT service_id=236 ]
08-17 04:31:32.179  1135  6716 I Fitness : FitCleanupIntentOperation received Intent android.intent.action.PACKAGE_CHANGED [CONTEXT service_id=17 ]
08-17 04:31:32.180  1135  2003 I ExposureNotification: AlarmManagerImpl.opportunisticSchedule called, delay=1800000ms [CONTEXT service_id=236 ]
08-17 04:31:32.180  1135  2003 I ExposureNotification: ScheduledExecutorImpl.schedule called, delay=1800000ms [CONTEXT service_id=236 ]
08-17 04:31:32.184  1135  2003 I ExposureNotification: No active clients [CONTEXT service_id=236 ]
08-17 04:31:32.184  1135  2003 I ExposureNotification: Utils#isSupported enabled=true [CONTEXT service_id=236 ]
08-17 04:31:32.184  1135  2003 I ExposureNotification: Utils#isBluetoothSupported requireMultiAdvertisement=false [CONTEXT service_id=236 ]
08-17 04:31:32.185  1135  2003 I ExposureNotification: isPrimaryUser=true, isWorkProfile=false [CONTEXT service_id=236 ]
08-17 04:31:32.186  1135  2003 I ExposureNotification: isDeviceSupported=true, isBluetoothSupported=true, BluetoothAdapter.isMultipleAdvertisementSupported=false [CONTEXT service_id=236 ]
08-17 04:31:32.187  1135  2003 I ExposureNotification: isPrimaryUser=true, isWorkProfile=false [CONTEXT service_id=236 ]
08-17 04:31:32.188  1135  2003 W ChimeraUtils: Module com.google.android.gms.nearby_en has empty metadata display_name_string_id
08-17 04:31:32.189  1135  2003 I ExposureNotification: ENInternalService.onStartCommand received intent, action=com.google.android.gms.nearby.exposurenotification.service.ACTION_WAKE_UP [CONTEXT service_id=236 ]
08-17 04:31:32.189  6128  6718 I ChimeraConfigurator: Starting update, reason: 4 urgentFeatures: pay:-1
08-17 04:31:32.189  1135  2003 I ExposureNotification: Attempting to wake up com.example.superreflection. [CONTEXT service_id=236 ]
08-17 04:31:32.195  1135  2003 I ExposureNotification: Denied com.example.superreflection:249C85C6B5D7B43FEEE1229EBF1DD7C9136D6F6A24A5D6583DAE5B3B2A8A3E81: not on whitelist [CONTEXT service_id=236 ]
08-17 04:31:32.206  6128  6159 I Icing   : Indexing com.google.android.gms-apps from com.google.android.gms
08-17 04:31:32.211  1135  2003 I ExposureNotification: com.example.superreflection is not a whitelisted EN app, skipping. [CONTEXT service_id=236 ]
08-17 04:31:32.216  6128  6159 I Icing   : Indexing done com.google.android.gms-apps
08-17 04:31:32.216  1135  2003 I ExposureNotification: No client, try to stop tracing. [CONTEXT service_id=236 ]
08-17 04:31:32.216  1135  2003 I ExposureNotification: ENInternalService.stopTracing, com.google.android.gms.nearby.exposurenotification.service.ExposureNotificationInternalChimeraService@c874d29 [CONTEXT service_id=236 ]
08-17 04:31:32.217  6128  6159 I Icing   : Indexing com.google.android.gms-apps from com.google.android.gms
08-17 04:31:32.218  6128  6718 I GmsDebugLogger: [73] 1801
08-17 04:31:32.221  6128  6159 I Icing   : Indexing done com.google.android.gms-apps
08-17 04:31:32.228  1135  2003 W ChimeraUtils: Module com.google.android.gms.nearby_en has empty metadata display_name_string_id
08-17 04:31:32.231  6128  6159 I Icing   : Indexing com.google.android.gms-apps from com.google.android.gms
08-17 04:31:32.232  6128  6159 I Icing   : Indexing done com.google.android.gms-apps
08-17 04:31:32.237  1135  2003 W ChimeraUtils: Module com.google.android.gms.nearby_en has empty metadata display_name_string_id
08-17 04:31:32.240  6128  6718 I GmsDebugLogger: [30] [Pay.optional:211212020000]
08-17 04:31:32.241  1135  2003 I ExposureNotification: User turn off scanning. [CONTEXT service_id=236 ]
08-17 04:31:32.242  6128  6718 W ChimeraConfigService: Retry attempt was throttled. [CONTEXT service_id=264 ]
08-17 04:31:32.242  6128  6718 I GmsDebugLogger: [83] 1 [pay]
08-17 04:31:32.241  1135  2003 I ExposureNotification: Not scanning! [CONTEXT service_id=236 ]
08-17 04:31:32.244  1135  2003 I ExposureNotification: stopTracing called but Scanner failed to stop! [CONTEXT service_id=236 ]
08-17 04:31:32.244  1135  2003 I ExposureNotification: No active clients [CONTEXT service_id=236 ]
08-17 04:31:32.255  1135  2003 I ExposureNotification: postponePurgeDataWhenClientClearedMs disabled [CONTEXT service_id=236 ]
08-17 04:31:32.256  1135  1135 I ExposureNotification: ENInternalService.onDestroy, com.google.android.gms.nearby.exposurenotification.service.ExposureNotificationInternalChimeraService@c874d29 [CONTEXT service_id=236 ]
08-17 04:31:32.264   572   583 I system_server: Background concurrent copying GC freed 169161(10229KB) AllocSpace objects, 48(3404KB) LOS objects, 50% free, 16MB/33MB, paused 264us total 277.658ms
08-17 04:31:33.308   572   741 W OverlayManager: service 'idmap' died
08-17 04:31:33.288     0     0 I init    : Sending signal 9 to service 'idmap2d' (pid 6710) process group...
08-17 04:31:33.299     0     0 I libprocessgroup: Successfully killed process cgroup uid 1000 pid 6710 in 7ms
08-17 04:31:33.304     0     0 I init    : Control message: Processed ctl.stop for 'idmap2d' from pid: 572 (system_server)
08-17 04:31:33.307     0     0 I init    : Service 'idmap2d' (pid 6710) received signal 9
08-17 04:31:34.254   916   916 D TaplEvents: Main / Touch event: MotionEvent { action=ACTION_DOWN, actionButton=0, id[0]=0, x[0]=408.95508, y[0]=1750.9131, toolType[0]=TOOL_TYPE_FINGER, buttonState=0, classification=NONE, metaState=META_NUM_LOCK_ON, flags=0x0, edgeFlags=0x0, pointerCount=1, historySize=0, eventTime=3269268, downTime=3269268, deviceId=7, source=0x1002, displayId=0, eventId=629817807 }
08-17 04:31:34.271   916  1688 D EGL_emulation: app_time_stats: avg=1081.74ms min=79.54ms max=2083.95ms count=2
08-17 04:31:34.295   572   741 W InputManager-JNI: Input channel object '17af08b Toast (client)' was disposed without first being removed with the input manager!
08-17 04:31:34.298   572   741 W NotificationService: Toast already killed. pkg=com.google.android.packageinstaller token=android.os.BinderProxy@7c6379f
08-17 04:31:34.301   404   404 E ClientCache: failed to get buffer, invalid buffer id
08-17 04:31:34.301   404   404 E ClientCache: failed to register erased recipient, could not retrieve buffer
08-17 04:31:34.402   762   816 V PipMenuActController: Not going to move PiP, either menu or its parent is not created.
08-17 04:31:34.404   916   916 D AllAppsContainerView: onDraw at = 1629145894404
08-17 04:31:34.647   916   916 D TaplEvents: Main / Touch event: MotionEvent { action=ACTION_UP, actionButton=0, id[0]=0, x[0]=423.98438, y[0]=581.9678, toolType[0]=TOOL_TYPE_FINGER, buttonState=0, classification=NONE, metaState=META_NUM_LOCK_ON, flags=0x0, edgeFlags=0x0, pointerCount=1, historySize=0, eventTime=3269662, downTime=3269268, deviceId=7, source=0x1002, displayId=0, eventId=598452807 }
08-17 04:31:34.772   762   833 D EGL_emulation: app_time_stats: avg=718.61ms min=14.63ms max=6335.39ms count=9
08-17 04:31:34.773   762   833 D EGL_emulation: app_time_stats: avg=718.67ms min=14.61ms max=6335.88ms count=9
08-17 04:31:34.904   916  2904 W FrameTracker: Missed App frame:16
08-17 04:31:34.905   916  2904 W FrameTracker: Missed App frame:16
08-17 04:31:34.905   916  2904 W FrameTracker: Missed App frame:16
08-17 04:31:34.905   916  2904 W FrameTracker: Missed App frame:16
08-17 04:31:34.905   916  2904 W FrameTracker: Missed App frame:16
08-17 04:31:34.905   916  2904 W FrameTracker: Missed App frame:16
08-17 04:31:34.905   916  2904 W FrameTracker: Missed App frame:16
08-17 04:31:34.905   916  2904 W FrameTracker: Missed App frame:16
08-17 04:31:34.905   916  2904 W FrameTracker: Missed App frame:16
08-17 04:31:34.905   916  2904 W FrameTracker: Missed App frame:16
08-17 04:31:34.905   916  2904 W FrameTracker: Missed App frame:16
08-17 04:31:34.905   916  2904 W FrameTracker: Missed App frame:16
08-17 04:31:34.905   916  2904 W FrameTracker: Missed App frame:16
08-17 04:31:34.905   916  2904 W FrameTracker: Missed App frame:16
08-17 04:31:34.905   916  2904 W FrameTracker: Missed App frame:16
08-17 04:31:34.905   916  2904 W FrameTracker: Missed App frame:16
08-17 04:31:34.905   916  2904 W FrameTracker: Missed App frame:16
08-17 04:31:34.906   916  2904 W FrameTracker: Missed App frame:16
08-17 04:31:34.906   916  2904 W FrameTracker: Missed App frame:16
08-17 04:31:34.906   916  2904 W FrameTracker: Missed App frame:16
08-17 04:31:34.906   916  2904 W FrameTracker: Missed App frame:16
08-17 04:31:34.906   916  2904 W FrameTracker: Missed App frame:16
08-17 04:31:34.906   916  2904 W FrameTracker: Missed App frame:16
08-17 04:31:34.906   916  2904 W FrameTracker: Missed App frame:16
08-17 04:31:34.906   916  2904 W FrameTracker: Missed App frame:16
08-17 04:31:34.906   916  2904 W FrameTracker: Missed App frame:16
08-17 04:31:34.906   916  2904 W FrameTracker: Missed App frame:16
08-17 04:31:34.906   916  2904 W FrameTracker: Missed App frame:16
08-17 04:31:34.906   916  2904 W FrameTracker: Missed App frame:16
08-17 04:31:34.906   916  2904 W FrameTracker: Missed App frame:16
08-17 04:31:34.906   916  2904 W FrameTracker: Missed App frame:16
08-17 04:31:34.907   916  2904 W FrameTracker: Missed App frame:16
08-17 04:31:34.908   916  2904 W FrameTracker: Missed App frame:16
08-17 04:31:34.908   916  2904 W FrameTracker: Missed App frame:16
08-17 04:31:34.908   916  2904 W FrameTracker: Missed App frame:16
08-17 04:31:34.908   916  2904 W FrameTracker: Missed App frame:16
08-17 04:31:34.909   916  1553 V PerfettoTrigger: Not triggering com.android.telemetry.interaction-jank-monitor-25 - not enough time since last trigger
08-17 04:31:35.064   916  2020 E ActivityThread: Failed to find provider info for com.google.android.apps.wellbeing.api
08-17 04:31:35.786   916   916 D TaplEvents: Main / Touch event: MotionEvent { action=ACTION_DOWN, actionButton=0, id[0]=0, x[0]=343.95996, y[0]=1407.9529, toolType[0]=TOOL_TYPE_FINGER, buttonState=0, classification=NONE, metaState=META_NUM_LOCK_ON, flags=0x0, edgeFlags=0x0, pointerCount=1, historySize=0, eventTime=3270799, downTime=3270799, deviceId=7, source=0x1002, displayId=0, eventId=900468176 }
08-17 04:31:35.905   916  1688 D EGL_emulation: app_time_stats: avg=42.97ms min=10.00ms max=1018.42ms count=38
08-17 04:31:35.917   916   916 D TaplEvents: Main / Touch event: MotionEvent { action=ACTION_UP, actionButton=0, id[0]=0, x[0]=343.95996, y[0]=1407.9529, toolType[0]=TOOL_TYPE_FINGER, buttonState=0, classification=NONE, metaState=META_NUM_LOCK_ON, flags=0x0, edgeFlags=0x0, pointerCount=1, historySize=0, eventTime=3270932, downTime=3270799, deviceId=7, source=0x1002, displayId=0, eventId=719534353 }
08-17 04:31:35.917   916   916 D TaplEvents: Main / start: startAppShortcutOrInfoActivity
08-17 04:31:35.921   572   741 I ActivityTaskManager: START u0 {act=android.intent.action.MAIN cat=[android.intent.category.LAUNCHER] flg=0x10200000 cmp=com.example.superreflection/.MainActivity bnds=[238,1257][439,1553]} from uid 10163
08-17 04:31:35.924   572   741 D CompatibilityChangeReporter: Compat change id reported: 174042980; UID 10180; state: DISABLED
08-17 04:31:35.925   572   741 D CompatibilityChangeReporter: Compat change id reported: 181136395; UID 10180; state: DISABLED
08-17 04:31:35.925   572   741 D CompatibilityChangeReporter: Compat change id reported: 174042936; UID 10180; state: DISABLED
08-17 04:31:35.931   572   598 D CompatibilityChangeReporter: Compat change id reported: 135634846; UID 10180; state: DISABLED
08-17 04:31:35.931   572   607 D CompatibilityChangeReporter: Compat change id reported: 143937733; UID 10180; state: ENABLED
08-17 04:31:35.933   572   627 W AppHibernationService: Attempted to call setHibernatingForUser on unsupported device.
08-17 04:31:35.933   572   627 W AppHibernationService: Attempted to call setHibernatingGlobally on unsupported device.
