08-17 04:32:26.729  1135  2234 I ExposureNotification: No active clients [CONTEXT service_id=236 ]
08-17 04:32:26.730  6128  6174 I Icing   : IndexChimeraService.getServiceInterface callingPackage=com.google.android.gms componentName=null serviceId=30
08-17 04:32:26.738   572   583 I system_server: Background concurrent copying GC freed 172054(8922KB) AllocSpace objects, 59(3560KB) LOS objects, 50% free, 16MB/33MB, paused 4.272ms total 368.085ms
08-17 04:32:26.745  6128  6660 I Icing   : Usage reports ok 3, Failed Usage reports 0, indexed 0, rejected 0
08-17 04:32:26.745  1135  1135 I ExposureNotification: ENInternalService.onDestroy, com.google.android.gms.nearby.exposurenotification.service.ExposureNotificationInternalChimeraService@7ff5204 [CONTEXT service_id=236 ]
08-17 04:32:26.745  1135  2234 I ExposureNotification: postponePurgeDataWhenClientClearedMs disabled [CONTEXT service_id=236 ]
08-17 04:32:26.763  6128  6660 W Icing   : No valid account for uploading user actions
08-17 04:32:26.773  6128  6660 I Icing   : Usage reports ok 0, Failed Usage reports 0, indexed 0, rejected 0
08-17 04:32:26.783  6128  6660 I Icing   : Indexing com.google.android.gms-apps from com.google.android.gms
08-17 04:32:26.791  6128  6660 I Icing   : Indexing done com.google.android.gms-apps
08-17 04:32:28.606   916   916 D TaplEvents: Main / Touch event: MotionEvent { action=ACTION_DOWN, actionButton=0, id[0]=0, x[0]=367.98706, y[0]=1325.918, toolType[0]=TOOL_TYPE_FINGER, buttonState=0, classification=NONE, metaState=META_NUM_LOCK_ON, flags=0x0, edgeFlags=0x0, pointerCount=1, historySize=0, eventTime=3323619, downTime=3323619, deviceId=7, source=0x1002, displayId=0, eventId=577397434 }
08-17 04:32:28.722   916  1688 D EGL_emulation: app_time_stats: avg=2033.04ms min=2033.04ms max=2033.04ms count=1
08-17 04:32:28.749   916   916 D TaplEvents: Main / Touch event: MotionEvent { action=ACTION_UP, actionButton=0, id[0]=0, x[0]=367.98706, y[0]=1325.918, toolType[0]=TOOL_TYPE_FINGER, buttonState=0, classification=NONE, metaState=META_NUM_LOCK_ON, flags=0x0, edgeFlags=0x0, pointerCount=1, historySize=0, eventTime=3323764, downTime=3323619, deviceId=7, source=0x1002, displayId=0, eventId=374198581 }
08-17 04:32:28.751   916   916 D TaplEvents: Main / start: startAppShortcutOrInfoActivity
08-17 04:32:28.753   572  2592 I ActivityTaskManager: START u0 {act=android.intent.action.MAIN cat=[android.intent.category.LAUNCHER] flg=0x10200000 cmp=com.example.superreflection/.MainActivity bnds=[238,1257][439,1553]} from uid 10163
08-17 04:32:28.758   572  2592 D CompatibilityChangeReporter: Compat change id reported: 174042980; UID 10180; state: DISABLED
08-17 04:32:28.759   572  2592 D CompatibilityChangeReporter: Compat change id reported: 181136395; UID 10180; state: DISABLED
08-17 04:32:28.760   572  2592 D CompatibilityChangeReporter: Compat change id reported: 174042936; UID 10180; state: DISABLED
08-17 04:32:28.768   572   572 W ActivityManager: Unable to start service Intent { act=android.service.appprediction.AppPredictionService cmp=com.google.android.as/com.google.android.apps.miphone.aiai.app.AiAiPredictionService } U=0: not found
08-17 04:32:28.769   572   572 W RemoteAppPredictionService: could not bind to Intent { act=android.service.appprediction.AppPredictionService cmp=com.google.android.as/com.google.android.apps.miphone.aiai.app.AiAiPredictionService } using flags 67112961
08-17 04:32:28.770   572   598 D CompatibilityChangeReporter: Compat change id reported: 135634846; UID 10180; state: DISABLED
08-17 04:32:28.771   572   607 D CompatibilityChangeReporter: Compat change id reported: 143937733; UID 10180; state: ENABLED
08-17 04:32:28.789   341   341 D Zygote  : Forked child process 7133
08-17 04:32:28.790   572   607 I ActivityManager: Start proc 7133:com.example.superreflection/u0a180 for pre-top-activity {com.example.superreflection/com.example.superreflection.MainActivity}
08-17 04:32:28.798  7133  7133 I superreflectio: Late-enabling -Xcheck:jni
08-17 04:32:28.808   362   385 D goldfish-address-space: claimShared: Ask to claim region [0x3f69c1000 0x3f7326000]
08-17 04:32:28.817   362   385 D goldfish-address-space: claimShared: Ask to claim region [0x3f52ca000 0x3f5c2f000]
08-17 04:32:28.825   362  2911 D goldfish-address-space: claimShared: Ask to claim region [0x3faa2c000 0x3fb391000]
08-17 04:32:28.832  7133  7133 W superreflectio: Unexpected CPU variant for X86 using defaults: x86_64
08-17 04:32:28.838   362  2911 D goldfish-address-space: claimShared: Ask to claim region [0x3f52ca000 0x3f5c2f000]
08-17 04:32:28.840   422   450 I adbd    : jdwp connection from 7133
08-17 04:32:28.849   362  2911 D goldfish-address-space: claimShared: Ask to claim region [0x3faa2c000 0x3fb391000]
08-17 04:32:28.857   572  2603 W InputReader: Device virtio_input_multi_touch_7 is associated with display ADISPLAY_ID_NONE.
08-17 04:32:28.857   572  2603 W InputReader: Device virtio_input_multi_touch_10 is associated with display ADISPLAY_ID_NONE.
08-17 04:32:28.857   572  2603 W InputReader: Device virtio_input_multi_touch_11 is associated with display ADISPLAY_ID_NONE.
08-17 04:32:28.858   572  2603 W InputReader: Device virtio_input_multi_touch_3 is associated with display ADISPLAY_ID_NONE.
08-17 04:32:28.858   572  2603 W InputReader: Device virtio_input_multi_touch_2 is associated with display ADISPLAY_ID_NONE.
08-17 04:32:28.858   572  2603 W InputReader: Device virtio_input_multi_touch_8 is associated with display ADISPLAY_ID_NONE.
08-17 04:32:28.858   572  2603 W InputReader: Device virtio_input_multi_touch_4 is associated with display ADISPLAY_ID_NONE.
08-17 04:32:28.858   572  2603 W InputReader: Device virtio_input_multi_touch_9 is associated with display ADISPLAY_ID_NONE.
08-17 04:32:28.858   572  2603 W InputReader: Device virtio_input_multi_touch_5 is associated with display ADISPLAY_ID_NONE.
08-17 04:32:28.858   572  2603 W InputReader: Device virtio_input_multi_touch_6 is associated with display ADISPLAY_ID_NONE.
08-17 04:32:28.858   572  2603 W InputReader: Device virtio_input_multi_touch_7 is associated with display ADISPLAY_ID_NONE.
08-17 04:32:28.858   572  2603 W InputReader: Device virtio_input_multi_touch_10 is associated with display ADISPLAY_ID_NONE.
08-17 04:32:28.858   572  2603 W InputReader: Device virtio_input_multi_touch_11 is associated with display ADISPLAY_ID_NONE.
08-17 04:32:28.858   572  2603 W InputReader: Device virtio_input_multi_touch_3 is associated with display ADISPLAY_ID_NONE.
08-17 04:32:28.858   572  2603 W InputReader: Device virtio_input_multi_touch_2 is associated with display ADISPLAY_ID_NONE.
08-17 04:32:28.858   572  2603 W InputReader: Device virtio_input_multi_touch_8 is associated with display ADISPLAY_ID_NONE.
08-17 04:32:28.858   572  2603 W InputReader: Device virtio_input_multi_touch_4 is associated with display ADISPLAY_ID_NONE.
08-17 04:32:28.858   572  2603 W InputReader: Device virtio_input_multi_touch_9 is associated with display ADISPLAY_ID_NONE.
08-17 04:32:28.858   572  2603 W InputReader: Device virtio_input_multi_touch_5 is associated with display ADISPLAY_ID_NONE.
08-17 04:32:28.858   572  2603 W InputReader: Device virtio_input_multi_touch_6 is associated with display ADISPLAY_ID_NONE.
08-17 04:32:28.874  7133  7133 D CompatibilityChangeReporter: Compat change id reported: 171979766; UID 10180; state: DISABLED
08-17 04:32:28.882   400   504 D AF::TrackHandle: OpPlayAudio: track:55 usage:13 not muted
08-17 04:32:28.882   400   504 D AF::TrackHandle: OpPlayAudio: track:55 usage:13 not muted
08-17 04:32:28.884   400   504 D AF::TrackHandle: OpPlayAudio: track:55 usage:13 not muted
08-17 04:32:28.884   400   504 D AF::TrackHandle: OpPlayAudio: track:55 usage:13 not muted
08-17 04:32:28.889   400   504 D AF::TrackHandle: OpPlayAudio: track:55 usage:13 not muted
08-17 04:32:28.890   400   504 D AF::TrackHandle: OpPlayAudio: track:55 usage:13 not muted
08-17 04:32:28.890   400   504 D AF::TrackHandle: OpPlayAudio: track:55 usage:13 not muted
08-17 04:32:28.891   400   504 D AF::TrackHandle: OpPlayAudio: track:55 usage:13 not muted
08-17 04:32:28.891   400   504 D AF::TrackHandle: OpPlayAudio: track:55 usage:13 not muted
08-17 04:32:28.891   400   504 D AF::TrackHandle: OpPlayAudio: track:55 usage:13 not muted
08-17 04:32:28.892   400   504 D AF::TrackHandle: OpPlayAudio: track:55 usage:13 not muted
08-17 04:32:28.892   400   504 D AF::TrackHandle: OpPlayAudio: track:55 usage:13 not muted
08-17 04:32:28.892   400   504 D AF::TrackHandle: OpPlayAudio: track:55 usage:13 not muted
08-17 04:32:28.893   400   504 D AF::TrackHandle: OpPlayAudio: track:55 usage:13 not muted
08-17 04:32:28.893   400   504 D AF::TrackHandle: OpPlayAudio: track:55 usage:13 not muted
08-17 04:32:28.894   400   504 D AF::TrackHandle: OpPlayAudio: track:55 usage:13 not muted
08-17 04:32:28.935   363   363 W RanchuHwc: validateDisplay: layer 52 CompositionType 1, fallback
08-17 04:32:28.937   363   363 W RanchuHwc: presentDisplay display has no layers to compose, flushing client target buffer.
08-17 04:32:28.940  7133  7133 I TetheringManager: registerTetheringEventCallback:com.example.superreflection
08-17 04:32:28.942  7133  7133 V GraphicsEnvironment: ANGLE Developer option for 'com.example.superreflection' set to: 'default'
08-17 04:32:28.942  7133  7133 V GraphicsEnvironment: Neither updatable production driver nor prerelease driver is supported.
08-17 04:32:28.943  7133  7133 D NetworkSecurityConfig: No Network Security Config specified, using platform default
08-17 04:32:28.944  7133  7133 D NetworkSecurityConfig: No Network Security Config specified, using platform default
08-17 04:32:28.945  7133  7133 D republic: JNI_OnLoad
08-17 04:32:28.945  7133  7133 D republic: fakeapi success!
08-17 04:32:28.950   363   363 W RanchuHwc: validateDisplay: layer 52 CompositionType 1, fallback
08-17 04:32:28.952   363   363 W RanchuHwc: presentDisplay display has no layers to compose, flushing client target buffer.
08-17 04:32:28.968   363   363 W RanchuHwc: validateDisplay: layer 52 CompositionType 1, fallback
08-17 04:32:28.970   363   363 W RanchuHwc: presentDisplay display has no layers to compose, flushing client target buffer.
08-17 04:32:28.983  7133  7155 D libEGL  : loaded /vendor/lib64/egl/libEGL_emulation.so
08-17 04:32:28.985   363   363 W RanchuHwc: validateDisplay: layer 52 CompositionType 1, fallback
08-17 04:32:28.987   363   363 W RanchuHwc: presentDisplay display has no layers to compose, flushing client target buffer.
08-17 04:32:28.998  7133  7155 D libEGL  : loaded /vendor/lib64/egl/libGLESv1_CM_emulation.so
08-17 04:32:29.001   363   363 W RanchuHwc: validateDisplay: layer 52 CompositionType 1, fallback
08-17 04:32:29.001  7133  7155 D libEGL  : loaded /vendor/lib64/egl/libGLESv2_emulation.so
08-17 04:32:29.002   363   363 W RanchuHwc: presentDisplay display has no layers to compose, flushing client target buffer.
08-17 04:32:29.018   363   363 W RanchuHwc: validateDisplay: layer 52 CompositionType 1, fallback
08-17 04:32:29.019   363   363 W RanchuHwc: presentDisplay display has no layers to compose, flushing client target buffer.
08-17 04:32:29.034   363   363 W RanchuHwc: validateDisplay: layer 52 CompositionType 1, fallback
08-17 04:32:29.035   363   363 W RanchuHwc: presentDisplay display has no layers to compose, flushing client target buffer.
08-17 04:32:29.051   363   363 W RanchuHwc: validateDisplay: layer 52 CompositionType 1, fallback
08-17 04:32:29.053   363   363 W RanchuHwc: presentDisplay display has no layers to compose, flushing client target buffer.
08-17 04:32:29.068   363   363 W RanchuHwc: validateDisplay: layer 52 CompositionType 1, fallback
08-17 04:32:29.070   363   363 W RanchuHwc: presentDisplay display has no layers to compose, flushing client target buffer.
08-17 04:32:29.084   363   363 W RanchuHwc: validateDisplay: layer 52 CompositionType 1, fallback
08-17 04:32:29.085   363   363 W RanchuHwc: presentDisplay display has no layers to compose, flushing client target buffer.
08-17 04:32:29.101   363   363 W RanchuHwc: validateDisplay: layer 52 CompositionType 1, fallback
08-17 04:32:29.103   363   363 W RanchuHwc: presentDisplay display has no layers to compose, flushing client target buffer.
08-17 04:32:29.118   363   363 W RanchuHwc: validateDisplay: layer 52 CompositionType 1, fallback
08-17 04:32:29.120   363   363 W RanchuHwc: presentDisplay display has no layers to compose, flushing client target buffer.
08-17 04:32:29.124   762   833 D EGL_emulation: app_time_stats: avg=29094.63ms min=29094.63ms max=29094.63ms count=1
08-17 04:32:29.126   762   833 D EGL_emulation: app_time_stats: avg=5874.61ms min=10.98ms max=52737.54ms count=9
08-17 04:32:29.134   363   363 W RanchuHwc: validateDisplay: layer 52 CompositionType 1, fallback
08-17 04:32:29.137   363   363 W RanchuHwc: presentDisplay display has no layers to compose, flushing client target buffer.
08-17 04:32:29.147   572   599 D CompatibilityChangeReporter: Compat change id reported: 158002302; UID 10180; state: ENABLED
08-17 04:32:29.148   404   556 W ServiceManager: Permission failure: android.permission.ACCESS_SURFACE_FLINGER from uid=10180 pid=7133
08-17 04:32:29.148   404   556 D PermissionCache: checking android.permission.ACCESS_SURFACE_FLINGER for uid=10180 => denied (363 us)
08-17 04:32:29.148   404   556 W ServiceManager: Permission failure: android.permission.ROTATE_SURFACE_FLINGER from uid=10180 pid=7133
08-17 04:32:29.148   404   556 D PermissionCache: checking android.permission.ROTATE_SURFACE_FLINGER for uid=10180 => denied (374 us)
08-17 04:32:29.151   363   363 W RanchuHwc: validateDisplay: layer 52 CompositionType 1, fallback
08-17 04:32:29.153   363   363 W RanchuHwc: presentDisplay display has no layers to compose, flushing client target buffer.
08-17 04:32:29.154  7133  7153 D HostConnection: createUnique: call
08-17 04:32:29.154  7133  7153 D HostConnection: HostConnection::get() New Host Connection established 0x791ea9852e90, tid 7153
08-17 04:32:29.168  7133  7153 D HostConnection: HostComposition ext ANDROID_EMU_CHECKSUM_HELPER_v1 ANDROID_EMU_native_sync_v2 ANDROID_EMU_native_sync_v3 ANDROID_EMU_native_sync_v4 ANDROID_EMU_dma_v1 ANDROID_EMU_direct_mem ANDROID_EMU_host_composition_v1 ANDROID_EMU_host_composition_v2 ANDROID_EMU_YUV_Cache ANDROID_EMU_async_unmap_buffer ANDROID_EMU_has_shared_slots_host_memory_allocator ANDROID_EMU_sync_buffer_data GL_OES_EGL_image_external_essl3 GL_OES_vertex_array_object GL_KHR_texture_compression_astc_ldr ANDROID_EMU_host_side_tracing ANDROID_EMU_async_frame_commands ANDROID_EMU_gles_max_version_3_0 
08-17 04:32:29.169   363   363 W RanchuHwc: validateDisplay: layer 52 CompositionType 1, fallback
08-17 04:32:29.171   363   363 W RanchuHwc: presentDisplay display has no layers to compose, flushing client target buffer.
08-17 04:32:29.171   193   193 I hwservicemanager: getTransport: Cannot find entry android.hardware.configstore@1.0::ISurfaceFlingerConfigs/default in either framework or device VINTF manifest.
08-17 04:32:29.171  7133  7153 W OpenGLRenderer: Failed to choose config with EGL_SWAP_BEHAVIOR_PRESERVED, retrying without...
08-17 04:32:29.172  7133  7153 W OpenGLRenderer: Failed to initialize 101010-2 format, error = EGL_SUCCESS
08-17 04:32:29.172  7133  7153 D EGL_emulation: eglCreateContext: 0x791eb9884f70: maj 3 min 0 rcv 3
08-17 04:32:29.174  7133  7153 D EGL_emulation: eglMakeCurrent: 0x791eb9884f70: ver 3 0 (tinfo 0x7920bee3d080) (first time)
08-17 04:32:29.180   404   555 E HWComposer: getSupportedContentTypes: getSupportedContentTypes failed for display 4619827259835644672: Unsupported (8)
08-17 04:32:29.181   193   193 I hwservicemanager: getTransport: Cannot find entry android.hardware.graphics.mapper@4.0::IMapper/default in either framework or device VINTF manifest.
08-17 04:32:29.181  7133  7153 I Gralloc4: mapper 4.x is not supported
08-17 04:32:29.182  7133  7153 D HostConnection: createUnique: call
08-17 04:32:29.182  7133  7153 D HostConnection: HostConnection::get() New Host Connection established 0x791ea9853a90, tid 7153
08-17 04:32:29.182  7133  7153 D goldfish-address-space: allocate: Ask for block of size 0x100
08-17 04:32:29.183  7133  7153 D goldfish-address-space: allocate: ioctl allocate returned offset 0x3f3ffe000 size 0x2000
08-17 04:32:29.184   363   363 W RanchuHwc: validateDisplay: layer 52 CompositionType 1, fallback
08-17 04:32:29.186   363   363 W RanchuHwc: presentDisplay display has no layers to compose, flushing client target buffer.
08-17 04:32:29.187   193   193 I hwservicemanager: getTransport: Cannot find entry android.hardware.graphics.allocator@4.0::IAllocator/default in either framework or device VINTF manifest.
08-17 04:32:29.187  7133  7153 W Gralloc4: allocator 4.x is not supported
08-17 04:32:29.189   362  2911 D goldfish-address-space: claimShared: Ask to claim region [0x3f69c1000 0x3f7326000]
08-17 04:32:29.201   363   363 W RanchuHwc: validateDisplay: layer 52 CompositionType 1, fallback
08-17 04:32:29.203   363   363 W RanchuHwc: presentDisplay display has no layers to compose, flushing client target buffer.
08-17 04:32:29.210  7133  7153 D HostConnection: HostComposition ext ANDROID_EMU_CHECKSUM_HELPER_v1 ANDROID_EMU_native_sync_v2 ANDROID_EMU_native_sync_v3 ANDROID_EMU_native_sync_v4 ANDROID_EMU_dma_v1 ANDROID_EMU_direct_mem ANDROID_EMU_host_composition_v1 ANDROID_EMU_host_composition_v2 ANDROID_EMU_YUV_Cache ANDROID_EMU_async_unmap_buffer ANDROID_EMU_has_shared_slots_host_memory_allocator ANDROID_EMU_sync_buffer_data GL_OES_EGL_image_external_essl3 GL_OES_vertex_array_object GL_KHR_texture_compression_astc_ldr ANDROID_EMU_host_side_tracing ANDROID_EMU_async_frame_commands ANDROID_EMU_gles_max_version_3_0 
08-17 04:32:29.211   362  2911 D goldfish-address-space: claimShared: Ask to claim region [0x3fc966000 0x3fd2cb000]
08-17 04:32:29.216   362  2911 D goldfish-address-space: claimShared: Ask to claim region [0x3fd2cb000 0x3fdc30000]
08-17 04:32:29.218   363   363 W RanchuHwc: validateDisplay: layer 52 CompositionType 1, fallback
08-17 04:32:29.223   363   363 W RanchuHwc: presentDisplay display has no layers to compose, flushing client target buffer.
08-17 04:32:29.235   363   363 W RanchuHwc: validateDisplay: layer 52 CompositionType 1, fallback
08-17 04:32:29.240   363   363 W RanchuHwc: presentDisplay display has no layers to compose, flushing client target buffer.
08-17 04:32:29.251   363   363 W RanchuHwc: validateDisplay: layer 52 CompositionType 1, fallback
08-17 04:32:29.255   363   363 W RanchuHwc: presentDisplay display has no layers to compose, flushing client target buffer.
08-17 04:32:29.268   363   363 W RanchuHwc: validateDisplay: layer 52 CompositionType 1, fallback
08-17 04:32:29.270   363   363 W RanchuHwc: presentDisplay display has no layers to compose, flushing client target buffer.
08-17 04:32:29.282   572   605 I ActivityTaskManager: Displayed com.example.superreflection/.MainActivity: +528ms
08-17 04:32:29.284   363   363 W RanchuHwc: validateDisplay: layer 52 CompositionType 1, fallback
08-17 04:32:29.286   572  2603 W InputManager-JNI: Input channel object '40a951a Splash Screen com.example.superreflection (client)' was disposed without first being removed with the input manager!
08-17 04:32:29.286   363   363 W RanchuHwc: presentDisplay display has no layers to compose, flushing client target buffer.
08-17 04:32:29.301   363   363 W RanchuHwc: validateDisplay: layer 52 CompositionType 1, fallback
08-17 04:32:29.304   363   363 W RanchuHwc: presentDisplay display has no layers to compose, flushing client target buffer.
08-17 04:32:29.307  1334  1334 I GoogleInputMethodService: GoogleInputMethodService.onFinishInput():3341 
08-17 04:32:29.307  1334  1334 I GoogleInputMethodService: GoogleInputMethodService.onStartInput():1906 
08-17 04:32:29.308   362  2911 D goldfish-address-space: claimShared: Ask to claim region [0x3faa2c000 0x3fb391000]
08-17 04:32:29.317   404   404 E ClientCache: failed to get buffer, invalid buffer id
08-17 04:32:29.317   404   404 E ClientCache: failed to register erased recipient, could not retrieve buffer
08-17 04:32:29.318   362  2911 D goldfish-address-space: claimShared: Ask to claim region [0x3fc966000 0x3fd2cb000]
08-17 04:32:29.318   363   363 W RanchuHwc: validateDisplay: layer 52 CompositionType 1, fallback
08-17 04:32:29.325   363   363 W RanchuHwc: presentDisplay display has no layers to compose, flushing client target buffer.
08-17 04:32:29.329   362  2911 D goldfish-address-space: claimShared: Ask to claim region [0x3f0000000 0x3f0965000]
08-17 04:32:29.335   363   363 W RanchuHwc: validateDisplay: layer 52 CompositionType 1, fallback
08-17 04:32:29.338   363   363 W RanchuHwc: presentDisplay display has no layers to compose, flushing client target buffer.
08-17 04:32:29.368   404   404 E ClientCache: failed to get buffer, invalid buffer id
08-17 04:32:29.368   404   404 E ClientCache: failed to register erased recipient, could not retrieve buffer
08-17 04:32:29.369  2767  6461 I PBSessionCacheImpl: Deleted sessionId[12171023838871114] from persistence.
08-17 04:32:29.379  2767  2915 W SearchServiceCore: Abort, client detached.
08-17 04:32:29.384   404   404 E ClientCache: failed to get buffer, invalid buffer id
08-17 04:32:29.384   404   404 E ClientCache: failed to register erased recipient, could not retrieve buffer
08-17 04:32:29.411   916  1553 W FrameTracker: Missed App frame:80
08-17 04:32:29.411   916  1553 W FrameTracker: Missed App frame:80
08-17 04:32:29.411   916  1553 W FrameTracker: Missed App frame:80
08-17 04:32:29.411   916  1553 W FrameTracker: Missed App frame:80
08-17 04:32:29.411   916  1553 W FrameTracker: Missed App frame:80
08-17 04:32:29.411   916  1553 W FrameTracker: Missed App frame:80
08-17 04:32:29.411   916  1553 W FrameTracker: Missed App frame:80
08-17 04:32:29.411   916  1553 W FrameTracker: Missed App frame:80
08-17 04:32:29.411   916  1553 W FrameTracker: Missed App frame:80
08-17 04:32:29.411   916  1553 W FrameTracker: Missed App frame:80
08-17 04:32:29.411   916  1553 W FrameTracker: Missed App frame:80
08-17 04:32:29.411   916  1553 W FrameTracker: Missed App frame:80
08-17 04:32:29.411   916  1553 W FrameTracker: Missed App frame:80
08-17 04:32:29.411   916  1553 W FrameTracker: Missed App frame:80
08-17 04:32:29.411   916  1553 W FrameTracker: Missed App frame:80
08-17 04:32:29.411   916  1553 W FrameTracker: Missed App frame:80
08-17 04:32:29.411   916  1553 W FrameTracker: Missed App frame:80
08-17 04:32:29.411   916  1553 W FrameTracker: Missed App frame:80
08-17 04:32:29.411   916  1553 W FrameTracker: Missed App frame:80
08-17 04:32:29.412   916  1553 W FrameTracker: Missed App frame:80
08-17 04:32:29.413   916  1553 W FrameTracker: Missed App frame:80
08-17 04:32:29.413   916  1553 W FrameTracker: Missed App frame:80
08-17 04:32:29.413   916  1553 W FrameTracker: Missed App frame:80
08-17 04:32:29.413   916  1553 W FrameTracker: Missed App frame:80
08-17 04:32:29.413   916  1553 W FrameTracker: Missed App frame:80
08-17 04:32:29.413   916  1553 W FrameTracker: Missed App frame:80
08-17 04:32:29.413   916  1553 W FrameTracker: Missed App frame:80
08-17 04:32:29.413   916  1553 V PerfettoTrigger: Triggering /system/bin/trigger_perfetto com.android.telemetry.interaction-jank-monitor-8
08-17 04:32:30.136   762   833 D EGL_emulation: app_time_stats: avg=19.33ms min=12.37ms max=158.18ms count=52
08-17 04:32:31.450   916  2020 E ActivityThread: Failed to find provider info for com.google.android.apps.wellbeing.api
08-17 04:32:34.704     0     0 I logd    : logdr: UID=2000 GID=2000 PID=7166 b tail=0 logMask=99 pid=0 start=0ns deadline=0ns
08-17 04:32:38.208  7133  7133 D CompatibilityChangeReporter: Compat change id reported: 179274888; UID 10180; state: LOGGED
08-17 04:32:38.330  7133  7133 D whulzz  : setTargetSdkVersionNative success!
08-17 04:32:38.342  7133  7133 D AndroidRuntime: Shutting down VM
08-17 04:32:38.345  7133  7133 E AndroidRuntime: FATAL EXCEPTION: main
08-17 04:32:38.345  7133  7133 E AndroidRuntime: Process: com.example.superreflection, PID: 7133
08-17 04:32:38.345  7133  7133 E AndroidRuntime: java.lang.UnsatisfiedLinkError: dlopen failed: library "libapifake.so" not found
08-17 04:32:38.345  7133  7133 E AndroidRuntime: 	at java.lang.Runtime.loadLibrary0(Runtime.java:1077)
08-17 04:32:38.345  7133  7133 E AndroidRuntime: 	at java.lang.Runtime.loadLibrary0(Runtime.java:998)
08-17 04:32:38.345  7133  7133 E AndroidRuntime: 	at java.lang.System.loadLibrary(System.java:1656)
08-17 04:32:38.345  7133  7133 E AndroidRuntime: 	at com.example.superreflection.test.HiddenApiTest.main(HiddenApiTest.java:26)
08-17 04:32:38.345  7133  7133 E AndroidRuntime: 	at com.example.superreflection.MainActivity$1.onClick(MainActivity.java:31)
08-17 04:32:38.345  7133  7133 E AndroidRuntime: 	at android.view.View.performClick(View.java:7416)
08-17 04:32:38.345  7133  7133 E AndroidRuntime: 	at android.view.View.performClickInternal(View.java:7393)
08-17 04:32:38.345  7133  7133 E AndroidRuntime: 	at android.view.View.access$3700(View.java:835)
08-17 04:32:38.345  7133  7133 E AndroidRuntime: 	at android.view.View$PerformClick.run(View.java:28584)
08-17 04:32:38.345  7133  7133 E AndroidRuntime: 	at android.os.Handler.handleCallback(Handler.java:938)
08-17 04:32:38.345  7133  7133 E AndroidRuntime: 	at android.os.Handler.dispatchMessage(Handler.java:99)
08-17 04:32:38.345  7133  7133 E AndroidRuntime: 	at android.os.Looper.loopOnce(Looper.java:201)
08-17 04:32:38.345  7133  7133 E AndroidRuntime: 	at android.os.Looper.loop(Looper.java:288)
08-17 04:32:38.345  7133  7133 E AndroidRuntime: 	at android.app.ActivityThread.main(ActivityThread.java:7727)
08-17 04:32:38.345  7133  7133 E AndroidRuntime: 	at java.lang.reflect.Method.invoke(Native Method)
08-17 04:32:38.345  7133  7133 E AndroidRuntime: 	at com.android.internal.os.RuntimeInit$MethodAndArgsCaller.run(RuntimeInit.java:548)
08-17 04:32:38.345  7133  7133 E AndroidRuntime: 	at com.android.internal.os.ZygoteInit.main(ZygoteInit.java:975)
08-17 04:32:38.351   572  7171 I DropBoxManagerService: add tag=data_app_crash isTagEnabled=true flags=0x2
08-17 04:32:38.351   572   826 W ActivityTaskManager:   Force finishing activity com.example.superreflection/.MainActivity
08-17 04:32:38.358   362  2911 D goldfish-address-space: claimShared: Ask to claim region [0x3f0965000 0x3f0f68000]
08-17 04:32:38.381  7133  7153 D EGL_emulation: app_time_stats: avg=1282.12ms min=1.36ms max=8961.48ms count=7
08-17 04:32:38.389   572   606 W BroadcastQueue: Background execution not allowed: receiving Intent { act=android.intent.action.DROPBOX_ENTRY_ADDED flg=0x10 (has extras) } to com.google.android.gms/.stats.service.DropBoxEntryAddedReceiver
08-17 04:32:38.391   572   606 W BroadcastQueue: Background execution not allowed: receiving Intent { act=android.intent.action.DROPBOX_ENTRY_ADDED flg=0x10 (has extras) } to com.google.android.gms/.chimera.GmsIntentOperationService$PersistentTrustedReceiver
08-17 04:32:38.431   572   599 D CompatibilityChangeReporter: Compat change id reported: 158002302; UID 1000; state: ENABLED
08-17 04:32:38.434   362  2911 D goldfish-address-space: claimShared: Ask to claim region [0x3f0f68000 0x3f12a6000]
08-17 04:32:38.442   362  2911 D goldfish-address-space: claimShared: Ask to claim region [0x3f12a6000 0x3f15e4000]
08-17 04:32:38.446   362  2911 D goldfish-address-space: claimShared: Ask to claim region [0x3f15e4000 0x3f1922000]
08-17 04:32:38.537   572   596 W Looper  : Slow dispatch took 114ms android.ui h=android.view.Choreographer$FrameHandler c=android.view.Choreographer$FrameDisplayEventReceiver@d8c9ec0 m=0
08-17 04:32:38.548   362  2911 D goldfish-address-space: claimShared: Ask to claim region [0x3f12a6000 0x3f15e4000]
08-17 04:32:38.560   362  2911 D goldfish-address-space: claimShared: Ask to claim region [0x3f15e4000 0x3f1922000]
08-17 04:32:38.566   362  2911 D goldfish-address-space: claimShared: Ask to claim region [0x3f1922000 0x3f1c60000]
08-17 04:32:38.855   572   598 W ActivityTaskManager: Activity top resumed state loss timeout for ActivityRecord{78e260e u0 com.example.superreflection/.MainActivity t20 f}}
08-17 04:32:38.885   572   598 W ActivityTaskManager: Activity pause timeout for ActivityRecord{78e260e u0 com.example.superreflection/.MainActivity t20 f}}
08-17 04:32:38.889   572   598 W InputReader: Device virtio_input_multi_touch_7 is associated with display ADISPLAY_ID_NONE.
08-17 04:32:38.889   572   598 W InputReader: Device virtio_input_multi_touch_10 is associated with display ADISPLAY_ID_NONE.
08-17 04:32:38.889   572   598 W InputReader: Device virtio_input_multi_touch_11 is associated with display ADISPLAY_ID_NONE.
08-17 04:32:38.889   572   598 W InputReader: Device virtio_input_multi_touch_3 is associated with display ADISPLAY_ID_NONE.
08-17 04:32:38.889   572   598 W InputReader: Device virtio_input_multi_touch_2 is associated with display ADISPLAY_ID_NONE.
08-17 04:32:38.889   572   598 W InputReader: Device virtio_input_multi_touch_8 is associated with display ADISPLAY_ID_NONE.
08-17 04:32:38.889   572   598 W InputReader: Device virtio_input_multi_touch_4 is associated with display ADISPLAY_ID_NONE.
08-17 04:32:38.889   572   598 W InputReader: Device virtio_input_multi_touch_9 is associated with display ADISPLAY_ID_NONE.
08-17 04:32:38.889   572   598 W InputReader: Device virtio_input_multi_touch_5 is associated with display ADISPLAY_ID_NONE.
08-17 04:32:38.889   572   598 W InputReader: Device virtio_input_multi_touch_6 is associated with display ADISPLAY_ID_NONE.
08-17 04:32:38.891   572   598 W InputReader: Device virtio_input_multi_touch_7 is associated with display ADISPLAY_ID_NONE.
08-17 04:32:38.891   572   598 W InputReader: Device virtio_input_multi_touch_10 is associated with display ADISPLAY_ID_NONE.
08-17 04:32:38.891   572   598 W InputReader: Device virtio_input_multi_touch_11 is associated with display ADISPLAY_ID_NONE.
08-17 04:32:38.891   572   598 W InputReader: Device virtio_input_multi_touch_3 is associated with display ADISPLAY_ID_NONE.
08-17 04:32:38.891   572   598 W InputReader: Device virtio_input_multi_touch_2 is associated with display ADISPLAY_ID_NONE.
08-17 04:32:38.891   572   598 W InputReader: Device virtio_input_multi_touch_8 is associated with display ADISPLAY_ID_NONE.
08-17 04:32:38.891   572   598 W InputReader: Device virtio_input_multi_touch_4 is associated with display ADISPLAY_ID_NONE.
08-17 04:32:38.891   572   598 W InputReader: Device virtio_input_multi_touch_9 is associated with display ADISPLAY_ID_NONE.
08-17 04:32:38.891   572   598 W InputReader: Device virtio_input_multi_touch_5 is associated with display ADISPLAY_ID_NONE.
08-17 04:32:38.891   572   598 W InputReader: Device virtio_input_multi_touch_6 is associated with display ADISPLAY_ID_NONE.
08-17 04:32:38.912   572   592 W ActivityManager: Unable to start service Intent { act=android.service.appprediction.AppPredictionService cmp=com.google.android.as/com.google.android.apps.miphone.aiai.app.AiAiPredictionService } U=0: not found
08-17 04:32:38.912   572   592 W RemoteAppPredictionService: could not bind to Intent { act=android.service.appprediction.AppPredictionService cmp=com.google.android.as/com.google.android.apps.miphone.aiai.app.AiAiPredictionService } using flags 67112961
08-17 04:32:38.913   572   592 W ActivityManager: Unable to start service Intent { act=android.service.appprediction.AppPredictionService cmp=com.google.android.as/com.google.android.apps.miphone.aiai.app.AiAiPredictionService } U=0: not found
08-17 04:32:38.913   572   592 W RemoteAppPredictionService: could not bind to Intent { act=android.service.appprediction.AppPredictionService cmp=com.google.android.as/com.google.android.apps.miphone.aiai.app.AiAiPredictionService } using flags 67112961
08-17 04:32:38.924   362  2911 D goldfish-address-space: claimShared: Ask to claim region [0x3f1c60000 0x3f25c5000]
08-17 04:32:38.932   362  2911 D goldfish-address-space: claimShared: Ask to claim region [0x3f25c5000 0x3f2f2a000]
08-17 04:32:38.936   916   916 D AllAppsContainerView: onDraw at = 1629145958936
08-17 04:32:38.940   362   385 D goldfish-address-space: claimShared: Ask to claim region [0x3f2f2a000 0x3f388f000]
08-17 04:32:38.951   362   385 D goldfish-address-space: claimShared: Ask to claim region [0x3f4965000 0x3f52ca000]
08-17 04:32:38.961   362   385 D goldfish-address-space: claimShared: Ask to claim region [0x3f52ca000 0x3f5c2f000]
08-17 04:32:38.968   362   385 D goldfish-address-space: claimShared: Ask to claim region [0x3f5c2f000 0x3f6594000]
08-17 04:32:38.991   762   833 D EGL_emulation: app_time_stats: avg=201.19ms min=13.64ms max=8138.11ms count=44
08-17 04:32:38.999  2767  2915 W ThreadPoolDumper: Queue length for executor EventBus is now 11. Perhaps some tasks are too long, or the pool is too small.
08-17 04:32:39.005   400   717 D AF::TrackHandle: OpPlayAudio: track:55 usage:13 not muted
08-17 04:32:39.006   400   717 D AF::TrackHandle: OpPlayAudio: track:55 usage:13 not muted
08-17 04:32:39.009  2767  2821 W LocationOracle: No location history returned by ContextManager
08-17 04:32:39.013   400   717 D AF::TrackHandle: OpPlayAudio: track:55 usage:13 not muted
08-17 04:32:39.016   400   717 D AF::TrackHandle: OpPlayAudio: track:55 usage:13 not muted
08-17 04:32:39.017   400   717 D AF::TrackHandle: OpPlayAudio: track:55 usage:13 not muted
08-17 04:32:39.018   400   717 D AF::TrackHandle: OpPlayAudio: track:55 usage:13 not muted
08-17 04:32:39.019   400   717 D AF::TrackHandle: OpPlayAudio: track:55 usage:13 not muted
08-17 04:32:39.020   400   717 D AF::TrackHandle: OpPlayAudio: track:55 usage:13 not muted
08-17 04:32:39.020   400   717 D AF::TrackHandle: OpPlayAudio: track:55 usage:13 not muted
08-17 04:32:39.021   400   717 D AF::TrackHandle: OpPlayAudio: track:55 usage:13 not muted
08-17 04:32:39.022   400   717 D AF::TrackHandle: OpPlayAudio: track:55 usage:13 not muted
08-17 04:32:39.022   400   717 D AF::TrackHandle: OpPlayAudio: track:55 usage:13 not muted
08-17 04:32:39.023   400   717 D AF::TrackHandle: OpPlayAudio: track:55 usage:13 not muted
08-17 04:32:39.023   400   717 D AF::TrackHandle: OpPlayAudio: track:55 usage:13 not muted
08-17 04:32:39.024   400   717 D AF::TrackHandle: OpPlayAudio: track:55 usage:13 not muted
08-17 04:32:39.024   400   717 D AF::TrackHandle: OpPlayAudio: track:55 usage:13 not muted
08-17 04:32:39.025  1135  1931 W GCoreFlp: No location to return for getLastLocation()
08-17 04:32:39.026  2767  2804 W LocationOracle: No location returned by GMS core getLastLocation()
08-17 04:32:39.042  2767  2821 E MDD     : DownloadProgressMonitor: Can't find file for uri: android://com.google.android.googlequicksearchbox/files/sharedminusonemodule/shared/SharedMinusOneData.pb.tmp
08-17 04:32:39.046  2767  2767 I BgTaskExecutorImpl: Starting EXCLUSIVE background task TNG_MINUS_ONE_SYNC.
08-17 04:32:39.048  2767  2767 I BgTaskExecutorImpl: Starting EXCLUSIVE background task TNG_VOICE_SEARCH_SYNC.
08-17 04:32:39.055   916   929 W System  : A resource failed to call close. 
08-17 04:32:39.055   916   929 W System  : A resource failed to call close. 
08-17 04:32:39.059  2767  2915 I TngMinusOneSync: Syncing TNG:-1
08-17 04:32:39.061  2767  2915 I TngVoiceSearchSync: Syncing TNG:VoiceSearch
08-17 04:32:41.735  6128  6128 D BoundBrokerSvc: onUnbind: Intent { act=com.google.android.gms.feedback.internal.IFeedbackService cmp=com.google.android.gms/.chimera.GmsBoundBrokerService }
