08-17 04:31:35.934   572   572 W ActivityManager: Unable to start service Intent { act=android.service.appprediction.AppPredictionService cmp=com.google.android.as/com.google.android.apps.miphone.aiai.app.AiAiPredictionService } U=0: not found
08-17 04:31:35.934   572   572 W RemoteAppPredictionService: could not bind to Intent { act=android.service.appprediction.AppPredictionService cmp=com.google.android.as/com.google.android.apps.miphone.aiai.app.AiAiPredictionService } using flags 67112961
08-17 04:31:35.936   341   341 D Zygote  : Forked child process 7053
08-17 04:31:35.941   572   607 I ActivityManager: Start proc 7053:com.example.superreflection/u0a180 for pre-top-activity {com.example.superreflection/com.example.superreflection.MainActivity}
08-17 04:31:35.942  7053  7053 I superreflectio: Late-enabling -Xcheck:jni
08-17 04:31:35.957  7053  7053 W superreflectio: Unexpected CPU variant for X86 using defaults: x86_64
08-17 04:31:35.966   422   450 I adbd    : jdwp connection from 7053
08-17 04:31:35.975   362   385 D goldfish-address-space: claimShared: Ask to claim region [0x3f63be000 0x3f6d23000]
08-17 04:31:35.978   572   741 W InputReader: Device virtio_input_multi_touch_7 is associated with display ADISPLAY_ID_NONE.
08-17 04:31:35.978   572   741 W InputReader: Device virtio_input_multi_touch_10 is associated with display ADISPLAY_ID_NONE.
08-17 04:31:35.978   572   741 W InputReader: Device virtio_input_multi_touch_11 is associated with display ADISPLAY_ID_NONE.
08-17 04:31:35.978   572   741 W InputReader: Device virtio_input_multi_touch_3 is associated with display ADISPLAY_ID_NONE.
08-17 04:31:35.978   572   741 W InputReader: Device virtio_input_multi_touch_2 is associated with display ADISPLAY_ID_NONE.
08-17 04:31:35.978   572   741 W InputReader: Device virtio_input_multi_touch_8 is associated with display ADISPLAY_ID_NONE.
08-17 04:31:35.978   572   741 W InputReader: Device virtio_input_multi_touch_4 is associated with display ADISPLAY_ID_NONE.
08-17 04:31:35.978   572   741 W InputReader: Device virtio_input_multi_touch_9 is associated with display ADISPLAY_ID_NONE.
08-17 04:31:35.978   572   741 W InputReader: Device virtio_input_multi_touch_5 is associated with display ADISPLAY_ID_NONE.
08-17 04:31:35.978   572   741 W InputReader: Device virtio_input_multi_touch_6 is associated with display ADISPLAY_ID_NONE.
08-17 04:31:35.978   572   741 W InputReader: Device virtio_input_multi_touch_7 is associated with display ADISPLAY_ID_NONE.
08-17 04:31:35.979   572   741 W InputReader: Device virtio_input_multi_touch_10 is associated with display ADISPLAY_ID_NONE.
08-17 04:31:35.979   572   741 W InputReader: Device virtio_input_multi_touch_11 is associated with display ADISPLAY_ID_NONE.
08-17 04:31:35.980   572   741 W InputReader: Device virtio_input_multi_touch_3 is associated with display ADISPLAY_ID_NONE.
08-17 04:31:35.980   572   741 W InputReader: Device virtio_input_multi_touch_2 is associated with display ADISPLAY_ID_NONE.
08-17 04:31:35.980   572   741 W InputReader: Device virtio_input_multi_touch_8 is associated with display ADISPLAY_ID_NONE.
08-17 04:31:35.980   572   741 W InputReader: Device virtio_input_multi_touch_4 is associated with display ADISPLAY_ID_NONE.
08-17 04:31:35.980   572   741 W InputReader: Device virtio_input_multi_touch_9 is associated with display ADISPLAY_ID_NONE.
08-17 04:31:35.980   572   741 W InputReader: Device virtio_input_multi_touch_5 is associated with display ADISPLAY_ID_NONE.
08-17 04:31:35.980   572   741 W InputReader: Device virtio_input_multi_touch_6 is associated with display ADISPLAY_ID_NONE.
08-17 04:31:35.983   362   385 D goldfish-address-space: claimShared: Ask to claim region [0x3f6d23000 0x3f7688000]
08-17 04:31:35.991   362   385 D goldfish-address-space: claimShared: Ask to claim region [0x3faa2c000 0x3fb391000]
08-17 04:31:35.994  7053  7053 D CompatibilityChangeReporter: Compat change id reported: 171979766; UID 10180; state: DISABLED
08-17 04:31:36.007   362   385 D goldfish-address-space: claimShared: Ask to claim region [0x3f6d23000 0x3f7688000]
08-17 04:31:36.019   362   385 D goldfish-address-space: claimShared: Ask to claim region [0x3faa2c000 0x3fb391000]
08-17 04:31:36.035   363   363 W RanchuHwc: validateDisplay: layer 50 CompositionType 1, fallback
08-17 04:31:36.037   363   363 W RanchuHwc: presentDisplay display has no layers to compose, flushing client target buffer.
08-17 04:31:36.039   400   504 D AF::TrackHandle: OpPlayAudio: track:55 usage:13 not muted
08-17 04:31:36.039   400   504 D AF::TrackHandle: OpPlayAudio: track:55 usage:13 not muted
08-17 04:31:36.039   400   504 D AF::TrackHandle: OpPlayAudio: track:55 usage:13 not muted
08-17 04:31:36.040   400   504 D AF::TrackHandle: OpPlayAudio: track:55 usage:13 not muted
08-17 04:31:36.040   400   504 D AF::TrackHandle: OpPlayAudio: track:55 usage:13 not muted
08-17 04:31:36.041   400   504 D AF::TrackHandle: OpPlayAudio: track:55 usage:13 not muted
08-17 04:31:36.041   400   504 D AF::TrackHandle: OpPlayAudio: track:55 usage:13 not muted
08-17 04:31:36.042   400   504 D AF::TrackHandle: OpPlayAudio: track:55 usage:13 not muted
08-17 04:31:36.043   400   504 D AF::TrackHandle: OpPlayAudio: track:55 usage:13 not muted
08-17 04:31:36.043   400   504 D AF::TrackHandle: OpPlayAudio: track:55 usage:13 not muted
08-17 04:31:36.044   400   504 D AF::TrackHandle: OpPlayAudio: track:55 usage:13 not muted
08-17 04:31:36.044   400   504 D AF::TrackHandle: OpPlayAudio: track:55 usage:13 not muted
08-17 04:31:36.044   400   717 D AF::TrackHandle: OpPlayAudio: track:55 usage:13 not muted
08-17 04:31:36.045   400   717 D AF::TrackHandle: OpPlayAudio: track:55 usage:13 not muted
08-17 04:31:36.045   400   717 D AF::TrackHandle: OpPlayAudio: track:55 usage:13 not muted
08-17 04:31:36.045   400   717 D AF::TrackHandle: OpPlayAudio: track:55 usage:13 not muted
08-17 04:31:36.052   363   363 W RanchuHwc: validateDisplay: layer 50 CompositionType 1, fallback
08-17 04:31:36.054   363   363 W RanchuHwc: presentDisplay display has no layers to compose, flushing client target buffer.
08-17 04:31:36.068   363   363 W RanchuHwc: validateDisplay: layer 50 CompositionType 1, fallback
08-17 04:31:36.070   363   363 W RanchuHwc: presentDisplay display has no layers to compose, flushing client target buffer.
08-17 04:31:36.072  7053  7053 I TetheringManager: registerTetheringEventCallback:com.example.superreflection
08-17 04:31:36.074  7053  7053 V GraphicsEnvironment: ANGLE Developer option for 'com.example.superreflection' set to: 'default'
08-17 04:31:36.074  7053  7053 V GraphicsEnvironment: Neither updatable production driver nor prerelease driver is supported.
08-17 04:31:36.076  7053  7053 D NetworkSecurityConfig: No Network Security Config specified, using platform default
08-17 04:31:36.077  7053  7053 D NetworkSecurityConfig: No Network Security Config specified, using platform default
08-17 04:31:36.078  7053  7053 D republic: JNI_OnLoad
08-17 04:31:36.078  7053  7053 D republic: fakeapi success!
08-17 04:31:36.084   363   363 W RanchuHwc: validateDisplay: layer 50 CompositionType 1, fallback
08-17 04:31:36.086   363   363 W RanchuHwc: presentDisplay display has no layers to compose, flushing client target buffer.
08-17 04:31:36.101   363   363 W RanchuHwc: validateDisplay: layer 50 CompositionType 1, fallback
08-17 04:31:36.102   363   363 W RanchuHwc: presentDisplay display has no layers to compose, flushing client target buffer.
08-17 04:31:36.113  7053  7075 D libEGL  : loaded /vendor/lib64/egl/libEGL_emulation.so
08-17 04:31:36.115  7053  7075 D libEGL  : loaded /vendor/lib64/egl/libGLESv1_CM_emulation.so
08-17 04:31:36.117   363   363 W RanchuHwc: validateDisplay: layer 50 CompositionType 1, fallback
08-17 04:31:36.119   363   363 W RanchuHwc: presentDisplay display has no layers to compose, flushing client target buffer.
08-17 04:31:36.120  7053  7075 D libEGL  : loaded /vendor/lib64/egl/libGLESv2_emulation.so
08-17 04:31:36.134   363   363 W RanchuHwc: validateDisplay: layer 50 CompositionType 1, fallback
08-17 04:31:36.135   363   363 W RanchuHwc: presentDisplay display has no layers to compose, flushing client target buffer.
08-17 04:31:36.150   363   363 W RanchuHwc: validateDisplay: layer 50 CompositionType 1, fallback
08-17 04:31:36.153   363   363 W RanchuHwc: presentDisplay display has no layers to compose, flushing client target buffer.
08-17 04:31:36.167   363   363 W RanchuHwc: validateDisplay: layer 50 CompositionType 1, fallback
08-17 04:31:36.169   363   363 W RanchuHwc: presentDisplay display has no layers to compose, flushing client target buffer.
08-17 04:31:36.184   363   363 W RanchuHwc: validateDisplay: layer 50 CompositionType 1, fallback
08-17 04:31:36.186   363   363 W RanchuHwc: presentDisplay display has no layers to compose, flushing client target buffer.
08-17 04:31:36.187  7053  7053 D AndroidRuntime: Shutting down VM
08-17 04:31:36.189  7053  7053 E AndroidRuntime: FATAL EXCEPTION: main
08-17 04:31:36.189  7053  7053 E AndroidRuntime: Process: com.example.superreflection, PID: 7053
08-17 04:31:36.189  7053  7053 E AndroidRuntime: java.lang.RuntimeException: Unable to start activity ComponentInfo{com.example.superreflection/com.example.superreflection.MainActivity}: android.view.InflateException: Binary XML file line #23 in com.example.superreflection:layout/activity_main: Binary XML file line #8 in com.example.superreflection:layout/content_main: Error inflating class fragment
08-17 04:31:36.189  7053  7053 E AndroidRuntime: 	at android.app.ActivityThread.performLaunchActivity(ActivityThread.java:3574)
08-17 04:31:36.189  7053  7053 E AndroidRuntime: 	at android.app.ActivityThread.handleLaunchActivity(ActivityThread.java:3731)
08-17 04:31:36.189  7053  7053 E AndroidRuntime: 	at android.app.servertransaction.LaunchActivityItem.execute(LaunchActivityItem.java:100)
08-17 04:31:36.189  7053  7053 E AndroidRuntime: 	at android.app.servertransaction.TransactionExecutor.executeCallbacks(TransactionExecutor.java:135)
08-17 04:31:36.189  7053  7053 E AndroidRuntime: 	at android.app.servertransaction.TransactionExecutor.execute(TransactionExecutor.java:95)
08-17 04:31:36.189  7053  7053 E AndroidRuntime: 	at android.app.ActivityThread$H.handleMessage(ActivityThread.java:2167)
08-17 04:31:36.189  7053  7053 E AndroidRuntime: 	at android.os.Handler.dispatchMessage(Handler.java:106)
08-17 04:31:36.189  7053  7053 E AndroidRuntime: 	at android.os.Looper.loopOnce(Looper.java:201)
08-17 04:31:36.189  7053  7053 E AndroidRuntime: 	at android.os.Looper.loop(Looper.java:288)
08-17 04:31:36.189  7053  7053 E AndroidRuntime: 	at android.app.ActivityThread.main(ActivityThread.java:7727)
08-17 04:31:36.189  7053  7053 E AndroidRuntime: 	at java.lang.reflect.Method.invoke(Native Method)
08-17 04:31:36.189  7053  7053 E AndroidRuntime: 	at com.android.internal.os.RuntimeInit$MethodAndArgsCaller.run(RuntimeInit.java:548)
08-17 04:31:36.189  7053  7053 E AndroidRuntime: 	at com.android.internal.os.ZygoteInit.main(ZygoteInit.java:975)
08-17 04:31:36.189  7053  7053 E AndroidRuntime: Caused by: android.view.InflateException: Binary XML file line #23 in com.example.superreflection:layout/activity_main: Binary XML file line #8 in com.example.superreflection:layout/content_main: Error inflating class fragment
08-17 04:31:36.189  7053  7053 E AndroidRuntime: Caused by: android.view.InflateException: Binary XML file line #8 in com.example.superreflection:layout/content_main: Error inflating class fragment
08-17 04:31:36.189  7053  7053 E AndroidRuntime: Caused by: androidx.fragment.app.Fragment$InstantiationException: Unable to instantiate fragment com.core.superreflection.FirstFragment: make sure class name exists
08-17 04:31:36.189  7053  7053 E AndroidRuntime: 	at androidx.fragment.app.FragmentFactory.loadFragmentClass(FragmentFactory.java:97)
08-17 04:31:36.189  7053  7053 E AndroidRuntime: 	at androidx.fragment.app.Fragment.instantiate(Fragment.java:611)
08-17 04:31:36.189  7053  7053 E AndroidRuntime: 	at androidx.fragment.app.FragmentContainer.instantiate(FragmentContainer.java:57)
08-17 04:31:36.189  7053  7053 E AndroidRuntime: 	at androidx.fragment.app.FragmentManager$3.instantiate(FragmentManager.java:483)
08-17 04:31:36.189  7053  7053 E AndroidRuntime: 	at androidx.navigation.fragment.FragmentNavigator.instantiateFragment(FragmentNavigator.java:132)
08-17 04:31:36.189  7053  7053 E AndroidRuntime: 	at androidx.navigation.fragment.FragmentNavigator.navigate(FragmentNavigator.java:162)
08-17 04:31:36.189  7053  7053 E AndroidRuntime: 	at androidx.navigation.fragment.FragmentNavigator.navigate(FragmentNavigator.java:58)
08-17 04:31:36.189  7053  7053 E AndroidRuntime: 	at androidx.navigation.NavGraphNavigator.navigate(NavGraphNavigator.java:71)
08-17 04:31:36.189  7053  7053 E AndroidRuntime: 	at androidx.navigation.NavGraphNavigator.navigate(NavGraphNavigator.java:28)
08-17 04:31:36.189  7053  7053 E AndroidRuntime: 	at androidx.navigation.NavController.navigate(NavController.java:1066)
08-17 04:31:36.189  7053  7053 E AndroidRuntime: 	at androidx.navigation.NavController.onGraphCreated(NavController.java:639)
08-17 04:31:36.189  7053  7053 E AndroidRuntime: 	at androidx.navigation.NavController.setGraph(NavController.java:592)
08-17 04:31:36.189  7053  7053 E AndroidRuntime: 	at androidx.navigation.NavController.setGraph(NavController.java:557)
08-17 04:31:36.189  7053  7053 E AndroidRuntime: 	at androidx.navigation.NavController.setGraph(NavController.java:539)
08-17 04:31:36.189  7053  7053 E AndroidRuntime: 	at androidx.navigation.fragment.NavHostFragment.onCreate(NavHostFragment.java:248)
08-17 04:31:36.189  7053  7053 E AndroidRuntime: 	at androidx.fragment.app.Fragment.performCreate(Fragment.java:2949)
08-17 04:31:36.189  7053  7053 E AndroidRuntime: 	at androidx.fragment.app.FragmentStateManager.create(FragmentStateManager.java:475)
08-17 04:31:36.189  7053  7053 E AndroidRuntime: 	at androidx.fragment.app.FragmentStateManager.moveToExpectedState(FragmentStateManager.java:278)
08-17 04:31:36.189  7053  7053 E AndroidRuntime: 	at androidx.fragment.app.FragmentLayoutInflaterFactory.onCreateView(FragmentLayoutInflaterFactory.java:140)
08-17 04:31:36.189  7053  7053 E AndroidRuntime: 	at androidx.fragment.app.FragmentController.onCreateView(FragmentController.java:135)
08-17 04:31:36.189  7053  7053 E AndroidRuntime: 	at androidx.fragment.app.FragmentActivity.dispatchFragmentsOnCreateView(FragmentActivity.java:319)
08-17 04:31:36.189  7053  7053 E AndroidRuntime: 	at androidx.fragment.app.FragmentActivity.onCreateView(FragmentActivity.java:298)
08-17 04:31:36.189  7053  7053 E AndroidRuntime: 	at android.view.LayoutInflater.tryCreateView(LayoutInflater.java:1069)
08-17 04:31:36.189  7053  7053 E AndroidRuntime: 	at android.view.LayoutInflater.createViewFromTag(LayoutInflater.java:997)
08-17 04:31:36.189  7053  7053 E AndroidRuntime: 	at android.view.LayoutInflater.createViewFromTag(LayoutInflater.java:961)
08-17 04:31:36.189  7053  7053 E AndroidRuntime: 	at android.view.LayoutInflater.rInflate(LayoutInflater.java:1123)
08-17 04:31:36.195  7053  7053 E AndroidRuntime: 	at android.view.LayoutInflater.rInflateChildren(LayoutInflater.java:1084)
08-17 04:31:36.195  7053  7053 E AndroidRuntime: 	at android.view.LayoutInflater.parseInclude(LayoutInflater.java:1263)
08-17 04:31:36.195  7053  7053 E AndroidRuntime: 	at android.view.LayoutInflater.rInflate(LayoutInflater.java:1119)
08-17 04:31:36.195  7053  7053 E AndroidRuntime: 	at android.view.LayoutInflater.rInflateChildren(LayoutInflater.java:1084)
08-17 04:31:36.195  7053  7053 E AndroidRuntime: 	at android.view.LayoutInflater.inflate(LayoutInflater.java:682)
08-17 04:31:36.195  7053  7053 E AndroidRuntime: 	at android.view.LayoutInflater.inflate(LayoutInflater.java:534)
08-17 04:31:36.195  7053  7053 E AndroidRuntime: 	at android.view.LayoutInflater.inflate(LayoutInflater.java:481)
08-17 04:31:36.195  7053  7053 E AndroidRuntime: 	at androidx.appcompat.app.AppCompatDelegateImpl.setContentView(AppCompatDelegateImpl.java:699)
08-17 04:31:36.195  7053  7053 E AndroidRuntime: 	at androidx.appcompat.app.AppCompatActivity.setContentView(AppCompatActivity.java:195)
08-17 04:31:36.195  7053  7053 E AndroidRuntime: 	at com.example.superreflection.MainActivity.onCreate(MainActivity.java:23)
08-17 04:31:36.195  7053  7053 E AndroidRuntime: 	at android.app.Activity.performCreate(Activity.java:8006)
08-17 04:31:36.195  7053  7053 E AndroidRuntime: 	at android.app.Activity.performCreate(Activity.java:7986)
08-17 04:31:36.195  7053  7053 E AndroidRuntime: 	at android.app.Instrumentation.callActivityOnCreate(Instrumentation.java:1329)
08-17 04:31:36.195  7053  7053 E AndroidRuntime: 	at android.app.ActivityThread.performLaunchActivity(ActivityThread.java:3547)
08-17 04:31:36.195  7053  7053 E AndroidRuntime: 	at android.app.ActivityThread.handleLaunchActivity(ActivityThread.java:3731)
08-17 04:31:36.195  7053  7053 E AndroidRuntime: 	at android.app.servertransaction.LaunchActivityItem.execute(LaunchActivityItem.java:100)
08-17 04:31:36.195  7053  7053 E AndroidRuntime: 	at android.app.servertransaction.TransactionExecutor.executeCallbacks(TransactionExecutor.java:135)
08-17 04:31:36.195  7053  7053 E AndroidRuntime: 	at android.app.servertransaction.TransactionExecutor.execute(TransactionExecutor.java:95)
08-17 04:31:36.195  7053  7053 E AndroidRuntime: 	at android.app.ActivityThread$H.handleMessage(ActivityThread.java:2167)
08-17 04:31:36.195  7053  7053 E AndroidRuntime: 	at android.os.Handler.dispatchMessage(Handler.java:106)
08-17 04:31:36.195  7053  7053 E AndroidRuntime: 	at android.os.Looper.loopOnce(Looper.java:201)
08-17 04:31:36.195  7053  7053 E AndroidRuntime: 	at android.os.Looper.loop(Looper.java:288)
08-17 04:31:36.195  7053  7053 E AndroidRuntime: 	at android.app.ActivityThread.main(ActivityThread.java:7727)
08-17 04:31:36.195  7053  7053 E AndroidRuntime: 	at java.lang.reflect.Method.invoke(Native Method)
08-17 04:31:36.195  7053  7053 E AndroidRuntime: 	at com.android.internal.os.RuntimeInit$MethodAndArgsCaller.run(RuntimeInit.java:548)
08-17 04:31:36.195  7053  7053 E AndroidRuntime: 	at com.android.internal.os.ZygoteInit.main(ZygoteInit.java:975)
08-17 04:31:36.195  7053  7053 E AndroidRuntime: Caused by: java.lang.ClassNotFoundException: com.core.superreflection.FirstFragment
08-17 04:31:36.195  7053  7053 E AndroidRuntime: 	at java.lang.Class.classForName(Native Method)
08-17 04:31:36.195  7053  7053 E AndroidRuntime: 	at java.lang.Class.forName(Class.java:454)
08-17 04:31:36.195  7053  7053 E AndroidRuntime: 	at androidx.fragment.app.FragmentFactory.loadClass(FragmentFactory.java:53)
08-17 04:31:36.195  7053  7053 E AndroidRuntime: 	at androidx.fragment.app.FragmentFactory.loadFragmentClass(FragmentFactory.java:94)
08-17 04:31:36.195  7053  7053 E AndroidRuntime: 	... 51 more
08-17 04:31:36.195  7053  7053 E AndroidRuntime: Caused by: java.lang.ClassNotFoundException: Didn't find class "com.core.superreflection.FirstFragment" on path: DexPathList[[zip file "/data/app/~~LMW3YKjU8zZypYI7M1-lww==/com.example.superreflection-k9TuNpQorg7HSx9pXlF2aQ==/base.apk"],nativeLibraryDirectories=[/data/app/~~LMW3YKjU8zZypYI7M1-lww==/com.example.superreflection-k9TuNpQorg7HSx9pXlF2aQ==/lib/x86_64, /data/app/~~LMW3YKjU8zZypYI7M1-lww==/com.example.superreflection-k9TuNpQorg7HSx9pXlF2aQ==/base.apk!/lib/x86_64, /system/lib64, /system_ext/lib64]]
08-17 04:31:36.195  7053  7053 E AndroidRuntime: 	at dalvik.system.BaseDexClassLoader.findClass(BaseDexClassLoader.java:207)
08-17 04:31:36.195  7053  7053 E AndroidRuntime: 	at java.lang.ClassLoader.loadClass(ClassLoader.java:379)
08-17 04:31:36.195  7053  7053 E AndroidRuntime: 	at java.lang.ClassLoader.loadClass(ClassLoader.java:312)
08-17 04:31:36.195  7053  7053 E AndroidRuntime: 	... 55 more
08-17 04:31:36.201   363   363 W RanchuHwc: validateDisplay: layer 50 CompositionType 1, fallback
08-17 04:31:36.203   363   363 W RanchuHwc: presentDisplay display has no layers to compose, flushing client target buffer.
08-17 04:31:36.204   572  7076 I DropBoxManagerService: add tag=data_app_crash isTagEnabled=true flags=0x2
08-17 04:31:36.204   572   741 W ActivityTaskManager:   Force finishing activity com.example.superreflection/.MainActivity
08-17 04:31:36.205   362   385 D goldfish-address-space: claimShared: Ask to claim region [0x3f63be000 0x3f69c1000]
08-17 04:31:36.213   572   606 W BroadcastQueue: Background execution not allowed: receiving Intent { act=android.intent.action.DROPBOX_ENTRY_ADDED flg=0x10 (has extras) } to com.google.android.gms/.stats.service.DropBoxEntryAddedReceiver
08-17 04:31:36.213   572   606 W BroadcastQueue: Background execution not allowed: receiving Intent { act=android.intent.action.DROPBOX_ENTRY_ADDED flg=0x10 (has extras) } to com.google.android.gms/.chimera.GmsIntentOperationService$PersistentTrustedReceiver
08-17 04:31:36.214  7053  7053 I Process : Sending signal. PID: 7053 SIG: 9
08-17 04:31:36.217   363   363 W RanchuHwc: validateDisplay: layer 50 CompositionType 1, fallback
08-17 04:31:36.219   363   363 W RanchuHwc: presentDisplay display has no layers to compose, flushing client target buffer.
08-17 04:31:36.224   341   341 I Zygote  : Process 7053 exited due to signal 9 (Killed)
08-17 04:31:36.225   572   741 I ActivityManager: Process com.example.superreflection (pid 7053) has died: fg  TOP 
08-17 04:31:36.227   572   608 I libprocessgroup: Successfully killed process cgroup uid 10180 pid 7053 in 0ms
08-17 04:31:36.227   572   741 W InputReader: Device virtio_input_multi_touch_7 is associated with display ADISPLAY_ID_NONE.
08-17 04:31:36.227   572   741 W InputReader: Device virtio_input_multi_touch_10 is associated with display ADISPLAY_ID_NONE.
08-17 04:31:36.227   572   741 W InputReader: Device virtio_input_multi_touch_11 is associated with display ADISPLAY_ID_NONE.
08-17 04:31:36.227   572   741 W InputReader: Device virtio_input_multi_touch_3 is associated with display ADISPLAY_ID_NONE.
08-17 04:31:36.227   572   741 W InputReader: Device virtio_input_multi_touch_2 is associated with display ADISPLAY_ID_NONE.
08-17 04:31:36.227   572   741 W InputReader: Device virtio_input_multi_touch_8 is associated with display ADISPLAY_ID_NONE.
08-17 04:31:36.227   572   741 W InputReader: Device virtio_input_multi_touch_4 is associated with display ADISPLAY_ID_NONE.
08-17 04:31:36.227   572   741 W InputReader: Device virtio_input_multi_touch_9 is associated with display ADISPLAY_ID_NONE.
08-17 04:31:36.227   572   741 W InputReader: Device virtio_input_multi_touch_5 is associated with display ADISPLAY_ID_NONE.
08-17 04:31:36.227   572   741 W InputReader: Device virtio_input_multi_touch_6 is associated with display ADISPLAY_ID_NONE.
08-17 04:31:36.228   572   741 W InputReader: Device virtio_input_multi_touch_7 is associated with display ADISPLAY_ID_NONE.
08-17 04:31:36.228   572   741 W InputReader: Device virtio_input_multi_touch_10 is associated with display ADISPLAY_ID_NONE.
08-17 04:31:36.228   572   741 W InputReader: Device virtio_input_multi_touch_11 is associated with display ADISPLAY_ID_NONE.
08-17 04:31:36.228   572   741 W InputReader: Device virtio_input_multi_touch_3 is associated with display ADISPLAY_ID_NONE.
08-17 04:31:36.228   572   741 W InputReader: Device virtio_input_multi_touch_2 is associated with display ADISPLAY_ID_NONE.
08-17 04:31:36.228   572   741 W InputReader: Device virtio_input_multi_touch_8 is associated with display ADISPLAY_ID_NONE.
08-17 04:31:36.228   572   741 W InputReader: Device virtio_input_multi_touch_4 is associated with display ADISPLAY_ID_NONE.
08-17 04:31:36.228   572   741 W InputReader: Device virtio_input_multi_touch_9 is associated with display ADISPLAY_ID_NONE.
08-17 04:31:36.228   572   741 W InputReader: Device virtio_input_multi_touch_5 is associated with display ADISPLAY_ID_NONE.
08-17 04:31:36.228   572   741 W InputReader: Device virtio_input_multi_touch_6 is associated with display ADISPLAY_ID_NONE.
08-17 04:31:36.234   363   363 W RanchuHwc: validateDisplay: layer 50 CompositionType 1, fallback
08-17 04:31:36.235   363   363 W RanchuHwc: presentDisplay display has no layers to compose, flushing client target buffer.
08-17 04:31:36.242   572   592 W ActivityManager: Unable to start service Intent { act=android.service.appprediction.AppPredictionService cmp=com.google.android.as/com.google.android.apps.miphone.aiai.app.AiAiPredictionService } U=0: not found
08-17 04:31:36.243   572   592 W RemoteAppPredictionService: could not bind to Intent { act=android.service.appprediction.AppPredictionService cmp=com.google.android.as/com.google.android.apps.miphone.aiai.app.AiAiPredictionService } using flags 67112961
08-17 04:31:36.243   572  2275 W InputManager-JNI: Input channel object 'b66b3bd Splash Screen com.example.superreflection (client)' was disposed without first being removed with the input manager!
08-17 04:31:36.244   916   929 W System  : A resource failed to call close. 
08-17 04:31:36.245   916   929 W System  : A resource failed to call close. 
08-17 04:31:36.245   572   592 W ActivityManager: Unable to start service Intent { act=android.service.appprediction.AppPredictionService cmp=com.google.android.as/com.google.android.apps.miphone.aiai.app.AiAiPredictionService } U=0: not found
08-17 04:31:36.246   572   592 W RemoteAppPredictionService: could not bind to Intent { act=android.service.appprediction.AppPredictionService cmp=com.google.android.as/com.google.android.apps.miphone.aiai.app.AiAiPredictionService } using flags 67112961
08-17 04:31:36.246   916   929 W System  : A resource failed to call release. 
08-17 04:31:36.246   916   929 W System  : A resource failed to call release. 
08-17 04:31:36.246   916   929 W System  : A resource failed to call release. 
08-17 04:31:36.250   404   404 E ClientCache: failed to get buffer, invalid buffer id
08-17 04:31:36.250   404   404 E ClientCache: failed to register erased recipient, could not retrieve buffer
08-17 04:31:36.251   363   363 W RanchuHwc: validateDisplay: layer 50 CompositionType 1, fallback
08-17 04:31:36.253   363   363 W RanchuHwc: presentDisplay display has no layers to compose, flushing client target buffer.
08-17 04:31:36.253   762   833 D EGL_emulation: app_time_stats: avg=164.57ms min=15.24ms max=1346.72ms count=9
08-17 04:31:36.255   762   833 D EGL_emulation: app_time_stats: avg=164.61ms min=14.24ms max=1346.48ms count=9
08-17 04:31:36.256  1334  1334 I GoogleInputMethodService: GoogleInputMethodService.onFinishInput():3341 
08-17 04:31:36.257  1334  1334 I GoogleInputMethodService: GoogleInputMethodService.onStartInput():1906 
08-17 04:31:36.268   363   363 W RanchuHwc: validateDisplay: layer 50 CompositionType 1, fallback
08-17 04:31:36.270   363   363 W RanchuHwc: presentDisplay display has no layers to compose, flushing client target buffer.
08-17 04:31:36.285   363   363 W RanchuHwc: validateDisplay: layer 50 CompositionType 1, fallback
08-17 04:31:36.287   363   363 W RanchuHwc: presentDisplay display has no layers to compose, flushing client target buffer.
08-17 04:31:36.304   363   363 W RanchuHwc: validateDisplay: layer 50 CompositionType 1, fallback
08-17 04:31:36.307   363   363 W RanchuHwc: presentDisplay display has no layers to compose, flushing client target buffer.
08-17 04:31:36.317   363   363 W RanchuHwc: validateDisplay: layer 50 CompositionType 1, fallback
08-17 04:31:36.319   363   363 W RanchuHwc: presentDisplay display has no layers to compose, flushing client target buffer.
08-17 04:31:36.336   363   363 W RanchuHwc: validateDisplay: layer 50 CompositionType 1, fallback
08-17 04:31:36.339   363   363 W RanchuHwc: presentDisplay display has no layers to compose, flushing client target buffer.
08-17 04:31:36.352   363   363 W RanchuHwc: validateDisplay: layer 50 CompositionType 1, fallback
08-17 04:31:36.355   363   363 W RanchuHwc: presentDisplay display has no layers to compose, flushing client target buffer.
08-17 04:31:36.368   363   363 W RanchuHwc: validateDisplay: layer 50 CompositionType 1, fallback
08-17 04:31:36.370   363   363 W RanchuHwc: presentDisplay display has no layers to compose, flushing client target buffer.
08-17 04:31:36.385   363   363 W RanchuHwc: validateDisplay: layer 50 CompositionType 1, fallback
08-17 04:31:36.387   363   363 W RanchuHwc: presentDisplay display has no layers to compose, flushing client target buffer.
08-17 04:31:36.401   363   363 W RanchuHwc: validateDisplay: layer 50 CompositionType 1, fallback
08-17 04:31:36.403   363   363 W RanchuHwc: presentDisplay display has no layers to compose, flushing client target buffer.
08-17 04:31:36.419   363   363 W RanchuHwc: validateDisplay: layer 50 CompositionType 1, fallback
08-17 04:31:36.421   363   363 W RanchuHwc: presentDisplay display has no layers to compose, flushing client target buffer.
08-17 04:31:36.435   363   363 W RanchuHwc: validateDisplay: layer 50 CompositionType 1, fallback
08-17 04:31:36.438   363   363 W RanchuHwc: presentDisplay display has no layers to compose, flushing client target buffer.
08-17 04:31:36.469   916  5264 W FrameTracker: Missed App frame:16
08-17 04:31:36.469   916  5264 W FrameTracker: Missed App frame:16
08-17 04:31:36.469   916  5264 W FrameTracker: Missed App frame:16
08-17 04:31:36.469   916  5264 W FrameTracker: Missed App frame:16
08-17 04:31:36.469   916  5264 W FrameTracker: Missed App frame:16
08-17 04:31:36.469   916  5264 W FrameTracker: Missed App frame:16
08-17 04:31:36.469   916  5264 W FrameTracker: Missed App frame:16
08-17 04:31:36.469   916  5264 W FrameTracker: Missed App frame:16
08-17 04:31:36.469   916  5264 W FrameTracker: Missed App frame:16
08-17 04:31:36.469   916  5264 W FrameTracker: Missed App frame:16
08-17 04:31:36.469   916  5264 W FrameTracker: Missed App frame:16
08-17 04:31:36.469   916  5264 W FrameTracker: Missed App frame:16
08-17 04:31:36.469   916  5264 W FrameTracker: Missed App frame:16
08-17 04:31:36.469   916  5264 W FrameTracker: Missed App frame:16
08-17 04:31:36.469   916  5264 W FrameTracker: Missed App frame:16
08-17 04:31:36.469   916  5264 W FrameTracker: Missed App frame:16
08-17 04:31:36.469   916  5264 W FrameTracker: Missed App frame:16
08-17 04:31:36.469   916  5264 W FrameTracker: Missed App frame:16
08-17 04:31:36.469   916  5264 W FrameTracker: Missed App frame:16
08-17 04:31:36.469   916  5264 W FrameTracker: Missed App frame:16
08-17 04:31:36.469   916  5264 W FrameTracker: Missed App frame:16
08-17 04:31:36.469   916  5264 W FrameTracker: Missed App frame:16
08-17 04:31:36.469   916  5264 W FrameTracker: Missed App frame:16
08-17 04:31:36.469   916  5264 W FrameTracker: Missed App frame:16
08-17 04:31:36.469   916  5264 W FrameTracker: Missed App frame:16
08-17 04:31:36.469   916  5264 W FrameTracker: Missed App frame:16
08-17 04:31:36.470   916  1553 V PerfettoTrigger: Not triggering com.android.telemetry.interaction-jank-monitor-8 - not enough time since last trigger
08-17 04:31:36.705   572   598 W ActivityTaskManager: Activity top resumed state loss timeout for ActivityRecord{bd4ed38 u0 com.example.superreflection/.MainActivity t-1 f}}
08-17 04:31:37.023   916  2020 E ActivityThread: Failed to find provider info for com.google.android.apps.wellbeing.api
08-17 04:31:37.298  6128  6128 D BoundBrokerSvc: onUnbind: Intent { act=com.google.android.gms.measurement.START pkg=com.google.android.gms }
08-17 04:31:37.339  6857  6857 D CompatibilityChangeReporter: Compat change id reported: 150939131; UID 10100; state: ENABLED
08-17 04:31:37.340  6857  6857 I ProvidersCache: Updating roots due to change on user 0at content://com.google.android.apps.docs.storage/root
08-17 04:31:37.367  6857  6894 I ProvidersCache: Provider returned no roots. Possibly naughty: com.google.android.apps.docs.storage
08-17 04:31:37.867   572  2275 W ActivityManager: Unbind failed: could not find connection for android.os.BinderProxy@409a4d3
08-17 04:31:40.440   572   597 I DropBoxManagerService: add tag=system_server_strictmode isTagEnabled=true flags=0x2
08-17 04:31:40.442   572   597 I DropBoxManagerService: add tag=system_server_strictmode isTagEnabled=true flags=0x2
08-17 04:31:40.442   572   597 I DropBoxManagerService: add tag=system_server_strictmode isTagEnabled=true flags=0x2
08-17 04:31:40.443   572   597 I DropBoxManagerService: add tag=system_server_strictmode isTagEnabled=true flags=0x2
08-17 04:31:40.444   572   597 I DropBoxManagerService: add tag=system_server_strictmode isTagEnabled=true flags=0x2
08-17 04:31:40.444   572   597 I DropBoxManagerService: add tag=system_server_strictmode isTagEnabled=true flags=0x2
08-17 04:31:40.445   572   597 I DropBoxManagerService: add tag=system_server_strictmode isTagEnabled=true flags=0x2
08-17 04:31:41.551  1135  1135 D BoundBrokerSvc: onUnbind: Intent { act=com.google.android.gms.scheduler.ACTION_PROXY_SCHEDULE cmp=com.google.android.gms/.chimera.PersistentInternalBoundBrokerService }
08-17 04:31:41.883  1135  1135 D BoundBrokerSvc: onUnbind: Intent { act=com.google.android.gms.clearcut.bootcount.service.START pkg=com.google.android.gms }
08-17 04:31:42.115  6128  6128 D BoundBrokerSvc: onUnbind: Intent { act=com.google.android.gms.feedback.internal.IFeedbackService cmp=com.google.android.gms/.chimera.GmsBoundBrokerService }
08-17 04:31:42.445   572   606 W BroadcastQueue: Background execution not allowed: receiving Intent { act=android.intent.action.DROPBOX_ENTRY_ADDED flg=0x10 (has extras) } to com.google.android.gms/.stats.service.DropBoxEntryAddedReceiver
08-17 04:31:42.445   572   606 W BroadcastQueue: Background execution not allowed: receiving Intent { act=android.intent.action.DROPBOX_ENTRY_ADDED flg=0x10 (has extras) } to com.google.android.gms/.chimera.GmsIntentOperationService$PersistentTrustedReceiver
08-17 04:31:42.467  6128  6128 D BoundBrokerSvc: onUnbind: Intent { act=com.google.android.gms.people.service.START pkg=com.google.android.gms }
08-17 04:31:42.467  6128  6128 D BoundBrokerSvc: onUnbind: Intent { act=com.google.android.mobstore.service.START pkg=com.google.android.gms }
08-17 04:31:45.296   572   572 W WindowManager: removeWindowToken: Attempted to remove non-existing token: android.os.Binder@24a60a8
08-17 04:31:52.042   916  2020 E ActivityThread: Failed to find provider info for com.google.android.apps.wellbeing.api
08-17 04:31:57.532  6128  6660 I ContentMaintenance: Internal cache bytes used: 0; limit: 100000000; download size: 0
08-17 04:31:57.540  6128  6660 I RealtimeCacheCleanup: Beginning Realtime garbage collection.
08-17 04:31:57.540  6128  6660 I RealtimeCacheCleanup: Finished Realtime garbage collection.
08-17 04:32:00.007   762   762 D KeyguardClockSwitch: Updating clock: 432
08-17 04:32:00.030   762   833 D EGL_emulation: app_time_stats: avg=2641.43ms min=11.19ms max=23641.95ms count=9
08-17 04:32:04.995   916  1688 D EGL_emulation: app_time_stats: avg=632.07ms min=1.96ms max=28341.27ms count=46
08-17 04:32:05.076   916  2020 E ActivityThread: Failed to find provider info for com.google.android.apps.wellbeing.api
08-17 04:32:05.469   572   826 D WifiNl80211Manager: Scan result ready event
08-17 04:32:05.470   572   826 D WifiNative: Scan result ready event
08-17 04:32:22.066   916  2020 E ActivityThread: Failed to find provider info for com.google.android.apps.wellbeing.api
08-17 04:32:26.304   572   668 W RuleEvaluation: Integrity rule files are not available.
08-17 04:32:26.305   572   627 I PackageManager: Integrity check passed for file:///data/app/vmdl1194479447.tmp
08-17 04:32:26.312   572   606 I ActivityManager: Force stopping com.example.superreflection appid=10180 user=-1: installPackageLI
08-17 04:32:26.313   572   627 I PackageManager: Update package com.example.superreflection code path from /data/app/~~LMW3YKjU8zZypYI7M1-lww==/com.example.superreflection-k9TuNpQorg7HSx9pXlF2aQ== to /data/app/~~E_uq3e733WAGGsELPjWcoA==/com.example.superreflection-HDl9J4EARx90DGtRSa7i-Q==; Retain data and using new
08-17 04:32:26.340   572   627 D PackageManager: Instant App installer not found with android.intent.action.INSTALL_INSTANT_APP_PACKAGE
08-17 04:32:26.340   572   627 D PackageManager: Clear ephemeral installer activity
08-17 04:32:26.354   464   490 E installd: Couldn't opendir /data/app/vmdl1194479447.tmp: No such file or directory
08-17 04:32:26.354   464   490 E installd: Failed to delete /data/app/vmdl1194479447.tmp: No such file or directory
08-17 04:32:26.354   572   627 I ActivityManager: Force stopping com.example.superreflection appid=10180 user=0: pkg removed
08-17 04:32:26.369  1472  1472 I MediaProvider: Invalidating LocalCallingIdentity cache for package com.example.superreflection. Reason: package android.intent.action.PACKAGE_REMOVED
08-17 04:32:26.375   572   606 W BroadcastQueue: Background execution not allowed: receiving Intent { act=android.intent.action.PACKAGE_REMOVED dat=package:com.example.superreflection flg=0x4000010 (has extras) } to com.google.android.gms/.games.chimera.GamesSystemBroadcastReceiverProxy
08-17 04:32:26.376   572   606 W BroadcastQueue: Background execution not allowed: receiving Intent { act=android.intent.action.PACKAGE_REMOVED dat=package:com.example.superreflection flg=0x4000010 (has extras) } to com.google.android.gms/.chimera.GmsIntentOperationService$PersistentTrustedReceiver
08-17 04:32:26.376   572   606 W BroadcastQueue: Background execution not allowed: receiving Intent { act=android.intent.action.PACKAGE_REMOVED dat=package:com.example.superreflection flg=0x4000010 (has extras) } to com.google.android.googlequicksearchbox/com.google.android.apps.gsa.googlequicksearchbox.GelStubAppWatcher
08-17 04:32:26.376   746   746 V MediaPlayerList: mPackageChangedBroadcastReceiver: action: android.intent.action.PACKAGE_REMOVED
08-17 04:32:26.384  2862  2862 I GsaVoiceInteractionSrv: O received Intent { act=android.intent.action.PACKAGE_REMOVED dat=package:com.example.superreflection flg=0x4000010 (has extras) }
08-17 04:32:26.402   572   662 I InputReader: Reconfiguring input devices, changes=KEYBOARD_LAYOUTS | 
08-17 04:32:26.406   572   627 D CompatibilityChangeReporter: Compat change id reported: 168419799; UID 10180; state: DISABLED
08-17 04:32:26.407   340   340 I netd    : trafficSetNetPermForUids(0, [10180]) <0.15ms>
08-17 04:32:26.409   572   572 I Telecom : CarModeTracker: Package com.example.superreflection is not tracked.: SSH.oR@ARk
08-17 04:32:26.409   572   572 I Telecom : InCallController: updateCarModeForConnections: car mode apps: : SSH.oR@ARk
08-17 04:32:26.427   572   595 D CompanionDeviceManagerService: onPackageModified(packageName = com.example.superreflection)
08-17 04:32:26.429   572   662 I InputReader: Reconfiguring input devices, changes=KEYBOARD_LAYOUTS | 
08-17 04:32:26.430  1472  1472 I MediaProvider: Invalidating LocalCallingIdentity cache for package com.example.superreflection. Reason: package android.intent.action.PACKAGE_ADDED
08-17 04:32:26.434   746   746 V MediaPlayerList: mPackageChangedBroadcastReceiver: action: android.intent.action.PACKAGE_ADDED
08-17 04:32:26.434   746   746 D MediaPlayerList: Name of package changed: com.example.superreflection
08-17 04:32:26.435   340   340 I netd    : trafficSetNetPermForUids(0, [10180]) <0.01ms>
08-17 04:32:26.436   572   572 I Telecom : DefaultDialerCache: Refreshing default dialer for user 0: now com.google.android.dialer: DDC.oR@ARo
08-17 04:32:26.440   572   662 I InputReader: Reconfiguring input devices, changes=KEYBOARD_LAYOUTS | 
08-17 04:32:26.441   572   606 W BroadcastQueue: Background execution not allowed: receiving Intent { act=android.intent.action.PACKAGE_ADDED dat=package:com.example.superreflection flg=0x4000010 (has extras) } to com.google.android.packageinstaller/com.android.packageinstaller.PackageInstalledReceiver
08-17 04:32:26.442   572   572 V BackupManagerConstants: getFullBackupIntervalMilliseconds(...) returns 86400000
08-17 04:32:26.442   572   606 W BroadcastQueue: Background execution not allowed: receiving Intent { act=android.intent.action.PACKAGE_ADDED dat=package:com.example.superreflection flg=0x4000010 (has extras) } to com.google.android.gms/.games.chimera.GamesSystemBroadcastReceiverProxy
08-17 04:32:26.442   572   606 W BroadcastQueue: Background execution not allowed: receiving Intent { act=android.intent.action.PACKAGE_ADDED dat=package:com.example.superreflection flg=0x4000010 (has extras) } to com.google.android.gms/.gass.chimera.PackageChangeBroadcastReceiver
08-17 04:32:26.442   572   606 W BroadcastQueue: Background execution not allowed: receiving Intent { act=android.intent.action.PACKAGE_ADDED dat=package:com.example.superreflection flg=0x4000010 (has extras) } to com.google.android.gms/.chimera.GmsIntentOperationService$PersistentTrustedReceiver
08-17 04:32:26.442   572   606 W BroadcastQueue: Background execution not allowed: receiving Intent { act=android.intent.action.PACKAGE_ADDED dat=package:com.example.superreflection flg=0x4000010 (has extras) } to com.google.android.googlequicksearchbox/com.google.android.apps.gsa.googlequicksearchbox.GelStubAppWatcher
08-17 04:32:26.442   572   606 W BroadcastQueue: Background execution not allowed: receiving Intent { act=android.intent.action.PACKAGE_REPLACED dat=package:com.example.superreflection flg=0x4000010 (has extras) } to com.google.android.gms/.gass.chimera.PackageChangeBroadcastReceiver
08-17 04:32:26.442   572   606 W BroadcastQueue: Background execution not allowed: receiving Intent { act=android.intent.action.PACKAGE_REPLACED dat=package:com.example.superreflection flg=0x4000010 (has extras) } to com.google.android.gms/.chimera.GmsIntentOperationService$PersistentTrustedReceiver
08-17 04:32:26.443   572   606 W BroadcastQueue: Background execution not allowed: receiving Intent { act=android.intent.action.PACKAGE_REPLACED dat=package:com.example.superreflection flg=0x4000010 (has extras) } to com.google.android.googlequicksearchbox/com.google.android.apps.gsa.googlequicksearchbox.GelStubAppWatcher
08-17 04:32:26.444   572   572 V BackupManagerConstants: getFullBackupRequiredNetworkType(...) returns 2
08-17 04:32:26.444   572   572 V BackupManagerConstants: getFullBackupRequireCharging(...) returns true
08-17 04:32:26.446  2862  2862 I GsaVoiceInteractionSrv: O received Intent { act=android.intent.action.PACKAGE_ADDED dat=package:com.example.superreflection flg=0x4000010 (has extras) }
08-17 04:32:26.446  2862  2862 I GsaVoiceInteractionSrv: O received Intent { act=android.intent.action.PACKAGE_REPLACED dat=package:com.example.superreflection flg=0x4000010 (has extras) }
08-17 04:32:26.447   916  2020 E ActivityThread: Failed to find provider info for com.google.android.apps.wellbeing.api
08-17 04:32:26.484  6128  6139 I gle.android.gm: Background concurrent copying GC freed 34266(1563KB) AllocSpace objects, 14(672KB) LOS objects, 49% free, 9075KB/17MB, paused 100us total 106.576ms
08-17 04:32:26.504  6857  7098 I ProvidersCache: Provider returned no roots. Possibly naughty: com.google.android.apps.docs.storage
08-17 04:32:26.517   780   801 I PermissionControllerServiceImpl: Updating user sensitive for uid 10180
08-17 04:32:26.549  1036  1036 D CarrierSvcBindHelper: No carrier app for: 0
08-17 04:32:26.551   762   772 I ndroid.systemu: Background concurrent copying GC freed 6019(405KB) AllocSpace objects, 0(0B) LOS objects, 49% free, 9460KB/18MB, paused 119us total 177.772ms
08-17 04:32:26.556  1036  1036 D CarrierSvcBindHelper: No carrier app for: 0
08-17 04:32:26.569  1036  1036 D CarrierConfigLoader: mHandler: 9 phoneId: 0
08-17 04:32:26.573  6857  6894 I ProvidersCache: Provider returned no roots. Possibly naughty: com.google.android.apps.docs.storage
08-17 04:32:26.596  6128  7111 I Auth    : [SupervisedAccountIntentOperation] onHandleIntent(): android.intent.action.PACKAGE_ADDED
08-17 04:32:26.599  1135  7112 I Fitness : FitCleanupIntentOperation received Intent android.intent.action.PACKAGE_REMOVED [CONTEXT service_id=17 ]
08-17 04:32:26.603  1135  7104 I FontLog : Package com.example.superreflection has no metadata [CONTEXT service_id=132 ]
08-17 04:32:26.643  1135  1135 I ExposureNotification: ENInternalService.onCreate, com.google.android.gms.nearby.exposurenotification.service.ExposureNotificationInternalChimeraService@7ff5204 [CONTEXT service_id=236 ]
08-17 04:32:26.648  6128  7124 W SQLiteLog: (28) double-quoted string literal: "com.example.superreflection"
08-17 04:32:26.649  6128  6128 D BoundBrokerSvc: onBind: Intent { act=com.google.android.gms.common.BIND_SHARED_PREFS pkg=com.google.android.gms }
08-17 04:32:26.653  6128  6128 D BoundBrokerSvc: Loading bound service for intent: Intent { act=com.google.android.gms.common.BIND_SHARED_PREFS pkg=com.google.android.gms }
08-17 04:32:26.660  1135  1135 I ExposureNotification: ENWearableDeviceManager: regularSyncAndScheduleNext triggered [CONTEXT service_id=236 ]
08-17 04:32:26.660  1135  1135 I ExposureNotification: No active clients [CONTEXT service_id=236 ]
08-17 04:32:26.660  1135  1135 I ExposureNotification: WakeLockHelper failed to find active client package [CONTEXT service_id=236 ]
08-17 04:32:26.663  1135  2003 I ExposureNotification: ENWearableDeviceManager: regularSyncAndScheduleNext started [CONTEXT service_id=236 ]
08-17 04:32:26.665  1135  2003 I ExposureNotification: ENWearableDeviceManager: updateCachedWearableDevices find 0 devices [CONTEXT service_id=236 ]
08-17 04:32:26.669  1135  2234 I ExposureNotification: ENInternalService.onStartCommand, Intent { act=com.google.android.gms.nearby.exposurenotification.service.ACTION_WAKE_UP cmp=com.google.android.gms/.nearby.exposurenotification.service.ExposureNotificationInternalService (has extras) }, com.google.android.gms.nearby.exposurenotification.service.ExposureNotificationInternalChimeraService@7ff5204 [CONTEXT service_id=236 ]
08-17 04:32:26.670  6128  6128 D BoundBrokerSvc: onUnbind: Intent { act=com.google.android.gms.common.BIND_SHARED_PREFS pkg=com.google.android.gms }
08-17 04:32:26.672  1135  2003 I ExposureNotification: ENWearableDeviceManager: No wearable device, ignore regularSyncAndScheduleNext [CONTEXT service_id=236 ]
08-17 04:32:26.676  6128  6179 I Icing   : IndexChimeraService.getServiceInterface callingPackage=com.google.android.gms componentName=AppsCorpus serviceId=36
08-17 04:32:26.676   916   916 D AllAppsContainerView: onDraw at = 1629145946676
08-17 04:32:26.678  1135  2234 I ExposureNotification: AlarmManagerImpl.opportunisticSchedule called, delay=1800000ms [CONTEXT service_id=236 ]
08-17 04:32:26.686  1135  2234 I ExposureNotification: ScheduledExecutorImpl.schedule called, delay=1800000ms [CONTEXT service_id=236 ]
08-17 04:32:26.689   916  1688 D EGL_emulation: app_time_stats: avg=21693.93ms min=21693.93ms max=21693.93ms count=1
08-17 04:32:26.691  1135  2234 I ExposureNotification: No active clients [CONTEXT service_id=236 ]
08-17 04:32:26.693  1135  2234 I ExposureNotification: Utils#isSupported enabled=true [CONTEXT service_id=236 ]
08-17 04:32:26.694  1135  2234 I ExposureNotification: Utils#isBluetoothSupported requireMultiAdvertisement=false [CONTEXT service_id=236 ]
08-17 04:32:26.696  1135  2234 I ExposureNotification: isPrimaryUser=true, isWorkProfile=false [CONTEXT service_id=236 ]
08-17 04:32:26.698  6128  6660 W Icing   : No valid account for uploading user actions
08-17 04:32:26.703  1135  2234 I ExposureNotification: isDeviceSupported=true, isBluetoothSupported=true, BluetoothAdapter.isMultipleAdvertisementSupported=false [CONTEXT service_id=236 ]
08-17 04:32:26.708  1135  2234 I ExposureNotification: isPrimaryUser=true, isWorkProfile=false [CONTEXT service_id=236 ]
08-17 04:32:26.710  6128  6128 D BoundBrokerSvc: onBind: Intent { act=com.google.android.gms.feedback.internal.IFeedbackService cmp=com.google.android.gms/.chimera.GmsBoundBrokerService }
08-17 04:32:26.710  1135  2234 W ChimeraUtils: Module com.google.android.gms.nearby_en has empty metadata display_name_string_id
08-17 04:32:26.710  6128  6128 D BoundBrokerSvc: Loading bound service for intent: Intent { act=com.google.android.gms.feedback.internal.IFeedbackService cmp=com.google.android.gms/.chimera.GmsBoundBrokerService }
08-17 04:32:26.711  1135  2234 I ExposureNotification: ENInternalService.onStartCommand received intent, action=com.google.android.gms.nearby.exposurenotification.service.ACTION_WAKE_UP [CONTEXT service_id=236 ]
08-17 04:32:26.711  1135  2234 I ExposureNotification: Attempting to wake up com.example.superreflection. [CONTEXT service_id=236 ]
08-17 04:32:26.717  1135  2234 I ExposureNotification: Denied com.example.superreflection:249C85C6B5D7B43FEEE1229EBF1DD7C9136D6F6A24A5D6583DAE5B3B2A8A3E81: not on whitelist [CONTEXT service_id=236 ]
08-17 04:32:26.717  1135  2234 I ExposureNotification: com.example.superreflection is not a whitelisted EN app, skipping. [CONTEXT service_id=236 ]
08-17 04:32:26.719  1135  2234 I ExposureNotification: No client, try to stop tracing. [CONTEXT service_id=236 ]
08-17 04:32:26.719  1135  2234 I ExposureNotification: ENInternalService.stopTracing, com.google.android.gms.nearby.exposurenotification.service.ExposureNotificationInternalChimeraService@7ff5204 [CONTEXT service_id=236 ]
08-17 04:32:26.722  1135  2234 W ChimeraUtils: Module com.google.android.gms.nearby_en has empty metadata display_name_string_id
08-17 04:32:26.726  1135  2234 W ChimeraUtils: Module com.google.android.gms.nearby_en has empty metadata display_name_string_id
08-17 04:32:26.728  1135  2234 I ExposureNotification: User turn off scanning. [CONTEXT service_id=236 ]
08-17 04:32:26.729  1135  2234 I ExposureNotification: Not scanning! [CONTEXT service_id=236 ]
08-17 04:32:26.729  1135  2234 I ExposureNotification: stopTracing called but Scanner failed to stop! [CONTEXT service_id=236 ]
