08-17 04:31:24.222  6667  6667 D AppInfoDashboard: Package change irrelevant, skipping
08-17 04:31:24.226  6667  6667 D AppInfoDashboard: Package change irrelevant, skipping
08-17 04:31:24.230  6667  6667 D AppInfoDashboard: Package change irrelevant, skipping
08-17 04:31:24.231  6667  6667 D AppInfoDashboard: Package change irrelevant, skipping
08-17 04:31:24.231  6667  6667 D AppInfoDashboard: Package change irrelevant, skipping
08-17 04:31:24.232  6667  6667 D AppInfoDashboard: Package change irrelevant, skipping
08-17 04:31:24.234  6667  6667 D AppInfoDashboard: Package change irrelevant, skipping
08-17 04:31:24.235  6667  6667 D AppInfoDashboard: Package change irrelevant, skipping
08-17 04:31:24.252  6667  6667 D AppInfoDashboard: Package change irrelevant, skipping
08-17 04:31:24.252  6667  6667 D AppInfoDashboard: Package change irrelevant, skipping
08-17 04:31:24.252  6667  6667 D AppInfoDashboard: Package change irrelevant, skipping
08-17 04:31:24.252  6667  6667 D AppInfoDashboard: Package change irrelevant, skipping
08-17 04:31:24.252  6667  6667 D AppInfoDashboard: Package change irrelevant, skipping
08-17 04:31:24.252  6667  6667 D AppInfoDashboard: Package change irrelevant, skipping
08-17 04:31:24.252  6667  6667 D AppInfoDashboard: Package change irrelevant, skipping
08-17 04:31:24.252  6667  6667 D AppInfoDashboard: Package change irrelevant, skipping
08-17 04:31:24.252  6667  6667 D AppInfoDashboard: Package change irrelevant, skipping
08-17 04:31:24.252  6667  6667 D AppInfoDashboard: Package change irrelevant, skipping
08-17 04:31:24.252  6667  6667 D AppInfoDashboard: Package change irrelevant, skipping
08-17 04:31:24.252  6667  6667 D AppInfoDashboard: Package change irrelevant, skipping
08-17 04:31:24.252  6667  6667 D AppInfoDashboard: Package change irrelevant, skipping
08-17 04:31:24.252  6667  6667 D AppInfoDashboard: Package change irrelevant, skipping
08-17 04:31:24.253  6667  6667 D AppInfoDashboard: Package change irrelevant, skipping
08-17 04:31:24.253  6667  6667 D AppInfoDashboard: Package change irrelevant, skipping
08-17 04:31:24.253  6667  6667 D AppInfoDashboard: Package change irrelevant, skipping
08-17 04:31:24.253  6667  6667 D AppInfoDashboard: Package change irrelevant, skipping
08-17 04:31:24.253  6667  6667 D AppInfoDashboard: Package change irrelevant, skipping
08-17 04:31:24.253  6667  6667 D AppInfoDashboard: Package change irrelevant, skipping
08-17 04:31:24.268  6667  6667 D AppInfoDashboard: Package change irrelevant, skipping
08-17 04:31:24.268  6667  6667 D AppInfoDashboard: Package change irrelevant, skipping
08-17 04:31:24.268  6667  6667 D AppInfoDashboard: Package change irrelevant, skipping
08-17 04:31:24.268  6667  6667 D AppInfoDashboard: Package change irrelevant, skipping
08-17 04:31:24.268  6667  6667 D AppInfoDashboard: Package change irrelevant, skipping
08-17 04:31:24.268  6667  6667 D AppInfoDashboard: Package change irrelevant, skipping
08-17 04:31:24.268  6667  6667 D AppInfoDashboard: Package change irrelevant, skipping
08-17 04:31:24.268  6667  6667 D AppInfoDashboard: Package change irrelevant, skipping
08-17 04:31:24.268  6667  6667 D AppInfoDashboard: Package change irrelevant, skipping
08-17 04:31:24.269  6667  6667 D AppInfoDashboard: Package change irrelevant, skipping
08-17 04:31:24.269  6667  6667 D AppInfoDashboard: Package change irrelevant, skipping
08-17 04:31:24.284  6667  6667 D AppInfoDashboard: Package change irrelevant, skipping
08-17 04:31:24.284  6667  6667 D AppInfoDashboard: Package change irrelevant, skipping
08-17 04:31:24.284  6667  6667 D AppInfoDashboard: Package change irrelevant, skipping
08-17 04:31:24.285  6667  6667 D AppInfoDashboard: Package change irrelevant, skipping
08-17 04:31:24.285  6667  6667 D AppInfoDashboard: Package change irrelevant, skipping
08-17 04:31:24.285  6667  6667 D AppInfoDashboard: Package change irrelevant, skipping
08-17 04:31:24.285  6667  6667 D AppInfoDashboard: Package change irrelevant, skipping
08-17 04:31:24.285  6667  6667 D AppInfoDashboard: Package change irrelevant, skipping
08-17 04:31:24.285  6667  6667 D AppInfoDashboard: Package change irrelevant, skipping
08-17 04:31:24.285  6667  6667 D AppInfoDashboard: Package change irrelevant, skipping
08-17 04:31:24.285  6667  6667 D AppInfoDashboard: Package change irrelevant, skipping
08-17 04:31:24.285  6667  6667 D AppInfoDashboard: Package change irrelevant, skipping
08-17 04:31:24.285  6667  6667 D AppInfoDashboard: Package change irrelevant, skipping
08-17 04:31:24.285  6667  6667 D AppInfoDashboard: Package change irrelevant, skipping
08-17 04:31:24.285  6667  6667 D AppInfoDashboard: Package change irrelevant, skipping
08-17 04:31:24.301  6667  6667 D AppInfoDashboard: Package change irrelevant, skipping
08-17 04:31:24.301  6667  6667 D AppInfoDashboard: Package change irrelevant, skipping
08-17 04:31:24.301  6667  6667 D AppInfoDashboard: Package change irrelevant, skipping
08-17 04:31:24.301  6667  6667 D AppInfoDashboard: Package change irrelevant, skipping
08-17 04:31:24.301  6667  6667 D AppInfoDashboard: Package change irrelevant, skipping
08-17 04:31:24.301  6667  6667 D AppInfoDashboard: Package change irrelevant, skipping
08-17 04:31:24.301  6667  6667 D AppInfoDashboard: Package change irrelevant, skipping
08-17 04:31:24.301  6667  6667 D AppInfoDashboard: Package change irrelevant, skipping
08-17 04:31:24.301  6667  6667 D AppInfoDashboard: Package change irrelevant, skipping
08-17 04:31:24.301  6667  6667 D AppInfoDashboard: Package change irrelevant, skipping
08-17 04:31:24.301  6667  6667 D AppInfoDashboard: Package change irrelevant, skipping
08-17 04:31:24.301  6667  6667 D AppInfoDashboard: Package change irrelevant, skipping
08-17 04:31:24.301  6667  6667 D AppInfoDashboard: Package change irrelevant, skipping
08-17 04:31:24.301  6667  6667 D AppInfoDashboard: Package change irrelevant, skipping
08-17 04:31:24.301  6667  6667 D AppInfoDashboard: Package change irrelevant, skipping
08-17 04:31:24.302  6667  6667 D AppInfoDashboard: Package change irrelevant, skipping
08-17 04:31:24.302  6667  6667 D AppInfoDashboard: Package change irrelevant, skipping
08-17 04:31:24.317  6667  6667 D AppInfoDashboard: Package change irrelevant, skipping
08-17 04:31:24.318  6667  6667 D AppInfoDashboard: Package change irrelevant, skipping
08-17 04:31:24.318  6667  6667 D AppInfoDashboard: Package change irrelevant, skipping
08-17 04:31:24.318  6667  6667 D AppInfoDashboard: Package change irrelevant, skipping
08-17 04:31:24.318  6667  6667 D AppInfoDashboard: Package change irrelevant, skipping
08-17 04:31:24.318  6667  6667 D AppInfoDashboard: Package change irrelevant, skipping
08-17 04:31:24.318  6667  6667 D AppInfoDashboard: Package change irrelevant, skipping
08-17 04:31:24.318  6667  6667 D AppInfoDashboard: Package change irrelevant, skipping
08-17 04:31:24.318  6667  6667 D AppInfoDashboard: Package change irrelevant, skipping
08-17 04:31:24.318  6667  6667 D AppInfoDashboard: Package change irrelevant, skipping
08-17 04:31:24.318  6667  6667 D AppInfoDashboard: Package change irrelevant, skipping
08-17 04:31:24.318  6667  6667 D AppInfoDashboard: Package change irrelevant, skipping
08-17 04:31:24.318  6667  6667 D AppInfoDashboard: Package change irrelevant, skipping
08-17 04:31:24.318  6667  6667 D AppInfoDashboard: Package change irrelevant, skipping
08-17 04:31:24.318  6667  6667 D AppInfoDashboard: Package change irrelevant, skipping
08-17 04:31:24.335  6667  6667 D AppInfoDashboard: Package change irrelevant, skipping
08-17 04:31:24.335  6667  6667 D AppInfoDashboard: Package change irrelevant, skipping
08-17 04:31:24.335  6667  6667 D AppInfoDashboard: Package change irrelevant, skipping
08-17 04:31:24.335  6667  6667 D AppInfoDashboard: Package change irrelevant, skipping
08-17 04:31:24.336  6667  6667 D AppInfoDashboard: Package change irrelevant, skipping
08-17 04:31:24.367  6667  6667 D AppInfoDashboard: Package change irrelevant, skipping
08-17 04:31:24.367  6667  6667 D AppInfoDashboard: Package change irrelevant, skipping
08-17 04:31:24.367  6667  6667 D AppInfoDashboard: Package change irrelevant, skipping
08-17 04:31:24.367  6667  6667 D AppInfoDashboard: Package change irrelevant, skipping
08-17 04:31:24.367  6667  6667 D AppInfoDashboard: Package change irrelevant, skipping
08-17 04:31:24.367  6667  6667 D AppInfoDashboard: Package change irrelevant, skipping
08-17 04:31:24.367  6667  6667 D AppInfoDashboard: Package change irrelevant, skipping
08-17 04:31:24.367  6667  6667 D AppInfoDashboard: Package change irrelevant, skipping
08-17 04:31:24.367  6667  6667 D AppInfoDashboard: Package change irrelevant, skipping
08-17 04:31:24.384  6667  6667 D AppInfoDashboard: Package change irrelevant, skipping
08-17 04:31:24.384  6667  6667 D AppInfoDashboard: Package change irrelevant, skipping
08-17 04:31:24.384  6667  6667 D AppInfoDashboard: Package change irrelevant, skipping
08-17 04:31:24.384  6667  6667 D AppInfoDashboard: Package change irrelevant, skipping
08-17 04:31:24.384  6667  6667 D AppInfoDashboard: Package change irrelevant, skipping
08-17 04:31:24.384  6667  6667 D AppInfoDashboard: Package change irrelevant, skipping
08-17 04:31:24.385  6667  6667 D AppInfoDashboard: Package change irrelevant, skipping
08-17 04:31:24.385  6667  6667 D AppInfoDashboard: Package change irrelevant, skipping
08-17 04:31:24.385  6667  6667 D AppInfoDashboard: Package change irrelevant, skipping
08-17 04:31:24.385  6667  6667 D AppInfoDashboard: Package change irrelevant, skipping
08-17 04:31:24.385  6667  6667 D AppInfoDashboard: Package change irrelevant, skipping
08-17 04:31:24.385  6667  6667 D AppInfoDashboard: Package change irrelevant, skipping
08-17 04:31:24.385  6667  6667 D AppInfoDashboard: Package change irrelevant, skipping
08-17 04:31:24.385  6667  6667 D AppInfoDashboard: Package change irrelevant, skipping
08-17 04:31:24.385  6667  6667 D AppInfoDashboard: Package change irrelevant, skipping
08-17 04:31:24.385  6667  6667 D AppInfoDashboard: Package change irrelevant, skipping
08-17 04:31:24.386  6667  6667 D AppInfoDashboard: Package change irrelevant, skipping
08-17 04:31:24.386  6667  6667 D AppInfoDashboard: Package change irrelevant, skipping
08-17 04:31:24.401  6667  6667 D AppInfoDashboard: Package change irrelevant, skipping
08-17 04:31:24.401  6667  6667 D AppInfoDashboard: Package change irrelevant, skipping
08-17 04:31:24.401  6667  6667 D AppInfoDashboard: Package change irrelevant, skipping
08-17 04:31:24.401  6667  6667 D AppInfoDashboard: Package change irrelevant, skipping
08-17 04:31:24.402  6667  6667 D AppInfoDashboard: Package change irrelevant, skipping
08-17 04:31:24.402  6667  6667 D AppInfoDashboard: Package change irrelevant, skipping
08-17 04:31:24.402  6667  6667 D AppInfoDashboard: Package change irrelevant, skipping
08-17 04:31:24.403  6667  6667 D AppInfoDashboard: Package change irrelevant, skipping
08-17 04:31:24.403  6667  6667 D AppInfoDashboard: Package change irrelevant, skipping
08-17 04:31:24.403  6667  6667 D AppInfoDashboard: Package change irrelevant, skipping
08-17 04:31:24.403  6667  6667 D AppInfoDashboard: Package change irrelevant, skipping
08-17 04:31:24.403  6667  6667 D AppInfoDashboard: Package change irrelevant, skipping
08-17 04:31:24.403  6667  6667 D AppInfoDashboard: Package change irrelevant, skipping
08-17 04:31:24.403  6667  6667 D AppInfoDashboard: Package change irrelevant, skipping
08-17 04:31:24.403  6667  6667 D AppInfoDashboard: Package change irrelevant, skipping
08-17 04:31:24.403  6667  6667 D AppInfoDashboard: Package change irrelevant, skipping
08-17 04:31:24.403  6667  6667 D AppInfoDashboard: Package change irrelevant, skipping
08-17 04:31:24.404  6667  6667 D AppInfoDashboard: Package change irrelevant, skipping
08-17 04:31:24.404  6667  6667 D AppInfoDashboard: Package change irrelevant, skipping
08-17 04:31:24.418  6667  6667 D AppInfoDashboard: Package change irrelevant, skipping
08-17 04:31:24.418  6667  6667 D AppInfoDashboard: Package change irrelevant, skipping
08-17 04:31:24.418  6667  6667 D AppInfoDashboard: Package change irrelevant, skipping
08-17 04:31:24.418  6667  6667 D AppInfoDashboard: Package change irrelevant, skipping
08-17 04:31:24.419  6667  6667 D AppInfoDashboard: Package change irrelevant, skipping
08-17 04:31:24.419  6667  6667 D AppInfoDashboard: Package change irrelevant, skipping
08-17 04:31:24.419  6667  6667 D AppInfoDashboard: Package change irrelevant, skipping
08-17 04:31:24.419  6667  6667 D AppInfoDashboard: Package change irrelevant, skipping
08-17 04:31:24.419  6667  6667 D AppInfoDashboard: Package change irrelevant, skipping
08-17 04:31:24.419  6667  6667 D AppInfoDashboard: Package change irrelevant, skipping
08-17 04:31:24.419  6667  6667 D AppInfoDashboard: Package change irrelevant, skipping
08-17 04:31:24.435  6667  6667 D AppInfoDashboard: Package change irrelevant, skipping
08-17 04:31:24.435  6667  6667 D AppInfoDashboard: Package change irrelevant, skipping
08-17 04:31:24.435  6667  6667 D AppInfoDashboard: Package change irrelevant, skipping
08-17 04:31:24.435  6667  6667 D AppInfoDashboard: Package change irrelevant, skipping
08-17 04:31:24.435  6667  6667 D AppInfoDashboard: Package change irrelevant, skipping
08-17 04:31:24.436  6667  6667 D AppInfoDashboard: Package change irrelevant, skipping
08-17 04:31:24.436  6667  6667 D AppInfoDashboard: Package change irrelevant, skipping
08-17 04:31:24.436  6667  6667 D AppInfoDashboard: Package change irrelevant, skipping
08-17 04:31:24.436  6667  6667 D AppInfoDashboard: Package change irrelevant, skipping
08-17 04:31:24.436  6667  6667 D AppInfoDashboard: Package change irrelevant, skipping
08-17 04:31:24.436  6667  6667 D AppInfoDashboard: Package change irrelevant, skipping
08-17 04:31:24.436  6667  6667 D AppInfoDashboard: Package change irrelevant, skipping
08-17 04:31:24.436  6667  6667 D AppInfoDashboard: Package change irrelevant, skipping
08-17 04:31:24.436  6667  6667 D AppInfoDashboard: Package change irrelevant, skipping
08-17 04:31:24.436  6667  6667 D AppInfoDashboard: Package change irrelevant, skipping
08-17 04:31:24.436  6667  6667 D AppInfoDashboard: Package change irrelevant, skipping
08-17 04:31:24.436  6667  6667 D AppInfoDashboard: Package change irrelevant, skipping
08-17 04:31:24.452  6667  6667 D AppInfoDashboard: Package change irrelevant, skipping
08-17 04:31:24.452  6667  6667 D AppInfoDashboard: Package change irrelevant, skipping
08-17 04:31:24.452  6667  6667 D AppInfoDashboard: Package change irrelevant, skipping
08-17 04:31:24.452  6667  6667 D AppInfoDashboard: Package change irrelevant, skipping
08-17 04:31:24.452  6667  6667 D AppInfoDashboard: Package change irrelevant, skipping
08-17 04:31:24.452  6667  6667 D AppInfoDashboard: Package change irrelevant, skipping
08-17 04:31:24.452  6667  6667 D AppInfoDashboard: Package change irrelevant, skipping
08-17 04:31:24.452  6667  6667 D AppInfoDashboard: Package change irrelevant, skipping
08-17 04:31:24.452  6667  6667 D AppInfoDashboard: Package change irrelevant, skipping
08-17 04:31:24.452  6667  6667 D AppInfoDashboard: Package change irrelevant, skipping
08-17 04:31:24.469  6667  6667 D AppInfoDashboard: Package change irrelevant, skipping
08-17 04:31:24.555  6667  6667 D CompatibilityChangeReporter: Compat change id reported: 179274888; UID 1000; state: LOGGED
08-17 04:31:24.740   572  2603 E UserRestrictionsUtils: Unknown restriction queried by uid 1000 (com.android.settings et al): com.core.superreflection
08-17 04:31:24.740  6667  6667 W SettingsMetricsFeature: action(Pair<Integer, Object>... taggedData) is deprecated, Use action(int, int, int, String, int) instead.
08-17 04:31:24.741   572   606 I DropBoxManagerService: add tag=system_server_wtf isTagEnabled=true flags=0x2
08-17 04:31:24.742   572  2603 I ActivityTaskManager: START u0 {act=android.intent.action.UNINSTALL_PACKAGE dat=package:com.core.superreflection cmp=com.google.android.packageinstaller/com.android.packageinstaller.UninstallerActivity (has extras)} from uid 1000
08-17 04:31:24.744   572  2603 D CompatibilityChangeReporter: Compat change id reported: 174042980; UID 10090; state: DISABLED
08-17 04:31:24.744   572  2603 D CompatibilityChangeReporter: Compat change id reported: 181136395; UID 10090; state: DISABLED
08-17 04:31:24.745   572  2603 D CompatibilityChangeReporter: Compat change id reported: 174042936; UID 10090; state: DISABLED
08-17 04:31:24.756   572  2603 W InputReader: Device virtio_input_multi_touch_7 is associated with display ADISPLAY_ID_NONE.
08-17 04:31:24.756   572  2603 W InputReader: Device virtio_input_multi_touch_10 is associated with display ADISPLAY_ID_NONE.
08-17 04:31:24.756   572  2603 W InputReader: Device virtio_input_multi_touch_11 is associated with display ADISPLAY_ID_NONE.
08-17 04:31:24.756   572  2603 W InputReader: Device virtio_input_multi_touch_3 is associated with display ADISPLAY_ID_NONE.
08-17 04:31:24.756   572  2603 W InputReader: Device virtio_input_multi_touch_2 is associated with display ADISPLAY_ID_NONE.
08-17 04:31:24.756   572  2603 W InputReader: Device virtio_input_multi_touch_8 is associated with display ADISPLAY_ID_NONE.
08-17 04:31:24.756   572  2603 W InputReader: Device virtio_input_multi_touch_4 is associated with display ADISPLAY_ID_NONE.
08-17 04:31:24.756   572  2603 W InputReader: Device virtio_input_multi_touch_9 is associated with display ADISPLAY_ID_NONE.
08-17 04:31:24.756   572  2603 W InputReader: Device virtio_input_multi_touch_5 is associated with display ADISPLAY_ID_NONE.
08-17 04:31:24.756   572  2603 W InputReader: Device virtio_input_multi_touch_6 is associated with display ADISPLAY_ID_NONE.
08-17 04:31:24.756   572  2603 W InputReader: Device virtio_input_multi_touch_7 is associated with display ADISPLAY_ID_NONE.
08-17 04:31:24.756   572  2603 W InputReader: Device virtio_input_multi_touch_10 is associated with display ADISPLAY_ID_NONE.
08-17 04:31:24.756   572  2603 W InputReader: Device virtio_input_multi_touch_11 is associated with display ADISPLAY_ID_NONE.
08-17 04:31:24.756   572  2603 W InputReader: Device virtio_input_multi_touch_3 is associated with display ADISPLAY_ID_NONE.
08-17 04:31:24.756   572  2603 W InputReader: Device virtio_input_multi_touch_2 is associated with display ADISPLAY_ID_NONE.
08-17 04:31:24.757   572  2603 W InputReader: Device virtio_input_multi_touch_8 is associated with display ADISPLAY_ID_NONE.
08-17 04:31:24.757   572  2603 W InputReader: Device virtio_input_multi_touch_4 is associated with display ADISPLAY_ID_NONE.
08-17 04:31:24.757   572  2603 W InputReader: Device virtio_input_multi_touch_9 is associated with display ADISPLAY_ID_NONE.
08-17 04:31:24.757   572  2603 W InputReader: Device virtio_input_multi_touch_5 is associated with display ADISPLAY_ID_NONE.
08-17 04:31:24.757   572  2603 W InputReader: Device virtio_input_multi_touch_6 is associated with display ADISPLAY_ID_NONE.
08-17 04:31:24.780  6498  6729 D libEGL  : loaded /vendor/lib64/egl/libEGL_emulation.so
08-17 04:31:24.787  6498  6729 D libEGL  : loaded /vendor/lib64/egl/libGLESv1_CM_emulation.so
08-17 04:31:24.790  6498  6729 D libEGL  : loaded /vendor/lib64/egl/libGLESv2_emulation.so
08-17 04:31:24.804  6498  6498 D CompatibilityChangeReporter: Compat change id reported: 171228096; UID 10090; state: ENABLED
08-17 04:31:24.826   572   599 D CompatibilityChangeReporter: Compat change id reported: 158002302; UID 10090; state: ENABLED
08-17 04:31:24.826   404   420 W ServiceManager: Permission failure: android.permission.ACCESS_SURFACE_FLINGER from uid=10090 pid=6498
08-17 04:31:24.826   404   420 D PermissionCache: checking android.permission.ACCESS_SURFACE_FLINGER for uid=10090 => denied (263 us)
08-17 04:31:24.827   404   420 W ServiceManager: Permission failure: android.permission.ROTATE_SURFACE_FLINGER from uid=10090 pid=6498
08-17 04:31:24.827   404   420 D PermissionCache: checking android.permission.ROTATE_SURFACE_FLINGER for uid=10090 => denied (391 us)
08-17 04:31:24.829  6498  6727 D HostConnection: createUnique: call
08-17 04:31:24.830  6498  6727 D HostConnection: HostConnection::get() New Host Connection established 0x791ea9853790, tid 6727
08-17 04:31:24.835  6498  6727 D HostConnection: HostComposition ext ANDROID_EMU_CHECKSUM_HELPER_v1 ANDROID_EMU_native_sync_v2 ANDROID_EMU_native_sync_v3 ANDROID_EMU_native_sync_v4 ANDROID_EMU_dma_v1 ANDROID_EMU_direct_mem ANDROID_EMU_host_composition_v1 ANDROID_EMU_host_composition_v2 ANDROID_EMU_YUV_Cache ANDROID_EMU_async_unmap_buffer ANDROID_EMU_has_shared_slots_host_memory_allocator ANDROID_EMU_sync_buffer_data GL_OES_EGL_image_external_essl3 GL_OES_vertex_array_object GL_KHR_texture_compression_astc_ldr ANDROID_EMU_host_side_tracing ANDROID_EMU_async_frame_commands ANDROID_EMU_gles_max_version_3_0 
08-17 04:31:24.836   193   193 I hwservicemanager: getTransport: Cannot find entry android.hardware.configstore@1.0::ISurfaceFlingerConfigs/default in either framework or device VINTF manifest.
08-17 04:31:24.837  6498  6727 W OpenGLRenderer: Failed to choose config with EGL_SWAP_BEHAVIOR_PRESERVED, retrying without...
08-17 04:31:24.837  6498  6727 W OpenGLRenderer: Failed to initialize 101010-2 format, error = EGL_SUCCESS
08-17 04:31:24.837  6498  6727 D EGL_emulation: eglCreateContext: 0x791eb9886630: maj 3 min 0 rcv 3
08-17 04:31:24.840  6498  6727 D EGL_emulation: eglMakeCurrent: 0x791eb9886630: ver 3 0 (tinfo 0x7920c4dda080) (first time)
08-17 04:31:24.846   404   420 E HWComposer: getSupportedContentTypes: getSupportedContentTypes failed for display 4619827259835644672: Unsupported (8)
08-17 04:31:24.847   193   193 I hwservicemanager: getTransport: Cannot find entry android.hardware.graphics.mapper@4.0::IMapper/default in either framework or device VINTF manifest.
08-17 04:31:24.847  6498  6727 I Gralloc4: mapper 4.x is not supported
08-17 04:31:24.848  6498  6727 D HostConnection: createUnique: call
08-17 04:31:24.848  6498  6727 D HostConnection: HostConnection::get() New Host Connection established 0x791ea9850610, tid 6727
08-17 04:31:24.849  6498  6727 D goldfish-address-space: allocate: Ask for block of size 0x100
08-17 04:31:24.849  6498  6727 D goldfish-address-space: allocate: ioctl allocate returned offset 0x3f3ffe000 size 0x2000
08-17 04:31:24.850   193   193 I hwservicemanager: getTransport: Cannot find entry android.hardware.graphics.allocator@4.0::IAllocator/default in either framework or device VINTF manifest.
08-17 04:31:24.850  6498  6727 W Gralloc4: allocator 4.x is not supported
08-17 04:31:24.851   362  2911 D goldfish-address-space: claimShared: Ask to claim region [0x3f4f68000 0x3f5298000]
08-17 04:31:24.862   400   717 D AF::TrackHandle: OpPlayAudio: track:55 usage:13 not muted
08-17 04:31:24.862   400   717 D AF::TrackHandle: OpPlayAudio: track:55 usage:13 not muted
08-17 04:31:24.862   400   717 D AF::TrackHandle: OpPlayAudio: track:55 usage:13 not muted
08-17 04:31:24.863   400   717 D AF::TrackHandle: OpPlayAudio: track:55 usage:13 not muted
08-17 04:31:24.863   400   717 D AF::TrackHandle: OpPlayAudio: track:55 usage:13 not muted
08-17 04:31:24.864   400   717 D AF::TrackHandle: OpPlayAudio: track:55 usage:13 not muted
08-17 04:31:24.864   400   504 D AF::TrackHandle: OpPlayAudio: track:55 usage:13 not muted
08-17 04:31:24.864  6498  6727 D HostConnection: HostComposition ext ANDROID_EMU_CHECKSUM_HELPER_v1 ANDROID_EMU_native_sync_v2 ANDROID_EMU_native_sync_v3 ANDROID_EMU_native_sync_v4 ANDROID_EMU_dma_v1 ANDROID_EMU_direct_mem ANDROID_EMU_host_composition_v1 ANDROID_EMU_host_composition_v2 ANDROID_EMU_YUV_Cache ANDROID_EMU_async_unmap_buffer ANDROID_EMU_has_shared_slots_host_memory_allocator ANDROID_EMU_sync_buffer_data GL_OES_EGL_image_external_essl3 GL_OES_vertex_array_object GL_KHR_texture_compression_astc_ldr ANDROID_EMU_host_side_tracing ANDROID_EMU_async_frame_commands ANDROID_EMU_gles_max_version_3_0 
08-17 04:31:24.865   400   504 D AF::TrackHandle: OpPlayAudio: track:55 usage:13 not muted
08-17 04:31:24.865   400   504 D AF::TrackHandle: OpPlayAudio: track:55 usage:13 not muted
08-17 04:31:24.865   400   504 D AF::TrackHandle: OpPlayAudio: track:55 usage:13 not muted
08-17 04:31:24.865   362  2911 D goldfish-address-space: claimShared: Ask to claim region [0x3f5298000 0x3f55c8000]
08-17 04:31:24.865   400   504 D AF::TrackHandle: OpPlayAudio: track:55 usage:13 not muted
08-17 04:31:24.866   400   504 D AF::TrackHandle: OpPlayAudio: track:55 usage:13 not muted
08-17 04:31:24.866   400   504 D AF::TrackHandle: OpPlayAudio: track:55 usage:13 not muted
08-17 04:31:24.866   400   504 D AF::TrackHandle: OpPlayAudio: track:55 usage:13 not muted
08-17 04:31:24.867   400   504 D AF::TrackHandle: OpPlayAudio: track:55 usage:13 not muted
08-17 04:31:24.867   400   504 D AF::TrackHandle: OpPlayAudio: track:55 usage:13 not muted
08-17 04:31:24.868   362  2911 D goldfish-address-space: claimShared: Ask to claim region [0x3f55c8000 0x3f58f8000]
08-17 04:31:24.911   362  2911 D goldfish-address-space: claimShared: Ask to claim region [0x3f7dea000 0x3f7f20000]
08-17 04:31:24.913   362  2911 D goldfish-address-space: claimShared: Ask to claim region [0x3f785e000 0x3f7994000]
08-17 04:31:24.914   362  2911 D goldfish-address-space: claimShared: Ask to claim region [0x3f7994000 0x3f7aca000]
08-17 04:31:24.926   572   605 I ActivityTaskManager: Displayed com.google.android.packageinstaller/com.android.packageinstaller.UninstallerActivity: +175ms
08-17 04:31:24.937   762   833 D EGL_emulation: app_time_stats: avg=793.26ms min=10.50ms max=7012.98ms count=9
08-17 04:31:24.939   762   833 D EGL_emulation: app_time_stats: avg=56.63ms min=8.18ms max=1235.55ms count=30
08-17 04:31:24.940   362  2911 D goldfish-address-space: claimShared: Ask to claim region [0x3f5298000 0x3f55c8000]
08-17 04:31:24.945   362  2911 D goldfish-address-space: claimShared: Ask to claim region [0x3f58f8000 0x3f5c28000]
08-17 04:31:24.953   362  2911 D goldfish-address-space: claimShared: Ask to claim region [0x3f785e000 0x3f7994000]
08-17 04:31:24.958   362  2911 D goldfish-address-space: claimShared: Ask to claim region [0x3f7994000 0x3f7aca000]
08-17 04:31:24.963   362  2911 D goldfish-address-space: claimShared: Ask to claim region [0x3f4f68000 0x3f5298000]
08-17 04:31:25.221  6667  6688 D EGL_emulation: app_time_stats: avg=11.25ms min=1.47ms max=197.55ms count=51
08-17 04:31:25.671  6498  6498 D CompatibilityChangeReporter: Compat change id reported: 179274888; UID 10090; state: LOGGED
08-17 04:31:25.859   572   882 I ActivityTaskManager: START u0 {flg=0x2000000 cmp=com.google.android.packageinstaller/com.android.packageinstaller.UninstallUninstalling (has extras)} from uid 10090
08-17 04:31:25.869  6498  6727 D OpenGLRenderer: endAllActiveAnimators on 0x791f29867630 (RippleDrawable) with handle 0x791e398a4c60
08-17 04:31:25.870   572   882 W InputManager-JNI: Input channel object '77508d2 com.google.android.packageinstaller/com.android.packageinstaller.UninstallerActivity (client)' was disposed without first being removed with the input manager!
08-17 04:31:25.875   572  2603 W ActivityTaskManager: Tried to set launchTime (0) < mLastActivityLaunchTime (3259773)
08-17 04:31:25.875   572  2603 W InputReader: Device virtio_input_multi_touch_7 is associated with display ADISPLAY_ID_NONE.
08-17 04:31:25.875   572  2603 W InputReader: Device virtio_input_multi_touch_10 is associated with display ADISPLAY_ID_NONE.
08-17 04:31:25.875   572  2603 W InputReader: Device virtio_input_multi_touch_11 is associated with display ADISPLAY_ID_NONE.
08-17 04:31:25.875   572  2603 W InputReader: Device virtio_input_multi_touch_3 is associated with display ADISPLAY_ID_NONE.
08-17 04:31:25.875   572  2603 W InputReader: Device virtio_input_multi_touch_2 is associated with display ADISPLAY_ID_NONE.
08-17 04:31:25.875   572  2603 W InputReader: Device virtio_input_multi_touch_8 is associated with display ADISPLAY_ID_NONE.
08-17 04:31:25.875   572  2603 W InputReader: Device virtio_input_multi_touch_4 is associated with display ADISPLAY_ID_NONE.
08-17 04:31:25.875   572  2603 W InputReader: Device virtio_input_multi_touch_9 is associated with display ADISPLAY_ID_NONE.
08-17 04:31:25.875   572  2603 W InputReader: Device virtio_input_multi_touch_5 is associated with display ADISPLAY_ID_NONE.
08-17 04:31:25.875   572  2603 W InputReader: Device virtio_input_multi_touch_6 is associated with display ADISPLAY_ID_NONE.
08-17 04:31:25.875   572  2603 W InputReader: Device virtio_input_multi_touch_7 is associated with display ADISPLAY_ID_NONE.
08-17 04:31:25.875   572  2603 W InputReader: Device virtio_input_multi_touch_10 is associated with display ADISPLAY_ID_NONE.
08-17 04:31:25.875   572  2603 W InputReader: Device virtio_input_multi_touch_11 is associated with display ADISPLAY_ID_NONE.
08-17 04:31:25.875   572  2603 W InputReader: Device virtio_input_multi_touch_3 is associated with display ADISPLAY_ID_NONE.
08-17 04:31:25.875   572  2603 W InputReader: Device virtio_input_multi_touch_2 is associated with display ADISPLAY_ID_NONE.
08-17 04:31:25.875   572  2603 W InputReader: Device virtio_input_multi_touch_8 is associated with display ADISPLAY_ID_NONE.
08-17 04:31:25.875   572  2603 W InputReader: Device virtio_input_multi_touch_4 is associated with display ADISPLAY_ID_NONE.
08-17 04:31:25.875   572  2603 W InputReader: Device virtio_input_multi_touch_9 is associated with display ADISPLAY_ID_NONE.
08-17 04:31:25.875   572  2603 W InputReader: Device virtio_input_multi_touch_5 is associated with display ADISPLAY_ID_NONE.
08-17 04:31:25.875   572  2603 W InputReader: Device virtio_input_multi_touch_6 is associated with display ADISPLAY_ID_NONE.
08-17 04:31:25.887  6498  6498 D CompatibilityChangeReporter: Compat change id reported: 160794467; UID 10090; state: ENABLED
08-17 04:31:25.891   572   606 I ActivityManager: Force stopping com.core.superreflection appid=10178 user=0: deletePackageX
08-17 04:31:25.945   572   599 D CompatibilityChangeReporter: Compat change id reported: 158002302; UID 1000; state: ENABLED
08-17 04:31:25.951   572   627 D PackageManager: Instant App installer not found with android.intent.action.INSTALL_INSTANT_APP_PACKAGE
08-17 04:31:25.951   572   627 D PackageManager: Clear ephemeral installer activity
08-17 04:31:25.957   362  2911 D goldfish-address-space: claimShared: Ask to claim region [0x3f5c28000 0x3f5e18000]
08-17 04:31:25.964   362  2911 D goldfish-address-space: claimShared: Ask to claim region [0x3f5e18000 0x3f6008000]
08-17 04:31:25.966   362   385 D goldfish-address-space: claimShared: Ask to claim region [0x3f6008000 0x3f61f8000]
08-17 04:31:25.976   362   385 D goldfish-address-space: claimShared: Ask to claim region [0x3f61f8000 0x3f632e000]
08-17 04:31:25.978   362  2911 D goldfish-address-space: claimShared: Ask to claim region [0x3f632e000 0x3f6464000]
08-17 04:31:25.981   362  2911 D goldfish-address-space: claimShared: Ask to claim region [0x3f55c8000 0x3f56fe000]
08-17 04:31:25.987   572   605 I ActivityTaskManager: Displayed com.google.android.packageinstaller/com.android.packageinstaller.UninstallUninstalling: +125ms
08-17 04:31:25.991   362  2911 D goldfish-address-space: claimShared: Ask to claim region [0x3f5e18000 0x3f6008000]
08-17 04:31:25.994   400   504 D AF::TrackHandle: OpPlayAudio: track:55 usage:13 not muted
08-17 04:31:25.995   400   504 D AF::TrackHandle: OpPlayAudio: track:55 usage:13 not muted
08-17 04:31:25.995   400   504 D AF::TrackHandle: OpPlayAudio: track:55 usage:13 not muted
08-17 04:31:25.995   400   504 D AF::TrackHandle: OpPlayAudio: track:55 usage:13 not muted
08-17 04:31:25.995   400   504 D AF::TrackHandle: OpPlayAudio: track:55 usage:13 not muted
08-17 04:31:25.996   400   504 D AF::TrackHandle: OpPlayAudio: track:55 usage:13 not muted
08-17 04:31:25.996   400   504 D AF::TrackHandle: OpPlayAudio: track:55 usage:13 not muted
08-17 04:31:25.996   400   504 D AF::TrackHandle: OpPlayAudio: track:55 usage:13 not muted
08-17 04:31:25.996   400   504 D AF::TrackHandle: OpPlayAudio: track:55 usage:13 not muted
08-17 04:31:25.996   362  2911 D goldfish-address-space: claimShared: Ask to claim region [0x3f6008000 0x3f61f8000]
08-17 04:31:25.996   400  6591 D AF::TrackHandle: OpPlayAudio: track:55 usage:13 not muted
08-17 04:31:25.997   400  6591 D AF::TrackHandle: OpPlayAudio: track:55 usage:13 not muted
08-17 04:31:25.997   400  6591 D AF::TrackHandle: OpPlayAudio: track:55 usage:13 not muted
08-17 04:31:25.998   400  6591 D AF::TrackHandle: OpPlayAudio: track:55 usage:13 not muted
08-17 04:31:25.998   400  6591 D AF::TrackHandle: OpPlayAudio: track:55 usage:13 not muted
08-17 04:31:25.998   400  6591 D AF::TrackHandle: OpPlayAudio: track:55 usage:13 not muted
08-17 04:31:25.999   400  6591 D AF::TrackHandle: OpPlayAudio: track:55 usage:13 not muted
08-17 04:31:26.006   762   833 D EGL_emulation: app_time_stats: avg=118.69ms min=15.65ms max=932.59ms count=9
08-17 04:31:26.006   362  2911 D goldfish-address-space: claimShared: Ask to claim region [0x3f7dea000 0x3f7f20000]
08-17 04:31:26.007   762   833 D EGL_emulation: app_time_stats: avg=118.64ms min=13.97ms max=932.80ms count=9
08-17 04:31:26.011   362  2911 D goldfish-address-space: claimShared: Ask to claim region [0x3f632e000 0x3f6464000]
08-17 04:31:26.019   362  2911 D goldfish-address-space: claimShared: Ask to claim region [0x3f55c8000 0x3f57b8000]
08-17 04:31:26.027   572  2603 W InputManager-JNI: Input channel object 'f4ca515 com.google.android.packageinstaller/com.android.packageinstaller.UninstallerActivity (client)' was disposed without first being removed with the input manager!
08-17 04:31:26.034   404   404 E ClientCache: failed to get buffer, invalid buffer id
08-17 04:31:26.034   404   404 E ClientCache: failed to register erased recipient, could not retrieve buffer
08-17 04:31:26.061   572   627 I system_server: Explicit concurrent copying GC freed 250867(14MB) AllocSpace objects, 31(3224KB) LOS objects, 50% free, 16MB/33MB, paused 353us total 108.618ms
08-17 04:31:26.066   572   627 I ActivityManager: Force stopping com.core.superreflection appid=10178 user=0: pkg removed
08-17 04:31:26.067   362  2911 D goldfish-address-space: claimShared: Ask to claim region [0x3f57b8000 0x3f5dbb000]
08-17 04:31:26.081   572   882 W InputReader: Device virtio_input_multi_touch_7 is associated with display ADISPLAY_ID_NONE.
08-17 04:31:26.081   572   882 W InputReader: Device virtio_input_multi_touch_10 is associated with display ADISPLAY_ID_NONE.
08-17 04:31:26.081   572   882 W InputReader: Device virtio_input_multi_touch_11 is associated with display ADISPLAY_ID_NONE.
08-17 04:31:26.081   572   882 W InputReader: Device virtio_input_multi_touch_3 is associated with display ADISPLAY_ID_NONE.
08-17 04:31:26.081   572   882 W InputReader: Device virtio_input_multi_touch_2 is associated with display ADISPLAY_ID_NONE.
08-17 04:31:26.082   572   882 W InputReader: Device virtio_input_multi_touch_8 is associated with display ADISPLAY_ID_NONE.
08-17 04:31:26.082   572   882 W InputReader: Device virtio_input_multi_touch_4 is associated with display ADISPLAY_ID_NONE.
08-17 04:31:26.082   572   882 W InputReader: Device virtio_input_multi_touch_9 is associated with display ADISPLAY_ID_NONE.
08-17 04:31:26.082   572   882 W InputReader: Device virtio_input_multi_touch_5 is associated with display ADISPLAY_ID_NONE.
08-17 04:31:26.082   572   882 W InputReader: Device virtio_input_multi_touch_6 is associated with display ADISPLAY_ID_NONE.
08-17 04:31:26.082   572   882 W InputReader: Device virtio_input_multi_touch_7 is associated with display ADISPLAY_ID_NONE.
08-17 04:31:26.083   572   882 W InputReader: Device virtio_input_multi_touch_10 is associated with display ADISPLAY_ID_NONE.
08-17 04:31:26.083   572   882 W InputReader: Device virtio_input_multi_touch_11 is associated with display ADISPLAY_ID_NONE.
08-17 04:31:26.083   572   882 W InputReader: Device virtio_input_multi_touch_3 is associated with display ADISPLAY_ID_NONE.
08-17 04:31:26.083   572   882 W InputReader: Device virtio_input_multi_touch_2 is associated with display ADISPLAY_ID_NONE.
08-17 04:31:26.083   572   882 W InputReader: Device virtio_input_multi_touch_8 is associated with display ADISPLAY_ID_NONE.
08-17 04:31:26.084   572   882 W InputReader: Device virtio_input_multi_touch_4 is associated with display ADISPLAY_ID_NONE.
08-17 04:31:26.084   572   882 W InputReader: Device virtio_input_multi_touch_9 is associated with display ADISPLAY_ID_NONE.
08-17 04:31:26.084   572   882 W InputReader: Device virtio_input_multi_touch_5 is associated with display ADISPLAY_ID_NONE.
08-17 04:31:26.084   572   882 W InputReader: Device virtio_input_multi_touch_6 is associated with display ADISPLAY_ID_NONE.
08-17 04:31:26.088  6667  6667 E AppButtonsPrefCtl: Exception when retrieving package:com.core.superreflection
08-17 04:31:26.088  6667  6667 E AppButtonsPrefCtl: android.content.pm.PackageManager$NameNotFoundException: com.core.superreflection
08-17 04:31:26.088  6667  6667 E AppButtonsPrefCtl: 	at android.app.ApplicationPackageManager.getPackageInfoAsUser(ApplicationPackageManager.java:237)
08-17 04:31:26.088  6667  6667 E AppButtonsPrefCtl: 	at android.app.ApplicationPackageManager.getPackageInfo(ApplicationPackageManager.java:209)
08-17 04:31:26.088  6667  6667 E AppButtonsPrefCtl: 	at com.android.settings.applications.appinfo.AppButtonsPreferenceController.retrieveAppEntry(AppButtonsPreferenceController.java:361)
08-17 04:31:26.088  6667  6667 E AppButtonsPrefCtl: 	at com.android.settings.applications.appinfo.AppButtonsPreferenceController.refreshUi(AppButtonsPreferenceController.java:649)
08-17 04:31:26.088  6667  6667 E AppButtonsPrefCtl: 	at com.android.settings.applications.appinfo.AppButtonsPreferenceController.refreshAndFinishIfPossible(AppButtonsPreferenceController.java:497)
08-17 04:31:26.088  6667  6667 E AppButtonsPrefCtl: 	at com.android.settings.applications.appinfo.AppButtonsPreferenceController.handleActivityResult(AppButtonsPreferenceController.java:289)
08-17 04:31:26.088  6667  6667 E AppButtonsPrefCtl: 	at com.android.settings.applications.appinfo.AppInfoDashboardFragment.onActivityResult(AppInfoDashboardFragment.java:428)
08-17 04:31:26.088  6667  6667 E AppButtonsPrefCtl: 	at androidx.fragment.app.FragmentManager$9.onActivityResult(FragmentManager.java:3011)
08-17 04:31:26.088  6667  6667 E AppButtonsPrefCtl: 	at androidx.fragment.app.FragmentManager$9.onActivityResult(FragmentManager.java:2991)
08-17 04:31:26.088  6667  6667 E AppButtonsPrefCtl: 	at androidx.activity.result.ActivityResultRegistry.doDispatch(ActivityResultRegistry.java:362)
08-17 04:31:26.088  6667  6667 E AppButtonsPrefCtl: 	at androidx.activity.result.ActivityResultRegistry.dispatchResult(ActivityResultRegistry.java:322)
08-17 04:31:26.088  6667  6667 E AppButtonsPrefCtl: 	at androidx.activity.ComponentActivity.onActivityResult(ComponentActivity.java:634)
08-17 04:31:26.088  6667  6667 E AppButtonsPrefCtl: 	at androidx.fragment.app.FragmentActivity.onActivityResult(FragmentActivity.java:164)
08-17 04:31:26.088  6667  6667 E AppButtonsPrefCtl: 	at com.android.settings.SettingsActivity.onActivityResult(SettingsActivity.java:374)
08-17 04:31:26.088  6667  6667 E AppButtonsPrefCtl: 	at android.app.Activity.dispatchActivityResult(Activity.java:8337)
08-17 04:31:26.088  6667  6667 E AppButtonsPrefCtl: 	at android.app.ActivityThread.deliverResults(ActivityThread.java:5179)
08-17 04:31:26.088  6667  6667 E AppButtonsPrefCtl: 	at android.app.ActivityThread.handleSendResult(ActivityThread.java:5225)
08-17 04:31:26.088  6667  6667 E AppButtonsPrefCtl: 	at android.app.servertransaction.ActivityResultItem.execute(ActivityResultItem.java:54)
08-17 04:31:26.088  6667  6667 E AppButtonsPrefCtl: 	at android.app.servertransaction.ActivityTransactionItem.execute(ActivityTransactionItem.java:45)
08-17 04:31:26.088  6667  6667 E AppButtonsPrefCtl: 	at android.app.servertransaction.TransactionExecutor.executeCallbacks(TransactionExecutor.java:135)
08-17 04:31:26.088  6667  6667 E AppButtonsPrefCtl: 	at android.app.servertransaction.TransactionExecutor.execute(TransactionExecutor.java:95)
08-17 04:31:26.088  6667  6667 E AppButtonsPrefCtl: 	at android.app.ActivityThread$H.handleMessage(ActivityThread.java:2167)
08-17 04:31:26.088  6667  6667 E AppButtonsPrefCtl: 	at android.os.Handler.dispatchMessage(Handler.java:106)
08-17 04:31:26.088  6667  6667 E AppButtonsPrefCtl: 	at android.os.Looper.loopOnce(Looper.java:201)
08-17 04:31:26.088  6667  6667 E AppButtonsPrefCtl: 	at android.os.Looper.loop(Looper.java:288)
08-17 04:31:26.088  6667  6667 E AppButtonsPrefCtl: 	at android.app.ActivityThread.main(ActivityThread.java:7727)
08-17 04:31:26.088  6667  6667 E AppButtonsPrefCtl: 	at java.lang.reflect.Method.invoke(Native Method)
08-17 04:31:26.088  6667  6667 E AppButtonsPrefCtl: 	at com.android.internal.os.RuntimeInit$MethodAndArgsCaller.run(RuntimeInit.java:548)
08-17 04:31:26.088  6667  6667 E AppButtonsPrefCtl: 	at com.android.internal.os.ZygoteInit.main(ZygoteInit.java:975)
08-17 04:31:26.109   572   882 W InputReader: Device virtio_input_multi_touch_7 is associated with display ADISPLAY_ID_NONE.
08-17 04:31:26.109   572   882 W InputReader: Device virtio_input_multi_touch_10 is associated with display ADISPLAY_ID_NONE.
08-17 04:31:26.109   572   882 W InputReader: Device virtio_input_multi_touch_11 is associated with display ADISPLAY_ID_NONE.
08-17 04:31:26.109   572   882 W InputReader: Device virtio_input_multi_touch_3 is associated with display ADISPLAY_ID_NONE.
08-17 04:31:26.109   572   882 W InputReader: Device virtio_input_multi_touch_2 is associated with display ADISPLAY_ID_NONE.
08-17 04:31:26.109   572   882 W InputReader: Device virtio_input_multi_touch_8 is associated with display ADISPLAY_ID_NONE.
08-17 04:31:26.109   572   882 W InputReader: Device virtio_input_multi_touch_4 is associated with display ADISPLAY_ID_NONE.
08-17 04:31:26.109   572   882 W InputReader: Device virtio_input_multi_touch_9 is associated with display ADISPLAY_ID_NONE.
08-17 04:31:26.109   572   882 W InputReader: Device virtio_input_multi_touch_5 is associated with display ADISPLAY_ID_NONE.
08-17 04:31:26.109   572   882 W InputReader: Device virtio_input_multi_touch_6 is associated with display ADISPLAY_ID_NONE.
08-17 04:31:26.109   572   882 W InputReader: Device virtio_input_multi_touch_7 is associated with display ADISPLAY_ID_NONE.
08-17 04:31:26.109   572   882 W InputReader: Device virtio_input_multi_touch_10 is associated with display ADISPLAY_ID_NONE.
08-17 04:31:26.109   572   882 W InputReader: Device virtio_input_multi_touch_11 is associated with display ADISPLAY_ID_NONE.
08-17 04:31:26.109   572   882 W InputReader: Device virtio_input_multi_touch_3 is associated with display ADISPLAY_ID_NONE.
08-17 04:31:26.109   572   882 W InputReader: Device virtio_input_multi_touch_2 is associated with display ADISPLAY_ID_NONE.
08-17 04:31:26.110   572   882 W InputReader: Device virtio_input_multi_touch_8 is associated with display ADISPLAY_ID_NONE.
08-17 04:31:26.110   572   882 W InputReader: Device virtio_input_multi_touch_4 is associated with display ADISPLAY_ID_NONE.
08-17 04:31:26.110   572   882 W InputReader: Device virtio_input_multi_touch_9 is associated with display ADISPLAY_ID_NONE.
08-17 04:31:26.110   572   882 W InputReader: Device virtio_input_multi_touch_5 is associated with display ADISPLAY_ID_NONE.
08-17 04:31:26.110   572   882 W InputReader: Device virtio_input_multi_touch_6 is associated with display ADISPLAY_ID_NONE.
08-17 04:31:26.141   362  2911 D goldfish-address-space: claimShared: Ask to claim region [0x3f8000000 0x3f8965000]
08-17 04:31:26.145   916   929 W System  : A resource failed to call close. 
08-17 04:31:26.147   916   929 W System  : A resource failed to call close. 
08-17 04:31:26.149   362   385 D goldfish-address-space: claimShared: Ask to claim region [0x3f8965000 0x3f92ca000]
08-17 04:31:26.157   362   385 D goldfish-address-space: claimShared: Ask to claim region [0x3f92ca000 0x3f9c2f000]
08-17 04:31:26.164   916   916 D AllAppsContainerView: onDraw at = 1629145886164
08-17 04:31:26.167   572  2600 W ActivityManager: Unable to start service Intent { act=android.service.appprediction.AppPredictionService cmp=com.google.android.as/com.google.android.apps.miphone.aiai.app.AiAiPredictionService } U=0: not found
08-17 04:31:26.169   572  2599 W InputManager-JNI: Input channel object '2d7bb8a com.google.android.packageinstaller/com.android.packageinstaller.UninstallUninstalling (client)' was disposed without first being removed with the input manager!
08-17 04:31:26.170   572  2600 W RemoteAppPredictionService: could not bind to Intent { act=android.service.appprediction.AppPredictionService cmp=com.google.android.as/com.google.android.apps.miphone.aiai.app.AiAiPredictionService } using flags 67112961
08-17 04:31:26.171   572   846 W InputManager-JNI: Input channel object '27f64a9 com.google.android.packageinstaller/com.android.packageinstaller.UninstallUninstalling (client)' was disposed without first being removed with the input manager!
08-17 04:31:26.177   572   595 D CompanionDeviceManagerService: onPackageRemoved(packageName = com.core.superreflection, uid = 10178)
08-17 04:31:26.177   572   595 I CompanionDeviceManagerService: Updating associations: []  -->  []
08-17 04:31:26.178  1472  1472 I MediaProvider: Invalidating LocalCallingIdentity cache for package com.core.superreflection. Reason: package android.intent.action.PACKAGE_REMOVED
08-17 04:31:26.179   572   672 V StorageManagerService: Package com.core.superreflection does not have legacy storage
08-17 04:31:26.184   404   404 E ClientCache: failed to get buffer, invalid buffer id
08-17 04:31:26.184   404   404 E ClientCache: failed to register erased recipient, could not retrieve buffer
08-17 04:31:26.184   404   404 E ClientCache: failed to get buffer, invalid buffer id
08-17 04:31:26.184   404   404 E ClientCache: failed to register erased recipient, could not retrieve buffer
08-17 04:31:26.185   746   746 V MediaPlayerList: mPackageChangedBroadcastReceiver: action: android.intent.action.PACKAGE_REMOVED
08-17 04:31:26.185  2862  2862 I GsaVoiceInteractionSrv: O received Intent { act=android.intent.action.PACKAGE_REMOVED dat=package:com.core.superreflection flg=0x4000010 (has extras) }
08-17 04:31:26.192   780   824 W LightPackageInfoLiveData: Package "com.core.superreflection" not found
08-17 04:31:26.192   572   846 W ActivityTaskManager: Finishing task with all activities already finished
08-17 04:31:26.192   572   846 W ActivityTaskManager: Duplicate finish request for r=ActivityRecord{47e7f79 u0 com.android.settings/.applications.InstalledAppDetails t17 f}}
08-17 04:31:26.194   762   772 I ndroid.systemu: NativeAlloc concurrent copying GC freed 22084(979KB) AllocSpace objects, 4(80KB) LOS objects, 49% free, 9653KB/18MB, paused 95us total 115.676ms
08-17 04:31:26.198   572   606 W BroadcastQueue: Background execution not allowed: receiving Intent { act=android.intent.action.PACKAGE_REMOVED dat=package:com.core.superreflection flg=0x4000010 (has extras) } to com.android.musicfx/.Compatibility$Receiver
08-17 04:31:26.199   572   606 W BroadcastQueue: Background execution not allowed: receiving Intent { act=android.intent.action.PACKAGE_REMOVED dat=package:com.core.superreflection flg=0x4000010 (has extras) } to com.google.android.apps.maps/com.google.android.libraries.social.peoplekit.thirdparty.viewcontrollers.ThirdPartyReceiver
08-17 04:31:26.199   572   606 W BroadcastQueue: Background execution not allowed: receiving Intent { act=android.intent.action.PACKAGE_REMOVED dat=package:com.core.superreflection flg=0x4000010 (has extras) } to com.google.android.apps.photos/com.google.android.libraries.social.peoplekit.thirdparty.viewcontrollers.ThirdPartyReceiver
08-17 04:31:26.199   572   606 W BroadcastQueue: Background execution not allowed: receiving Intent { act=android.intent.action.PACKAGE_REMOVED dat=package:com.core.superreflection flg=0x4000010 (has extras) } to com.google.android.gms/.games.chimera.GamesSystemBroadcastReceiverProxy
08-17 04:31:26.199   572   606 W BroadcastQueue: Background execution not allowed: receiving Intent { act=android.intent.action.PACKAGE_REMOVED dat=package:com.core.superreflection flg=0x4000010 (has extras) } to com.google.android.gms/.chimera.GmsIntentOperationService$PersistentTrustedReceiver
08-17 04:31:26.200   572   606 W BroadcastQueue: Background execution not allowed: receiving Intent { act=android.intent.action.PACKAGE_REMOVED dat=package:com.core.superreflection flg=0x4000010 (has extras) } to com.google.android.googlequicksearchbox/com.google.android.apps.gsa.googlequicksearchbox.GelStubAppWatcher
08-17 04:31:26.205  1334  1334 I GoogleInputMethodService: GoogleInputMethodService.onFinishInput():3341 
08-17 04:31:26.205  1334  1334 I GoogleInputMethodService: GoogleInputMethodService.onStartInput():1906 
08-17 04:31:26.208   572  2600 W ActivityManager: Unable to start service Intent { act=android.service.appprediction.AppPredictionService cmp=com.google.android.as/com.google.android.apps.miphone.aiai.app.AiAiPredictionService } U=0: not found
08-17 04:31:26.208   572  2600 W RemoteAppPredictionService: could not bind to Intent { act=android.service.appprediction.AppPredictionService cmp=com.google.android.as/com.google.android.apps.miphone.aiai.app.AiAiPredictionService } using flags 67112961
08-17 04:31:26.212   572   653 I RollbackManager: broadcast=ACTION_PACKAGE_FULLY_REMOVED pkg=com.core.superreflection
08-17 04:31:26.212   572   606 D CompatibilityChangeReporter: Compat change id reported: 135634846; UID 10156; state: DISABLED
08-17 04:31:26.213   572   607 D CompatibilityChangeReporter: Compat change id reported: 143937733; UID 10156; state: ENABLED
